 parsertc50

 Timestamp is 5684c3bd (Thu Dec 31 13:57:17 2015)

 Preferred load address is 130d0000

 Start         Length     Name                   Class
 0001:00000000 00096d0fH .text                   CODE
 0001:00096d10 00001233H .text$x                 CODE
 0001:00097f50 00001023H .text$yc                CODE
 0001:00098f80 0000103aH .text$yd                CODE
 0002:00000000 00000104H .CRT$XCA                DATA
 0002:00000104 00000104H .CRT$XCC                DATA
 0002:00000208 00000104H .CRT$XCZ                DATA
 0002:0000030c 00000104H .CRT$XIA                DATA
 0002:00000410 00000118H .CRT$XIC                DATA
 0002:00000528 00000104H .CRT$XIZ                DATA
 0002:0000062c 00000104H .CRT$XPA                DATA
 0002:00000730 00000109H .CRT$XPX                DATA
 0002:0000083c 00000104H .CRT$XPXA               DATA
 0002:00000940 00000104H .CRT$XPZ                DATA
 0002:00000a44 00000104H .CRT$XTA                DATA
 0002:00000b48 00000104H .CRT$XTZ                DATA
 0002:00000c50 00025451H .rdata                  DATA
 0002:000260a4 00000179H .rdata$debug            DATA
 0002:00026220 000006b8H .rdata$r                DATA
 0002:000268e0 00000148H .rdata$sxdata           DATA
 0002:00026a28 00000104H .rtc$IAA                DATA
 0002:00026b2c 0000014cH .rtc$IMZ                DATA
 0002:00026c78 00000104H .rtc$IZZ                DATA
 0002:00026d7c 00000104H .rtc$TAA                DATA
 0002:00026e80 0000014cH .rtc$TMZ                DATA
 0002:00026fcc 00000104H .rtc$TZZ                DATA
 0002:000270d0 0000151eH .xdata$x                DATA
 0002:000285f0 00000168H .edata                  DATA
 0003:00000000 00008401H .data                   DATA
 0003:00008420 000021b0H .bss                    DATA
 0004:00000000 00000028H .idata$2                DATA
 0004:00000028 00000014H .idata$3                DATA
 0004:0000003c 000002b8H .idata$4                DATA
 0004:000002f4 000002b8H .idata$5                DATA
 0004:000005ac 00000c4fH .idata$6                DATA
 0005:00000000 00000169H .rsrc$01                DATA
 0005:00000170 000001b6H .rsrc$02                DATA

  Address         Publics by Value              Rva+Base       Lib:Object

 0000:00000000       __except_list              00000000     <absolute>
 0000:0000000f       ___safe_se_handler_count   0000000f     <absolute>
 0000:00000000       ___ImageBase               130d0000     <linker-defined>
 0001:000001c0       ?Release@ModuleImpl@aggregator@tls@@UAEXXZ 130d11c0 f   module_impl.obj
 0001:00000230       ??_GModuleImpl@aggregator@tls@@QAEPAXI@Z 130d1230 f i module_impl.obj
 0001:00000280       ?Init@ModuleImpl@aggregator@tls@@UAE?AW4rc_e@@PAUIAggregatorBase@23@@Z 130d1280 f   module_impl.obj
 0001:00000450       ?GetThreadNum@ParserTC50@aggregator@tls@@QBEIXZ 130d1450 f i module_impl.obj
 0001:00000480       ?DeInit@ModuleImpl@aggregator@tls@@UAEXXZ 130d1480 f   module_impl.obj
 0001:00000590       ?TickProc@ModuleImpl@aggregator@tls@@UAEXI@Z 130d1590 f   module_impl.obj
 0001:00000620       ?CheckPoint@ModuleImpl@aggregator@tls@@UAEXXZ 130d1620 f   module_impl.obj
 0001:00000680       ??0ModuleImpl@aggregator@tls@@QAE@XZ 130d1680 f   module_impl.obj
 0001:00000720       ?GetName@ModuleImpl@aggregator@tls@@UBEPBDXZ 130d1720 f i module_impl.obj
 0001:00000750       ?GetName@ParserTC50@aggregator@tls@@SAPBDXZ 130d1750 f i module_impl.obj
 0001:00000760       ?NeedMoreThread@ModuleImpl@aggregator@tls@@UBEIXZ 130d1760 f i module_impl.obj
 0001:00000790       ??0IModule@aggregator@tls@@QAE@XZ 130d1790 f i module_impl.obj
 0001:000007c0       ??1ModuleImpl@aggregator@tls@@QAE@XZ 130d17c0 f   module_impl.obj
 0001:00000810       ?Module_CreateInstance@aggregator@tls@@YAPAUIModule@12@XZ 130d1810 f   module_impl.obj
 0001:00000880       ?Release@WtDict2@aggregator@tls@@UAEXXZ 130d1880 f   parse_wtcom.obj
 0001:000008f0       ??_GWtDict2@aggregator@tls@@QAEPAXI@Z 130d18f0 f i parse_wtcom.obj
 0001:00000940       ?GetVersion@WtDict2@aggregator@tls@@UAEIXZ 130d1940 f   parse_wtcom.obj
 0001:00000990       ?isValid@WtDict2@aggregator@tls@@UAEIXZ 130d1990 f   parse_wtcom.obj
 0001:00000a10       ?Load@WtDict2@aggregator@tls@@UAEIPBEI@Z 130d1a10 f   parse_wtcom.obj
 0001:00000aa0       ?GetDict@WtDict2@aggregator@tls@@UBEPAXXZ 130d1aa0 f   parse_wtcom.obj
 0001:00000ac0       ??0WtDict2@aggregator@tls@@QAE@PBEI@Z 130d1ac0 f   parse_wtcom.obj
 0001:00000b40       ??0IDictIX@aggregator@tls@@QAE@XZ 130d1b40 f i parse_wtcom.obj
 0001:00000b70       ??1WtDict2@aggregator@tls@@QAE@XZ 130d1b70 f   parse_wtcom.obj
 0001:00000bc0       ?makeDict@WtDict2@aggregator@tls@@AAEXXZ 130d1bc0 f   parse_wtcom.obj
 0001:00000be0       ?HaveFuncID@WtDict2@aggregator@tls@@UBE?AW4rc_e@@GGPAG@Z 130d1be0 f   parse_wtcom.obj
 0001:00000ce0       ?Release@ParseWtcom2@aggregator@tls@@UAEXXZ 130d1ce0 f   parse_wtcom.obj
 0001:00000d50       ??_GParseWtcom2@aggregator@tls@@QAEPAXI@Z 130d1d50 f i parse_wtcom.obj
 0001:00000da0       ?SetDict@ParseWtcom2@aggregator@tls@@UAE?AW4rc_e@@PBUIDictIX@23@@Z 130d1da0 f   parse_wtcom.obj
 0001:00000e40       ?Parse@ParseWtcom2@aggregator@tls@@UAE?AW4rc_e@@GPBDI@Z 130d1e40 f   parse_wtcom.obj
 0001:00000ed0       ?get_data@ParseWtcom2@aggregator@tls@@UAE?AW4rc_e@@GPADI@Z 130d1ed0 f   parse_wtcom.obj
 0001:00000f70       ?get_data@ParseWtcom2@aggregator@tls@@UAE?AW4rc_e@@GPAI@Z 130d1f70 f   parse_wtcom.obj
 0001:00001030       ?GetReturnNo@ParseWtcom2@aggregator@tls@@UAE?AW4rc_e@@PAH@Z 130d2030 f   parse_wtcom.obj
 0001:000010b0       ?GetErrmsg@ParseWtcom2@aggregator@tls@@UAE?AW4rc_e@@PADI@Z 130d20b0 f   parse_wtcom.obj
 0001:00001140       ?GetLineCount@ParseWtcom2@aggregator@tls@@UAEIXZ 130d2140 f   parse_wtcom.obj
 0001:000011b0       ?GetCookies@ParseWtcom2@aggregator@tls@@UAE?AW4rc_e@@PADI@Z 130d21b0 f   parse_wtcom.obj
 0001:00001240       ?Next@ParseWtcom2@aggregator@tls@@UAE?AW4rc_e@@XZ 130d2240 f   parse_wtcom.obj
 0001:000012c0       ?HaveFuncID@ParseWtcom2@aggregator@tls@@UBE?AW4rc_e@@GGPAG@Z 130d22c0 f   parse_wtcom.obj
 0001:00001370       ??0ParseWtcom2@aggregator@tls@@QAE@PBUIDictIX@12@@Z 130d2370 f   parse_wtcom.obj
 0001:000013f0       ?isValid@ParseWtcom2@aggregator@tls@@UBEIXZ 130d23f0 f i parse_wtcom.obj
 0001:00001420       ??0IParseIX@aggregator@tls@@QAE@XZ 130d2420 f i parse_wtcom.obj
 0001:00001450       ??1ParseWtcom2@aggregator@tls@@QAE@XZ 130d2450 f   parse_wtcom.obj
 0001:000014a0       ?CreateInstance@IDictIX@aggregator@tls@@SAPAU123@PBDPBEI@Z 130d24a0 f   parse_wtcom.obj
 0001:00001530       ?CreateInstance@IParseIX@aggregator@tls@@SAPAU123@PBDPBUIDictIX@23@@Z 130d2530 f   parse_wtcom.obj
 0001:000015c0       ?Start@ParserTC50@aggregator@tls@@UAE?AW4rc_e@@XZ 130d25c0 f   parsertc50_static:parser_tc50.obj
 0001:00001710       ?StrLogType@LogTypeTC50@aggregator@tls@@SAPBDXZ 130d2710 f i parsertc50_static:parser_tc50.obj
 0001:00001720       ?Stop@ParserTC50@aggregator@tls@@UAEXXZ 130d2720 f   parsertc50_static:parser_tc50.obj
 0001:00001770       ?GetName@ParserTC50@aggregator@tls@@UBE?BW4rc_e@@PADPAI@Z 130d2770 f   parsertc50_static:parser_tc50.obj
 0001:000017d0       ?GetStatus@ParserTC50@aggregator@tls@@UBE?BW4rc_e@@XZ 130d27d0 f   parsertc50_static:parser_tc50.obj
 0001:000017f0       ?GetResourceSize@ParserTC50@aggregator@tls@@UBE?BW4rc_e@@PA_K0@Z 130d27f0 f   parsertc50_static:parser_tc50.obj
 0001:00001840       ?GetLastErr@ParserTC50@aggregator@tls@@UBE?BW4rc_e@@PAIPAD0@Z 130d2840 f   parsertc50_static:parser_tc50.obj
 0001:000018b0       ?GetInfo@ParserTC50@aggregator@tls@@UBE?BW4rc_e@@PADPAI@Z 130d28b0 f   parsertc50_static:parser_tc50.obj
 0001:00001a00       ?GetLastAliveTime@ParserTC50@aggregator@tls@@UBE?BW4rc_e@@PAI@Z 130d2a00 f   parsertc50_static:parser_tc50.obj
 0001:00001a40       ??0ParserTC50@aggregator@tls@@QAE@XZ 130d2a40 f   parsertc50_static:parser_tc50.obj
 0001:00001c80       ??0atomic_count@base@tls@@QAE@J@Z 130d2c80 f i parsertc50_static:parser_tc50.obj
 0001:00001ca0       ?GetUUID@ParserTC50@aggregator@tls@@UBEABIXZ 130d2ca0 f i parsertc50_static:parser_tc50.obj
 0001:00001cc0       ?ConstCast@ParserTC50@aggregator@tls@@UBEPBXABI@Z 130d2cc0 f i parsertc50_static:parser_tc50.obj
 0001:00001d00       ?Cast@ParserTC50@aggregator@tls@@UAEPAXABI@Z 130d2d00 f i parsertc50_static:parser_tc50.obj
 0001:00001d40       ?Release@ParserTC50@aggregator@tls@@UAEXXZ 130d2d40 f i parsertc50_static:parser_tc50.obj
 0001:00001d60       ??0IParser@aggregator@tls@@QAE@XZ 130d2d60 f i parsertc50_static:parser_tc50.obj
 0001:00001db0       ??0IFileIteratorCallBack@IFileIteratorBase@aggregator@tls@@QAE@XZ 130d2db0 f i parsertc50_static:parser_tc50.obj
 0001:00001dd0       ??0IObject@tls@@QAE@XZ     130d2dd0 f i parsertc50_static:parser_tc50.obj
 0001:00001df0       ??0IResource@tls@@QAE@XZ   130d2df0 f i parsertc50_static:parser_tc50.obj
 0001:00001e10       ??1ParserTC50@aggregator@tls@@QAE@XZ 130d2e10 f   parsertc50_static:parser_tc50.obj
 0001:00001ed0       ??1?$hash_map@IVLogFileNode@ParserTC50@aggregator@tls@@V?$hash_compare@IU?$less@I@std@@@stdext@@V?$allocator@U?$pair@$$CBIVLogFileNode@ParserTC50@aggregator@tls@@@std@@@std@@@stdext@@QAE@XZ 130d2ed0 f i parsertc50_static:parser_tc50.obj
 0001:00001f00       ??1?$queue@PAVLogFileNode@ParserTC50@aggregator@tls@@V?$deque@PAVLogFileNode@ParserTC50@aggregator@tls@@V?$allocator@PAVLogFileNode@ParserTC50@aggregator@tls@@@std@@@std@@@std@@QAE@XZ 130d2f00 f i parsertc50_static:parser_tc50.obj
 0001:00001f30       ??1ParserThread@ParserTC50@aggregator@tls@@QAE@XZ 130d2f30 f i parsertc50_static:parser_tc50.obj
 0001:00001f80       ??1?$hash_set@PAVDictNode@ParserTC50@aggregator@tls@@Udict_node_hash@234@V?$allocator@PAVDictNode@ParserTC50@aggregator@tls@@@std@@@stdext@@QAE@XZ 130d2f80 f i parsertc50_static:parser_tc50.obj
 0001:00001fb0       ?Init@ParserTC50@aggregator@tls@@QAE?AW4rc_e@@PAUIAggregatorBase@23@@Z 130d2fb0 f   parsertc50_static:parser_tc50.obj
 0001:00002150       ?IsValid@ParserThread@ParserTC50@aggregator@tls@@QAEIXZ 130d3150 f i parsertc50_static:parser_tc50.obj
 0001:00002180       ?Begin@ParserTC50@aggregator@tls@@UAE?AW4rc_e@@PAUIFileIteratorBase@23@@Z 130d3180 f   parsertc50_static:parser_tc50.obj
 0001:000022f0       ?SetDispatch@LogFileNode@ParserTC50@aggregator@tls@@QAEXI@Z 130d32f0 f i parsertc50_static:parser_tc50.obj
 0001:00002310       ??1?$_Iterator@$00@?$list@U?$pair@$$CBIVLogFileNode@ParserTC50@aggregator@tls@@@std@@V?$allocator@U?$pair@$$CBIVLogFileNode@ParserTC50@aggregator@tls@@@std@@@2@@std@@QAE@XZ 130d3310 f i parsertc50_static:parser_tc50.obj
 0001:00002340       ??4?$_Iterator@$00@?$list@U?$pair@$$CBIVLogFileNode@ParserTC50@aggregator@tls@@@std@@V?$allocator@U?$pair@$$CBIVLogFileNode@ParserTC50@aggregator@tls@@@std@@@2@@std@@QAEAAV012@ABV012@@Z 130d3340 f i parsertc50_static:parser_tc50.obj
 0001:00002370       ??1?$_Const_iterator@$00@?$list@U?$pair@$$CBIVLogFileNode@ParserTC50@aggregator@tls@@@std@@V?$allocator@U?$pair@$$CBIVLogFileNode@ParserTC50@aggregator@tls@@@std@@@2@@std@@QAE@XZ 130d3370 f i parsertc50_static:parser_tc50.obj
 0001:000023a0       ??4?$_Const_iterator@$00@?$list@U?$pair@$$CBIVLogFileNode@ParserTC50@aggregator@tls@@@std@@V?$allocator@U?$pair@$$CBIVLogFileNode@ParserTC50@aggregator@tls@@@std@@@2@@std@@QAEAAV012@ABV012@@Z 130d33a0 f i parsertc50_static:parser_tc50.obj
 0001:000023e0       ??1?$_Bidit@U?$pair@$$CBIVLogFileNode@ParserTC50@aggregator@tls@@@std@@HPBU12@ABU12@@std@@QAE@XZ 130d33e0 f i parsertc50_static:parser_tc50.obj
 0001:00002410       ??1_Iterator_base@std@@QAE@XZ 130d3410 f i parsertc50_static:parser_tc50.obj
 0001:00002480       ?_Orphan_me@_Iterator_base@std@@QAEXXZ 130d3480 f i parsertc50_static:parser_tc50.obj
 0001:00002520       ??4?$_Bidit@U?$pair@$$CBIVLogFileNode@ParserTC50@aggregator@tls@@@std@@HPBU12@ABU12@@std@@QAEAAU01@ABU01@@Z 130d3520 f i parsertc50_static:parser_tc50.obj
 0001:00002550       ??4_Iterator_base@std@@QAEAAV01@ABV01@@Z 130d3550 f i parsertc50_static:parser_tc50.obj
 0001:000025e0       ?_Adopt@_Iterator_base@std@@QAEXPBV_Container_base@2@@Z 130d35e0 f i parsertc50_static:parser_tc50.obj
 0001:00002690       ?End@ParserTC50@aggregator@tls@@UAE?AW4rc_e@@XZ 130d3690 f   parsertc50_static:parser_tc50.obj
 0001:00002720       ??4atomic_count@base@tls@@QAEXJ@Z 130d3720 f i parsertc50_static:parser_tc50.obj
 0001:00002740       ?FileProc@ParserTC50@aggregator@tls@@UAE?AW4rc_e@@PAUIFileIteratorBase@23@PBUIFileNode@23@@Z 130d3740 f   parsertc50_static:parser_tc50.obj
 0001:00002940       ?GetDispatch@LogFileNode@ParserTC50@aggregator@tls@@QBEIXZ 130d3940 f i parsertc50_static:parser_tc50.obj
 0001:00002960       ?SetHasError@LogFileNode@ParserTC50@aggregator@tls@@QAEXI@Z 130d3960 f i parsertc50_static:parser_tc50.obj
 0001:00002980       ?popQueueFileNode@ParserTC50@aggregator@tls@@AAEPAVLogFileNode@123@XZ 130d3980 f   parsertc50_static:parser_tc50.obj
 0001:00002a50       ??0AutoLock@base@tls@@QAE@AAVLock@12@@Z 130d3a50 f i parsertc50_static:parser_tc50.obj
 0001:00002a90       ??1AutoLock@base@tls@@QAE@XZ 130d3a90 f i parsertc50_static:parser_tc50.obj
 0001:00002ac0       ?AssertAcquired@Lock@base@tls@@QBEXXZ 130d3ac0 f i parsertc50_static:parser_tc50.obj
 0001:00002ae0       ?pushQueueFileNode@ParserTC50@aggregator@tls@@AAEXPAVLogFileNode@123@@Z 130d3ae0 f   parsertc50_static:parser_tc50.obj
 0001:00002b70       ?ThreadProc@ParserTC50@aggregator@tls@@QAEXI@Z 130d3b70 f   parsertc50_static:parser_tc50.obj
 0001:00002ef0       ?GetPos@LogFileNode@ParserTC50@aggregator@tls@@QBE_JXZ 130d3ef0 f i parsertc50_static:parser_tc50.obj
 0001:00002f10       ?SetPos@LogFileNode@ParserTC50@aggregator@tls@@QAEX_J@Z 130d3f10 f i parsertc50_static:parser_tc50.obj
 0001:00002f40       ?GetFileNode@LogFileNode@ParserTC50@aggregator@tls@@QAEPBUIFileNode@34@XZ 130d3f40 f i parsertc50_static:parser_tc50.obj
 0001:00002f60       ??1?$_Iterator@$00@?$list@ULogFileNodePos@?1??ThreadProc@ParserTC50@aggregator@tls@@QAEXI@Z@V?$allocator@ULogFileNodePos@?1??ThreadProc@ParserTC50@aggregator@tls@@QAEXI@Z@@std@@@std@@QAE@XZ 130d3f60 f i parsertc50_static:parser_tc50.obj
 0001:00002f90       ??4?$_Iterator@$00@?$list@ULogFileNodePos@?1??ThreadProc@ParserTC50@aggregator@tls@@QAEXI@Z@V?$allocator@ULogFileNodePos@?1??ThreadProc@ParserTC50@aggregator@tls@@QAEXI@Z@@std@@@std@@QAEAAV012@ABV012@@Z 130d3f90 f i parsertc50_static:parser_tc50.obj
 0001:00002fc0       ??1?$_Const_iterator@$00@?$list@ULogFileNodePos@?1??ThreadProc@ParserTC50@aggregator@tls@@QAEXI@Z@V?$allocator@ULogFileNodePos@?1??ThreadProc@ParserTC50@aggregator@tls@@QAEXI@Z@@std@@@std@@QAE@XZ 130d3fc0 f i parsertc50_static:parser_tc50.obj
 0001:00002ff0       ??4?$_Const_iterator@$00@?$list@ULogFileNodePos@?1??ThreadProc@ParserTC50@aggregator@tls@@QAEXI@Z@V?$allocator@ULogFileNodePos@?1??ThreadProc@ParserTC50@aggregator@tls@@QAEXI@Z@@std@@@std@@QAEAAV012@ABV012@@Z 130d3ff0 f i parsertc50_static:parser_tc50.obj
 0001:00003030       ??1?$_Bidit@ULogFileNodePos@?1??ThreadProc@ParserTC50@aggregator@tls@@QAEXI@Z@HPBU1?1??2345@QAEXI@Z@ABU1?1??2345@QAEXI@Z@@std@@QAE@XZ 130d4030 f i parsertc50_static:parser_tc50.obj
 0001:00003060       ??4?$_Bidit@ULogFileNodePos@?1??ThreadProc@ParserTC50@aggregator@tls@@QAEXI@Z@HPBU1?1??2345@QAEXI@Z@ABU1?1??2345@QAEXI@Z@@std@@QAEAAU01@ABU01@@Z 130d4060 f i parsertc50_static:parser_tc50.obj
 0001:00003090       ?logParse_tc50@ParserTC50@aggregator@tls@@AAE?AW4rc_e@@IPBUIFileNode@23@PAUIFileIteratorBase@23@AAVLogFileNode@123@@Z 130d4090 f   parsertc50_static:parser_tc50.obj
 0001:00003dd0       ?UpdatePos@LogFileNode@ParserTC50@aggregator@tls@@QAEX_J@Z 130d4dd0 f i parsertc50_static:parser_tc50.obj
 0001:00003e00       ?didMathLogRule@ParserTC50@aggregator@tls@@AAEII@Z 130d4e00 f i parsertc50_static:parser_tc50.obj
 0001:00003e40       ?logParse_tc50_dict@ParserTC50@aggregator@tls@@AAE?AW4rc_e@@PAUIFileIteratorBase@23@AAVLogFileNode@123@PBUIFileNode@23@@Z 130d4e40 f   parsertc50_static:parser_tc50.obj
 0001:00004000       ?AddDict@ParserTC50@aggregator@tls@@QAE?AW4rc_e@@PBD0I_K@Z 130d5000 f i parsertc50_static:parser_tc50.obj
 0001:00004040       ?to_second@micro_time@base@tls@@SA?B_K_K@Z 130d5040 f i parsertc50_static:parser_tc50.obj
 0001:00004060       ?isFileOver@ParserTC50@aggregator@tls@@AAEII@Z 130d5060 f   parsertc50_static:parser_tc50.obj
 0001:00004080       ?clearFileMap@ParserTC50@aggregator@tls@@AAEXXZ 130d5080 f   parsertc50_static:parser_tc50.obj
 0001:000040b0       ?AddToFileMap@ParserTC50@aggregator@tls@@QAE?AW4rc_e@@I_J@Z 130d50b0 f   parsertc50_static:parser_tc50.obj
 0001:000041a0       ??0LogFileNode@ParserTC50@aggregator@tls@@QAE@_J@Z 130d51a0 f i parsertc50_static:parser_tc50.obj
 0001:00004200       ??1LogFileNode@ParserTC50@aggregator@tls@@QAE@XZ 130d5200 f i parsertc50_static:parser_tc50.obj
 0001:00004220       ??4LogFileNode@ParserTC50@aggregator@tls@@QAEXABV0123@@Z 130d5220 f i parsertc50_static:parser_tc50.obj
 0001:00004250       ?copy@LogFileNode@ParserTC50@aggregator@tls@@AAEXABV1234@@Z 130d5250 f i parsertc50_static:parser_tc50.obj
 0001:000042b0       ?loadParseFile@ParserTC50@aggregator@tls@@AAE?AW4rc_e@@XZ 130d52b0 f   parsertc50_static:parser_tc50.obj
 0001:000043c0       ??0ParseFileReulst@aggregator@tls@@QAE@PAVParserTC50@12@@Z 130d53c0 f i parsertc50_static:parser_tc50.obj
 0001:000043f0       ?loadLogRule@ParserTC50@aggregator@tls@@AAE?AW4rc_e@@XZ 130d53f0 f   parsertc50_static:parser_tc50.obj
 0001:000044d0       ?getCollectorDict@ParserTC50@aggregator@tls@@AAE?AW4rc_e@@XZ 130d54d0 f   parsertc50_static:parser_tc50.obj
 0001:000045e0       ??0DictFileReulst@aggregator@tls@@QAE@PAVParserTC50@12@@Z 130d55e0 f i parsertc50_static:parser_tc50.obj
 0001:00004620       ?loadConfig@ParserTC50@aggregator@tls@@AAE?AW4rc_e@@XZ 130d5620 f   parsertc50_static:parser_tc50.obj
 0001:00004730       ??0ReadSettingReulst@aggregator@tls@@QAE@PAVParserTC50@12@@Z 130d5730 f i parsertc50_static:parser_tc50.obj
 0001:00004770       ?getDBConn@ParserTC50@aggregator@tls@@AAEPAXXZ 130d5770 f i parsertc50_static:parser_tc50.obj
 0001:000047f0       ?execSQL@ParserTC50@aggregator@tls@@AAE?AW4rc_e@@IPBE@Z 130d57f0 f   parsertc50_static:parser_tc50.obj
 0001:000048d0       ?logDB@ParserTC50@aggregator@tls@@AAE?AW4rc_e@@W4log_lv_e@ILogWriter@3@PBDPBEI2I@Z 130d58d0 f   parsertc50_static:parser_tc50.obj
 0001:000049b0       ?updateParseFile@ParserTC50@aggregator@tls@@AAE?AW4rc_e@@II_J@Z 130d59b0 f   parsertc50_static:parser_tc50.obj
 0001:00004ac0       ?setFailedLog@ParserTC50@aggregator@tls@@AAE?AW4rc_e@@IIPBDI_J1PBEI@Z 130d5ac0 f   parsertc50_static:parser_tc50.obj
 0001:00004bd0       ?writeLog@ParserTC50@aggregator@tls@@AAE?AW4rc_e@@IPBDI_JIPAVTC50Log@23@@Z 130d5bd0 f   parsertc50_static:parser_tc50.obj
 0001:00005490       ??0ParserThread@ParserTC50@aggregator@tls@@QAE@XZ 130d6490 f   parsertc50_static:parser_tc50.obj
 0001:00005510       ?SetFileNode@LogFileNode@ParserTC50@aggregator@tls@@QAEXPBUIFileNode@34@@Z 130d6510 f   parsertc50_static:parser_tc50.obj
 0001:000055b0       ?waitThread@ParserTC50@aggregator@tls@@AAEXXZ 130d65b0 f   parsertc50_static:parser_tc50.obj
 0001:000055f0       ??Batomic_count@base@tls@@QBEJXZ 130d65f0 f i parsertc50_static:parser_tc50.obj
 0001:00005610       ?wakeUpThread@ParserTC50@aggregator@tls@@AAEXXZ 130d6610 f   parsertc50_static:parser_tc50.obj
 0001:00005670       ?CheckPoint@ParserTC50@aggregator@tls@@QAEXXZ 130d6670 f   parsertc50_static:parser_tc50.obj
 0001:00006880       ??_H@YGXPAXIHP6EPAX0@Z@Z   130d7880 f i parsertc50_static:parser_tc50.obj
 0001:000068c0       ??_I@YGXPAXIHP6EX0@Z@Z     130d78c0 f i parsertc50_static:parser_tc50.obj
 0001:00006910       ??0?$AutoRelease@PAE@tls@@QAE@PAE@Z 130d7910 f i parsertc50_static:parser_tc50.obj
 0001:00006930       ??1?$AutoRelease@PAE@tls@@QAE@XZ 130d7930 f i parsertc50_static:parser_tc50.obj
 0001:00006960       ?Release@?$AutoRelease@PAE@tls@@QAEXXZ 130d7960 f i parsertc50_static:parser_tc50.obj
 0001:000069a0       ??B?$AutoRelease@PAE@tls@@QAEPAEXZ 130d79a0 f i parsertc50_static:parser_tc50.obj
 0001:000069c0       ??0?$AutoRelease@PAUIParseIX@aggregator@tls@@@tls@@QAE@PAUIParseIX@aggregator@1@@Z 130d79c0 f i parsertc50_static:parser_tc50.obj
 0001:000069e0       ??1?$AutoRelease@PAUIParseIX@aggregator@tls@@@tls@@QAE@XZ 130d79e0 f i parsertc50_static:parser_tc50.obj
 0001:00006a10       ??B?$AutoRelease@PAUIParseIX@aggregator@tls@@@tls@@QAEPAUIParseIX@aggregator@1@XZ 130d7a10 f i parsertc50_static:parser_tc50.obj
 0001:00006a30       ?Set@?$AutoRelease@PAUIParseIX@aggregator@tls@@@tls@@QAEXPAUIParseIX@aggregator@2@@Z 130d7a30 f i parsertc50_static:parser_tc50.obj
 0001:00006a60       ??0?$hash_map@IVLogFileNode@ParserTC50@aggregator@tls@@V?$hash_compare@IU?$less@I@std@@@stdext@@V?$allocator@U?$pair@$$CBIVLogFileNode@ParserTC50@aggregator@tls@@@std@@@std@@@stdext@@QAE@XZ 130d7a60 f i parsertc50_static:parser_tc50.obj
 0001:00006ab0       ??A?$hash_map@IVLogFileNode@ParserTC50@aggregator@tls@@V?$hash_compare@IU?$less@I@std@@@stdext@@V?$allocator@U?$pair@$$CBIVLogFileNode@ParserTC50@aggregator@tls@@@std@@@std@@@stdext@@QAEAAVLogFileNode@ParserTC50@aggregator@tls@@ABI@Z 130d7ab0 f i parsertc50_static:parser_tc50.obj
 0001:00006bb0       ??0LogFileNode@ParserTC50@aggregator@tls@@QAE@XZ 130d7bb0 f i parsertc50_static:parser_tc50.obj
 0001:00006c10       ??1?$_Hash@V?$_Hmap_traits@IVLogFileNode@ParserTC50@aggregator@tls@@V?$hash_compare@IU?$less@I@std@@@stdext@@V?$allocator@U?$pair@$$CBIVLogFileNode@ParserTC50@aggregator@tls@@@std@@@std@@$0A@@stdext@@@stdext@@QAE@XZ 130d7c10 f i parsertc50_static:parser_tc50.obj
 0001:00006c50       ?begin@?$_Hash@V?$_Hmap_traits@IVLogFileNode@ParserTC50@aggregator@tls@@V?$hash_compare@IU?$less@I@std@@@stdext@@V?$allocator@U?$pair@$$CBIVLogFileNode@ParserTC50@aggregator@tls@@@std@@@std@@$0A@@stdext@@@stdext@@QAE?AV?$_Iterator@$00@?$list@U?$pair@$$CBIVLogFileNode@ParserTC50@aggregator@tls@@@std@@V?$allocator@U?$pair@$$CBIVLogFileNode@ParserTC50@aggregator@tls@@@std@@@2@@std@@XZ 130d7c50 f i parsertc50_static:parser_tc50.obj
 0001:00006c80       ?end@?$_Hash@V?$_Hmap_traits@IVLogFileNode@ParserTC50@aggregator@tls@@V?$hash_compare@IU?$less@I@std@@@stdext@@V?$allocator@U?$pair@$$CBIVLogFileNode@ParserTC50@aggregator@tls@@@std@@@std@@$0A@@stdext@@@stdext@@QAE?AV?$_Iterator@$00@?$list@U?$pair@$$CBIVLogFileNode@ParserTC50@aggregator@tls@@@std@@V?$allocator@U?$pair@$$CBIVLogFileNode@ParserTC50@aggregator@tls@@@std@@@2@@std@@XZ 130d7c80 f i parsertc50_static:parser_tc50.obj
 0001:00006cb0       ?clear@?$_Hash@V?$_Hmap_traits@IVLogFileNode@ParserTC50@aggregator@tls@@V?$hash_compare@IU?$less@I@std@@@stdext@@V?$allocator@U?$pair@$$CBIVLogFileNode@ParserTC50@aggregator@tls@@@std@@@std@@$0A@@stdext@@@stdext@@QAEXXZ 130d7cb0 f i parsertc50_static:parser_tc50.obj
 0001:00006d20       ?find@?$_Hash@V?$_Hmap_traits@IVLogFileNode@ParserTC50@aggregator@tls@@V?$hash_compare@IU?$less@I@std@@@stdext@@V?$allocator@U?$pair@$$CBIVLogFileNode@ParserTC50@aggregator@tls@@@std@@@std@@$0A@@stdext@@@stdext@@QAE?AV?$_Iterator@$00@?$list@U?$pair@$$CBIVLogFileNode@ParserTC50@aggregator@tls@@@std@@V?$allocator@U?$pair@$$CBIVLogFileNode@ParserTC50@aggregator@tls@@@std@@@2@@std@@ABI@Z 130d7d20 f i parsertc50_static:parser_tc50.obj
 0001:00006d60       ??0?$AutoRelease@PAUIConnection@database@tls@@@tls@@QAE@PAUIConnection@database@1@@Z 130d7d60 f i parsertc50_static:parser_tc50.obj
 0001:00006d80       ??1?$AutoRelease@PAUIConnection@database@tls@@@tls@@QAE@XZ 130d7d80 f i parsertc50_static:parser_tc50.obj
 0001:00006db0       ??C?$AutoRelease@PAUIConnection@database@tls@@@tls@@QAEPAUIConnection@database@1@XZ 130d7db0 f i parsertc50_static:parser_tc50.obj
 0001:00006dd0       ??B?$AutoRelease@PAUIConnection@database@tls@@@tls@@QAEPAUIConnection@database@1@XZ 130d7dd0 f i parsertc50_static:parser_tc50.obj
 0001:00006df0       ?Set@?$AutoRelease@PAUIConnection@database@tls@@@tls@@QAEXPAUIConnection@database@2@@Z 130d7df0 f i parsertc50_static:parser_tc50.obj
 0001:00006e20       ??0?$queue@PAVLogFileNode@ParserTC50@aggregator@tls@@V?$deque@PAVLogFileNode@ParserTC50@aggregator@tls@@V?$allocator@PAVLogFileNode@ParserTC50@aggregator@tls@@@std@@@std@@@std@@QAE@XZ 130d7e20 f i parsertc50_static:parser_tc50.obj
 0001:00006e50       ?empty@?$queue@PAVLogFileNode@ParserTC50@aggregator@tls@@V?$deque@PAVLogFileNode@ParserTC50@aggregator@tls@@V?$allocator@PAVLogFileNode@ParserTC50@aggregator@tls@@@std@@@std@@@std@@QBE_NXZ 130d7e50 f i parsertc50_static:parser_tc50.obj
 0001:00006e80       ?front@?$queue@PAVLogFileNode@ParserTC50@aggregator@tls@@V?$deque@PAVLogFileNode@ParserTC50@aggregator@tls@@V?$allocator@PAVLogFileNode@ParserTC50@aggregator@tls@@@std@@@std@@@std@@QAEAAPAVLogFileNode@ParserTC50@aggregator@tls@@XZ 130d7e80 f i parsertc50_static:parser_tc50.obj
 0001:00006eb0       ?push@?$queue@PAVLogFileNode@ParserTC50@aggregator@tls@@V?$deque@PAVLogFileNode@ParserTC50@aggregator@tls@@V?$allocator@PAVLogFileNode@ParserTC50@aggregator@tls@@@std@@@std@@@std@@QAEXABQAVLogFileNode@ParserTC50@aggregator@tls@@@Z 130d7eb0 f i parsertc50_static:parser_tc50.obj
 0001:00006ee0       ?pop@?$queue@PAVLogFileNode@ParserTC50@aggregator@tls@@V?$deque@PAVLogFileNode@ParserTC50@aggregator@tls@@V?$allocator@PAVLogFileNode@ParserTC50@aggregator@tls@@@std@@@std@@@std@@QAEXXZ 130d7ee0 f i parsertc50_static:parser_tc50.obj
 0001:00006f10       ??1?$deque@PAVLogFileNode@ParserTC50@aggregator@tls@@V?$allocator@PAVLogFileNode@ParserTC50@aggregator@tls@@@std@@@std@@QAE@XZ 130d7f10 f i parsertc50_static:parser_tc50.obj
 0001:00006f40       ??0?$hash_set@PAVDictNode@ParserTC50@aggregator@tls@@Udict_node_hash@234@V?$allocator@PAVDictNode@ParserTC50@aggregator@tls@@@std@@@stdext@@QAE@XZ 130d7f40 f i parsertc50_static:parser_tc50.obj
 0001:00006f90       ??1?$_Hash@V?$_Hset_traits@PAVDictNode@ParserTC50@aggregator@tls@@Udict_node_hash@234@V?$allocator@PAVDictNode@ParserTC50@aggregator@tls@@@std@@$0A@@stdext@@@stdext@@QAE@XZ 130d7f90 f i parsertc50_static:parser_tc50.obj
 0001:00006fd0       ??0?$AutoRelease@PAUIFileIteratorBase@aggregator@tls@@@tls@@QAE@PAUIFileIteratorBase@aggregator@1@@Z 130d7fd0 f i parsertc50_static:parser_tc50.obj
 0001:00006ff0       ??1?$AutoRelease@PAUIFileIteratorBase@aggregator@tls@@@tls@@QAE@XZ 130d7ff0 f i parsertc50_static:parser_tc50.obj
 0001:00007020       ??C?$AutoRelease@PAUIFileIteratorBase@aggregator@tls@@@tls@@QAEPAUIFileIteratorBase@aggregator@1@XZ 130d8020 f i parsertc50_static:parser_tc50.obj
 0001:00007040       ??B?$AutoRelease@PAUIFileIteratorBase@aggregator@tls@@@tls@@QAEPAUIFileIteratorBase@aggregator@1@XZ 130d8040 f i parsertc50_static:parser_tc50.obj
 0001:00007060       ??0?$_Iterator@$00@?$list@U?$pair@$$CBIVLogFileNode@ParserTC50@aggregator@tls@@@std@@V?$allocator@U?$pair@$$CBIVLogFileNode@ParserTC50@aggregator@tls@@@std@@@2@@std@@QAE@XZ 130d8060 f i parsertc50_static:parser_tc50.obj
 0001:00007090       ??C?$_Iterator@$00@?$list@U?$pair@$$CBIVLogFileNode@ParserTC50@aggregator@tls@@@std@@V?$allocator@U?$pair@$$CBIVLogFileNode@ParserTC50@aggregator@tls@@@std@@@2@@std@@QBEPAU?$pair@$$CBIVLogFileNode@ParserTC50@aggregator@tls@@@2@XZ 130d8090 f i parsertc50_static:parser_tc50.obj
 0001:000070c0       ??E?$_Iterator@$00@?$list@U?$pair@$$CBIVLogFileNode@ParserTC50@aggregator@tls@@@std@@V?$allocator@U?$pair@$$CBIVLogFileNode@ParserTC50@aggregator@tls@@@std@@@2@@std@@QAEAAV012@XZ 130d80c0 f i parsertc50_static:parser_tc50.obj
 0001:000070f0       ??8?$_Const_iterator@$00@?$list@U?$pair@$$CBIVLogFileNode@ParserTC50@aggregator@tls@@@std@@V?$allocator@U?$pair@$$CBIVLogFileNode@ParserTC50@aggregator@tls@@@std@@@2@@std@@QBE_NABV012@@Z 130d80f0 f i parsertc50_static:parser_tc50.obj
 0001:00007130       ??9?$_Const_iterator@$00@?$list@U?$pair@$$CBIVLogFileNode@ParserTC50@aggregator@tls@@@std@@V?$allocator@U?$pair@$$CBIVLogFileNode@ParserTC50@aggregator@tls@@@std@@@2@@std@@QBE_NABV012@@Z 130d8130 f i parsertc50_static:parser_tc50.obj
 0001:00007170       ??0?$list@ULogFileNodePos@?1??ThreadProc@ParserTC50@aggregator@tls@@QAEXI@Z@V?$allocator@ULogFileNodePos@?1??ThreadProc@ParserTC50@aggregator@tls@@QAEXI@Z@@std@@@std@@QAE@XZ 130d8170 f i parsertc50_static:parser_tc50.obj
 0001:000071c0       ??1?$list@ULogFileNodePos@?1??ThreadProc@ParserTC50@aggregator@tls@@QAEXI@Z@V?$allocator@ULogFileNodePos@?1??ThreadProc@ParserTC50@aggregator@tls@@QAEXI@Z@@std@@@std@@QAE@XZ 130d81c0 f i parsertc50_static:parser_tc50.obj
 0001:000071f0       ?begin@?$list@ULogFileNodePos@?1??ThreadProc@ParserTC50@aggregator@tls@@QAEXI@Z@V?$allocator@ULogFileNodePos@?1??ThreadProc@ParserTC50@aggregator@tls@@QAEXI@Z@@std@@@std@@QAE?AV?$_Iterator@$00@12@XZ 130d81f0 f i parsertc50_static:parser_tc50.obj
 0001:00007230       ?end@?$list@ULogFileNodePos@?1??ThreadProc@ParserTC50@aggregator@tls@@QAEXI@Z@V?$allocator@ULogFileNodePos@?1??ThreadProc@ParserTC50@aggregator@tls@@QAEXI@Z@@std@@@std@@QAE?AV?$_Iterator@$00@12@XZ 130d8230 f i parsertc50_static:parser_tc50.obj
 0001:00007270       ?back@?$list@ULogFileNodePos@?1??ThreadProc@ParserTC50@aggregator@tls@@QAEXI@Z@V?$allocator@ULogFileNodePos@?1??ThreadProc@ParserTC50@aggregator@tls@@QAEXI@Z@@std@@@std@@QAEAAULogFileNodePos@?1??ThreadProc@ParserTC50@aggregator@tls@@QAEXI@Z@XZ 130d8270 f i parsertc50_static:parser_tc50.obj
 0001:000072d0       ?push_back@?$list@ULogFileNodePos@?1??ThreadProc@ParserTC50@aggregator@tls@@QAEXI@Z@V?$allocator@ULogFileNodePos@?1??ThreadProc@ParserTC50@aggregator@tls@@QAEXI@Z@@std@@@std@@QAEXABULogFileNodePos@?1??ThreadProc@ParserTC50@aggregator@tls@@QAEXI@Z@@Z 130d82d0 f i parsertc50_static:parser_tc50.obj
 0001:00007310       ?clear@?$list@ULogFileNodePos@?1??ThreadProc@ParserTC50@aggregator@tls@@QAEXI@Z@V?$allocator@ULogFileNodePos@?1??ThreadProc@ParserTC50@aggregator@tls@@QAEXI@Z@@std@@@std@@QAEXXZ 130d8310 f i parsertc50_static:parser_tc50.obj
 0001:000073e0       ??0?$_Iterator@$00@?$list@ULogFileNodePos@?1??ThreadProc@ParserTC50@aggregator@tls@@QAEXI@Z@V?$allocator@ULogFileNodePos@?1??ThreadProc@ParserTC50@aggregator@tls@@QAEXI@Z@@std@@@std@@QAE@XZ 130d83e0 f i parsertc50_static:parser_tc50.obj
 0001:00007410       ??D?$_Iterator@$00@?$list@ULogFileNodePos@?1??ThreadProc@ParserTC50@aggregator@tls@@QAEXI@Z@V?$allocator@ULogFileNodePos@?1??ThreadProc@ParserTC50@aggregator@tls@@QAEXI@Z@@std@@@std@@QBEAAULogFileNodePos@?1??ThreadProc@ParserTC50@aggregator@tls@@QAEXI@Z@XZ 130d8410 f i parsertc50_static:parser_tc50.obj
 0001:00007440       ??E?$_Iterator@$00@?$list@ULogFileNodePos@?1??ThreadProc@ParserTC50@aggregator@tls@@QAEXI@Z@V?$allocator@ULogFileNodePos@?1??ThreadProc@ParserTC50@aggregator@tls@@QAEXI@Z@@std@@@std@@QAEAAV012@XZ 130d8440 f i parsertc50_static:parser_tc50.obj
 0001:00007470       ??9?$_Const_iterator@$00@?$list@ULogFileNodePos@?1??ThreadProc@ParserTC50@aggregator@tls@@QAEXI@Z@V?$allocator@ULogFileNodePos@?1??ThreadProc@ParserTC50@aggregator@tls@@QAEXI@Z@@std@@@std@@QBE_NABV012@@Z 130d8470 f i parsertc50_static:parser_tc50.obj
 0001:000074b0       ??0?$AutoRelease@PAUIMemoryNode@tls@@@tls@@QAE@PAUIMemoryNode@1@@Z 130d84b0 f i parsertc50_static:parser_tc50.obj
 0001:000074d0       ??1?$AutoRelease@PAUIMemoryNode@tls@@@tls@@QAE@XZ 130d84d0 f i parsertc50_static:parser_tc50.obj
 0001:00007500       ??C?$AutoRelease@PAUIMemoryNode@tls@@@tls@@QAEPAUIMemoryNode@1@XZ 130d8500 f i parsertc50_static:parser_tc50.obj
 0001:00007520       ??B?$AutoRelease@PAUIMemoryNode@tls@@@tls@@QAEPAUIMemoryNode@1@XZ 130d8520 f i parsertc50_static:parser_tc50.obj
 0001:00007540       ?Set@?$AutoRelease@PAUIMemoryNode@tls@@@tls@@QAEXPAUIMemoryNode@2@@Z 130d8540 f i parsertc50_static:parser_tc50.obj
 0001:00007570       ??0?$GetSetParamImpl@PAUParseFileReulst@aggregator@tls@@@aggregator@tls@@QAE@PAUParseFileReulst@12@PBDI1I1I1I1I1I@Z 130d8570 f i parsertc50_static:parser_tc50.obj
 0001:000075e0       ?SetResult@?$GetSetParamImpl@PAUParseFileReulst@aggregator@tls@@@aggregator@tls@@UAEXIIPBDI@Z 130d85e0 f i parsertc50_static:parser_tc50.obj
 0001:000076b0       ?GetCondition@?$GetSetParamImpl@PAUParseFileReulst@aggregator@tls@@@aggregator@tls@@UBEPBDIPAI@Z 130d86b0 f i parsertc50_static:parser_tc50.obj
 0001:000076f0       ??0?$GetSetParamImpl@PAVParserTC50@aggregator@tls@@@aggregator@tls@@QAE@PAVParserTC50@12@PBDI1I1I1I1I1I@Z 130d86f0 f i parsertc50_static:parser_tc50.obj
 0001:00007760       ?SetResult@?$GetSetParamImpl@PAVParserTC50@aggregator@tls@@@aggregator@tls@@UAEXIIPBDI@Z 130d8760 f i parsertc50_static:parser_tc50.obj
 0001:000077d0       ?SetLogRule@ParserTC50@aggregator@tls@@QAEXI@Z 130d87d0 f i parsertc50_static:parser_tc50.obj
 0001:00007800       ?GetCondition@?$GetSetParamImpl@PAVParserTC50@aggregator@tls@@@aggregator@tls@@UBEPBDIPAI@Z 130d8800 f i parsertc50_static:parser_tc50.obj
 0001:00007840       ??0?$GetSetParamImpl@PAUDictFileReulst@aggregator@tls@@@aggregator@tls@@QAE@PAUDictFileReulst@12@PBDI1I1I1I1I1I@Z 130d8840 f i parsertc50_static:parser_tc50.obj
 0001:000078b0       ?SetResult@?$GetSetParamImpl@PAUDictFileReulst@aggregator@tls@@@aggregator@tls@@UAEXIIPBDI@Z 130d88b0 f i parsertc50_static:parser_tc50.obj
 0001:000079e0       ?GetCondition@?$GetSetParamImpl@PAUDictFileReulst@aggregator@tls@@@aggregator@tls@@UBEPBDIPAI@Z 130d89e0 f i parsertc50_static:parser_tc50.obj
 0001:00007a20       ??0?$GetSetParamImpl@PAUReadSettingReulst@aggregator@tls@@@aggregator@tls@@QAE@PAUReadSettingReulst@12@PBDI1I1I1I1I1I@Z 130d8a20 f i parsertc50_static:parser_tc50.obj
 0001:00007a90       ?SetResult@?$GetSetParamImpl@PAUReadSettingReulst@aggregator@tls@@@aggregator@tls@@UAEXIIPBDI@Z 130d8a90 f i parsertc50_static:parser_tc50.obj
 0001:00007d10       ?SetThreadNum@ParserTC50@aggregator@tls@@QAEXI@Z 130d8d10 f i parsertc50_static:parser_tc50.obj
 0001:00007d60       ?SetTransformRows@ParserTC50@aggregator@tls@@QAEXI@Z 130d8d60 f i parsertc50_static:parser_tc50.obj
 0001:00007d80       ?SetScheduleTime@ParserTC50@aggregator@tls@@QAEXI@Z 130d8d80 f i parsertc50_static:parser_tc50.obj
 0001:00007da0       ?SetHisDBName@ParserTC50@aggregator@tls@@QAEXPBD@Z 130d8da0 f i parsertc50_static:parser_tc50.obj
 0001:00007de0       ?SetScheduleEnable@ParserTC50@aggregator@tls@@QAEXI@Z 130d8de0 f i parsertc50_static:parser_tc50.obj
 0001:00007e00       ?SetHisDBEng@ParserTC50@aggregator@tls@@QAEXPBD@Z 130d8e00 f i parsertc50_static:parser_tc50.obj
 0001:00007e40       ?SetHisDBRemote@ParserTC50@aggregator@tls@@QAEXI@Z 130d8e40 f i parsertc50_static:parser_tc50.obj
 0001:00007e60       ?GetCondition@?$GetSetParamImpl@PAUReadSettingReulst@aggregator@tls@@@aggregator@tls@@UBEPBDIPAI@Z 130d8e60 f i parsertc50_static:parser_tc50.obj
 0001:00007ea0       ??0?$GetSetParamImpl@PAUNullClass@tls@@@aggregator@tls@@QAE@PAUNullClass@2@PBDI1I1I1I1I1I@Z 130d8ea0 f i parsertc50_static:parser_tc50.obj
 0001:00007f10       ?GetCondition@?$GetSetParamImpl@PAUNullClass@tls@@@aggregator@tls@@UBEPBDIPAI@Z 130d8f10 f i parsertc50_static:parser_tc50.obj
 0001:00007f50       ?SetResult@?$GetSetParamImpl@PAUNullClass@tls@@@aggregator@tls@@UAEXIIPBDI@Z 130d8f50 f i parsertc50_static:parser_tc50.obj
 0001:00007f70       ??0?$AutoRelease@PAUIRecordSet@database@tls@@@tls@@QAE@PAUIRecordSet@database@1@@Z 130d8f70 f i parsertc50_static:parser_tc50.obj
 0001:00007f90       ??1?$AutoRelease@PAUIRecordSet@database@tls@@@tls@@QAE@XZ 130d8f90 f i parsertc50_static:parser_tc50.obj
 0001:00007fc0       ??C?$AutoRelease@PAUIRecordSet@database@tls@@@tls@@QAEPAUIRecordSet@database@1@XZ 130d8fc0 f i parsertc50_static:parser_tc50.obj
 0001:00007fe0       ??B?$AutoRelease@PAUIRecordSet@database@tls@@@tls@@QAEPAUIRecordSet@database@1@XZ 130d8fe0 f i parsertc50_static:parser_tc50.obj
 0001:00008000       ??0?$AutoRelease@PAUIRecord@database@tls@@@tls@@QAE@PAUIRecord@database@1@@Z 130d9000 f i parsertc50_static:parser_tc50.obj
 0001:00008020       ??1?$AutoRelease@PAUIRecord@database@tls@@@tls@@QAE@XZ 130d9020 f i parsertc50_static:parser_tc50.obj
 0001:00008050       ??C?$AutoRelease@PAUIRecord@database@tls@@@tls@@QAEPAUIRecord@database@1@XZ 130d9050 f i parsertc50_static:parser_tc50.obj
 0001:00008070       ??B?$AutoRelease@PAUIRecord@database@tls@@@tls@@QAEPAUIRecord@database@1@XZ 130d9070 f i parsertc50_static:parser_tc50.obj
 0001:00008090       ??1?$pair@$$CBIVLogFileNode@ParserTC50@aggregator@tls@@@std@@QAE@XZ 130d9090 f i parsertc50_static:parser_tc50.obj
 0001:000080c0       ??1?$pair@V?$_Iterator@$00@?$list@U?$pair@$$CBIVLogFileNode@ParserTC50@aggregator@tls@@@std@@V?$allocator@U?$pair@$$CBIVLogFileNode@ParserTC50@aggregator@tls@@@std@@@2@@std@@_N@std@@QAE@XZ 130d90c0 f i parsertc50_static:parser_tc50.obj
 0001:000080f0       ??1?$_Hmap_traits@IVLogFileNode@ParserTC50@aggregator@tls@@V?$hash_compare@IU?$less@I@std@@@stdext@@V?$allocator@U?$pair@$$CBIVLogFileNode@ParserTC50@aggregator@tls@@@std@@@std@@$0A@@stdext@@QAE@XZ 130d90f0 f i parsertc50_static:parser_tc50.obj
 0001:00008120       ??1_Container_base@std@@QAE@XZ 130d9120 f i parsertc50_static:parser_tc50.obj
 0001:00008150       ?_Orphan_all@_Container_base@std@@QBEXXZ 130d9150 f i parsertc50_static:parser_tc50.obj
 0001:00008200       ??1?$_Deque_val@PAVLogFileNode@ParserTC50@aggregator@tls@@V?$allocator@PAVLogFileNode@ParserTC50@aggregator@tls@@@std@@@std@@QAE@XZ 130d9200 f i parsertc50_static:parser_tc50.obj
 0001:00008230       ??1?$_Hset_traits@PAVDictNode@ParserTC50@aggregator@tls@@Udict_node_hash@234@V?$allocator@PAVDictNode@ParserTC50@aggregator@tls@@@std@@$0A@@stdext@@QAE@XZ 130d9230 f i parsertc50_static:parser_tc50.obj
 0001:00008260       ??1?$_List_val@ULogFileNodePos@?1??ThreadProc@ParserTC50@aggregator@tls@@QAEXI@Z@V?$allocator@ULogFileNodePos@?1??ThreadProc@ParserTC50@aggregator@tls@@QAEXI@Z@@std@@@std@@QAE@XZ 130d9260 f i parsertc50_static:parser_tc50.obj
 0001:00008290       ??0IGetSetParam@aggregator@tls@@QAE@XZ 130d9290 f i parsertc50_static:parser_tc50.obj
 0001:000082b0       ??1?$_Deque_map@PAVLogFileNode@ParserTC50@aggregator@tls@@V?$allocator@PAVLogFileNode@ParserTC50@aggregator@tls@@@std@@@std@@QAE@XZ 130d92b0 f i parsertc50_static:parser_tc50.obj
 0001:000082e0       ??1?$_List_ptr@ULogFileNodePos@?1??ThreadProc@ParserTC50@aggregator@tls@@QAEXI@Z@V?$allocator@ULogFileNodePos@?1??ThreadProc@ParserTC50@aggregator@tls@@QAEXI@Z@@std@@@std@@QAE@XZ 130d92e0 f i parsertc50_static:parser_tc50.obj
 0001:00008310       ??1?$_List_nod@ULogFileNodePos@?1??ThreadProc@ParserTC50@aggregator@tls@@QAEXI@Z@V?$allocator@ULogFileNodePos@?1??ThreadProc@ParserTC50@aggregator@tls@@QAEXI@Z@@std@@@std@@QAE@XZ 130d9310 f i parsertc50_static:parser_tc50.obj
 0001:00008340       ?Release@?$AutoRelease@PAUIParseIX@aggregator@tls@@@tls@@QAEXXZ 130d9340 f i parsertc50_static:parser_tc50.obj
 0001:00008390       ??0?$_Hash@V?$_Hmap_traits@IVLogFileNode@ParserTC50@aggregator@tls@@V?$hash_compare@IU?$less@I@std@@@stdext@@V?$allocator@U?$pair@$$CBIVLogFileNode@ParserTC50@aggregator@tls@@@std@@@std@@$0A@@stdext@@@stdext@@QAE@ABV?$hash_compare@IU?$less@I@std@@@1@ABV?$allocator@U?$pair@$$CBIVLogFileNode@ParserTC50@aggregator@tls@@@std@@@std@@@Z 130d9390 f i parsertc50_static:parser_tc50.obj
 0001:00008430       ?insert@?$_Hash@V?$_Hmap_traits@IVLogFileNode@ParserTC50@aggregator@tls@@V?$hash_compare@IU?$less@I@std@@@stdext@@V?$allocator@U?$pair@$$CBIVLogFileNode@ParserTC50@aggregator@tls@@@std@@@std@@$0A@@stdext@@@stdext@@QAE?AU?$pair@V?$_Iterator@$00@?$list@U?$pair@$$CBIVLogFileNode@ParserTC50@aggregator@tls@@@std@@V?$allocator@U?$pair@$$CBIVLogFileNode@ParserTC50@aggregator@tls@@@std@@@2@@std@@_N@std@@ABU?$pair@$$CBIVLogFileNode@ParserTC50@aggregator@tls@@@4@@Z 130d9430 f i parsertc50_static:parser_tc50.obj
 0001:00008a10       ?lower_bound@?$_Hash@V?$_Hmap_traits@IVLogFileNode@ParserTC50@aggregator@tls@@V?$hash_compare@IU?$less@I@std@@@stdext@@V?$allocator@U?$pair@$$CBIVLogFileNode@ParserTC50@aggregator@tls@@@std@@@std@@$0A@@stdext@@@stdext@@QAE?AV?$_Iterator@$00@?$list@U?$pair@$$CBIVLogFileNode@ParserTC50@aggregator@tls@@@std@@V?$allocator@U?$pair@$$CBIVLogFileNode@ParserTC50@aggregator@tls@@@std@@@2@@std@@ABI@Z 130d9a10 f i parsertc50_static:parser_tc50.obj
 0001:00008ba0       ??0?$allocator@U?$pair@$$CBIVLogFileNode@ParserTC50@aggregator@tls@@@std@@@std@@QAE@XZ 130d9ba0 f i parsertc50_static:parser_tc50.obj
 0001:00008bc0       ??0?$hash_compare@IU?$less@I@std@@@stdext@@QAE@XZ 130d9bc0 f i parsertc50_static:parser_tc50.obj
 0001:00008be0       ??1?$list@U?$pair@$$CBIVLogFileNode@ParserTC50@aggregator@tls@@@std@@V?$allocator@U?$pair@$$CBIVLogFileNode@ParserTC50@aggregator@tls@@@std@@@2@@std@@QAE@XZ 130d9be0 f i parsertc50_static:parser_tc50.obj
 0001:00008c10       ?begin@?$list@U?$pair@$$CBIVLogFileNode@ParserTC50@aggregator@tls@@@std@@V?$allocator@U?$pair@$$CBIVLogFileNode@ParserTC50@aggregator@tls@@@std@@@2@@std@@QAE?AV?$_Iterator@$00@12@XZ 130d9c10 f i parsertc50_static:parser_tc50.obj
 0001:00008c50       ?end@?$list@U?$pair@$$CBIVLogFileNode@ParserTC50@aggregator@tls@@@std@@V?$allocator@U?$pair@$$CBIVLogFileNode@ParserTC50@aggregator@tls@@@std@@@2@@std@@QAE?AV?$_Iterator@$00@12@XZ 130d9c50 f i parsertc50_static:parser_tc50.obj
 0001:00008c90       ?clear@?$list@U?$pair@$$CBIVLogFileNode@ParserTC50@aggregator@tls@@@std@@V?$allocator@U?$pair@$$CBIVLogFileNode@ParserTC50@aggregator@tls@@@std@@@2@@std@@QAEXXZ 130d9c90 f i parsertc50_static:parser_tc50.obj
 0001:00008d60       ??1?$vector@V?$_Iterator@$00@?$list@U?$pair@$$CBIVLogFileNode@ParserTC50@aggregator@tls@@@std@@V?$allocator@U?$pair@$$CBIVLogFileNode@ParserTC50@aggregator@tls@@@std@@@2@@std@@V?$allocator@V?$_Iterator@$00@?$list@U?$pair@$$CBIVLogFileNode@ParserTC50@aggregator@tls@@@std@@V?$allocator@U?$pair@$$CBIVLogFileNode@ParserTC50@aggregator@tls@@@std@@@2@@std@@@3@@std@@QAE@XZ 130d9d60 f i parsertc50_static:parser_tc50.obj
 0001:00008d90       ?assign@?$vector@V?$_Iterator@$00@?$list@U?$pair@$$CBIVLogFileNode@ParserTC50@aggregator@tls@@@std@@V?$allocator@U?$pair@$$CBIVLogFileNode@ParserTC50@aggregator@tls@@@std@@@2@@std@@V?$allocator@V?$_Iterator@$00@?$list@U?$pair@$$CBIVLogFileNode@ParserTC50@aggregator@tls@@@std@@V?$allocator@U?$pair@$$CBIVLogFileNode@ParserTC50@aggregator@tls@@@std@@@2@@std@@@3@@std@@QAEXIABV?$_Iterator@$00@?$list@U?$pair@$$CBIVLogFileNode@ParserTC50@aggregator@tls@@@std@@V?$allocator@U?$pair@$$CBIVLogFileNode@ParserTC50@aggregator@tls@@@std@@@2@@2@@Z 130d9d90 f i parsertc50_static:parser_tc50.obj
 0001:00008dc0       ?Release@?$AutoRelease@PAUIConnection@database@tls@@@tls@@QAEXXZ 130d9dc0 f i parsertc50_static:parser_tc50.obj
 0001:00008e10       ??0?$deque@PAVLogFileNode@ParserTC50@aggregator@tls@@V?$allocator@PAVLogFileNode@ParserTC50@aggregator@tls@@@std@@@std@@QAE@XZ 130d9e10 f i parsertc50_static:parser_tc50.obj
 0001:00008e70       ?empty@?$deque@PAVLogFileNode@ParserTC50@aggregator@tls@@V?$allocator@PAVLogFileNode@ParserTC50@aggregator@tls@@@std@@@std@@QBE_NXZ 130d9e70 f i parsertc50_static:parser_tc50.obj
 0001:00008e90       ?front@?$deque@PAVLogFileNode@ParserTC50@aggregator@tls@@V?$allocator@PAVLogFileNode@ParserTC50@aggregator@tls@@@std@@@std@@QAEAAPAVLogFileNode@ParserTC50@aggregator@tls@@XZ 130d9e90 f i parsertc50_static:parser_tc50.obj
 0001:00008ee0       ?pop_front@?$deque@PAVLogFileNode@ParserTC50@aggregator@tls@@V?$allocator@PAVLogFileNode@ParserTC50@aggregator@tls@@@std@@@std@@QAEXXZ 130d9ee0 f i parsertc50_static:parser_tc50.obj
 0001:00008fd0       ?push_back@?$deque@PAVLogFileNode@ParserTC50@aggregator@tls@@V?$allocator@PAVLogFileNode@ParserTC50@aggregator@tls@@@std@@@std@@QAEXABQAVLogFileNode@ParserTC50@aggregator@tls@@@Z 130d9fd0 f i parsertc50_static:parser_tc50.obj
 0001:000090d0       ?_Tidy@?$deque@PAVLogFileNode@ParserTC50@aggregator@tls@@V?$allocator@PAVLogFileNode@ParserTC50@aggregator@tls@@@std@@@std@@IAEXXZ 130da0d0 f i parsertc50_static:parser_tc50.obj
 0001:000091a0       ??0?$_Hash@V?$_Hset_traits@PAVDictNode@ParserTC50@aggregator@tls@@Udict_node_hash@234@V?$allocator@PAVDictNode@ParserTC50@aggregator@tls@@@std@@$0A@@stdext@@@stdext@@QAE@ABUdict_node_hash@ParserTC50@aggregator@tls@@ABV?$allocator@PAVDictNode@ParserTC50@aggregator@tls@@@std@@@Z 130da1a0 f i parsertc50_static:parser_tc50.obj
 0001:00009240       ??0?$allocator@PAVDictNode@ParserTC50@aggregator@tls@@@std@@QAE@XZ 130da240 f i parsertc50_static:parser_tc50.obj
 0001:00009260       ??1?$list@PAVDictNode@ParserTC50@aggregator@tls@@V?$allocator@PAVDictNode@ParserTC50@aggregator@tls@@@std@@@std@@QAE@XZ 130da260 f i parsertc50_static:parser_tc50.obj
 0001:00009290       ??1?$vector@V?$_Iterator@$00@?$list@PAVDictNode@ParserTC50@aggregator@tls@@V?$allocator@PAVDictNode@ParserTC50@aggregator@tls@@@std@@@std@@V?$allocator@V?$_Iterator@$00@?$list@PAVDictNode@ParserTC50@aggregator@tls@@V?$allocator@PAVDictNode@ParserTC50@aggregator@tls@@@std@@@std@@@3@@std@@QAE@XZ 130da290 f i parsertc50_static:parser_tc50.obj
 0001:000092c0       ?Release@?$AutoRelease@PAUIFileIteratorBase@aggregator@tls@@@tls@@QAEXXZ 130da2c0 f i parsertc50_static:parser_tc50.obj
 0001:00009310       ??D?$_Iterator@$00@?$list@U?$pair@$$CBIVLogFileNode@ParserTC50@aggregator@tls@@@std@@V?$allocator@U?$pair@$$CBIVLogFileNode@ParserTC50@aggregator@tls@@@std@@@2@@std@@QBEAAU?$pair@$$CBIVLogFileNode@ParserTC50@aggregator@tls@@@2@XZ 130da310 f i parsertc50_static:parser_tc50.obj
 0001:00009340       ??0?$_Const_iterator@$00@?$list@U?$pair@$$CBIVLogFileNode@ParserTC50@aggregator@tls@@@std@@V?$allocator@U?$pair@$$CBIVLogFileNode@ParserTC50@aggregator@tls@@@std@@@2@@std@@QAE@XZ 130da340 f i parsertc50_static:parser_tc50.obj
 0001:00009380       ??E?$_Const_iterator@$00@?$list@U?$pair@$$CBIVLogFileNode@ParserTC50@aggregator@tls@@@std@@V?$allocator@U?$pair@$$CBIVLogFileNode@ParserTC50@aggregator@tls@@@std@@@2@@std@@QAEAAV012@XZ 130da380 f i parsertc50_static:parser_tc50.obj
 0001:00009440       ?_Compat@?$_Const_iterator@$00@?$list@U?$pair@$$CBIVLogFileNode@ParserTC50@aggregator@tls@@@std@@V?$allocator@U?$pair@$$CBIVLogFileNode@ParserTC50@aggregator@tls@@@std@@@2@@std@@QBEXABV123@@Z 130da440 f i parsertc50_static:parser_tc50.obj
 0001:000094e0       ??0?$pair@$$CBIVLogFileNode@ParserTC50@aggregator@tls@@@std@@QAE@ABIABVLogFileNode@ParserTC50@aggregator@tls@@@Z 130da4e0 f i parsertc50_static:parser_tc50.obj
 0001:00009520       ??0LogFileNode@ParserTC50@aggregator@tls@@QAE@ABV0123@@Z 130da520 f i parsertc50_static:parser_tc50.obj
 0001:00009550       ?_Nextnode@?$list@ULogFileNodePos@?1??ThreadProc@ParserTC50@aggregator@tls@@QAEXI@Z@V?$allocator@ULogFileNodePos@?1??ThreadProc@ParserTC50@aggregator@tls@@QAEXI@Z@@std@@@std@@KAAAPAU_Node@?$_List_nod@ULogFileNodePos@?1??ThreadProc@ParserTC50@aggregator@tls@@QAEXI@Z@V?$allocator@ULogFileNodePos@?1??ThreadProc@ParserTC50@aggregator@tls@@QAEXI@Z@@std@@@2@PAU342@@Z 130da550 f i parsertc50_static:parser_tc50.obj
 0001:00009560       ?_Prevnode@?$list@ULogFileNodePos@?1??ThreadProc@ParserTC50@aggregator@tls@@QAEXI@Z@V?$allocator@ULogFileNodePos@?1??ThreadProc@ParserTC50@aggregator@tls@@QAEXI@Z@@std@@@std@@KAAAPAU_Node@?$_List_nod@ULogFileNodePos@?1??ThreadProc@ParserTC50@aggregator@tls@@QAEXI@Z@V?$allocator@ULogFileNodePos@?1??ThreadProc@ParserTC50@aggregator@tls@@QAEXI@Z@@std@@@2@PAU342@@Z 130da560 f i parsertc50_static:parser_tc50.obj
 0001:00009570       ?_Insert@?$list@ULogFileNodePos@?1??ThreadProc@ParserTC50@aggregator@tls@@QAEXI@Z@V?$allocator@ULogFileNodePos@?1??ThreadProc@ParserTC50@aggregator@tls@@QAEXI@Z@@std@@@std@@QAEXV?$_Iterator@$00@12@ABULogFileNodePos@?1??ThreadProc@ParserTC50@aggregator@tls@@QAEXI@Z@@Z 130da570 f i parsertc50_static:parser_tc50.obj
 0001:00009630       ?_Buynode@?$list@ULogFileNodePos@?1??ThreadProc@ParserTC50@aggregator@tls@@QAEXI@Z@V?$allocator@ULogFileNodePos@?1??ThreadProc@ParserTC50@aggregator@tls@@QAEXI@Z@@std@@@std@@IAEPAU_Node@?$_List_nod@ULogFileNodePos@?1??ThreadProc@ParserTC50@aggregator@tls@@QAEXI@Z@V?$allocator@ULogFileNodePos@?1??ThreadProc@ParserTC50@aggregator@tls@@QAEXI@Z@@std@@@2@XZ 130da630 f i parsertc50_static:parser_tc50.obj
 0001:00009720       ?_Tidy@?$list@ULogFileNodePos@?1??ThreadProc@ParserTC50@aggregator@tls@@QAEXI@Z@V?$allocator@ULogFileNodePos@?1??ThreadProc@ParserTC50@aggregator@tls@@QAEXI@Z@@std@@@std@@IAEXXZ 130da720 f i parsertc50_static:parser_tc50.obj
 0001:000097a0       ?_Orphan_ptr@?$list@ULogFileNodePos@?1??ThreadProc@ParserTC50@aggregator@tls@@QAEXI@Z@V?$allocator@ULogFileNodePos@?1??ThreadProc@ParserTC50@aggregator@tls@@QAEXI@Z@@std@@@std@@IBEXAAV12@PAU_Node@?$_List_nod@ULogFileNodePos@?1??ThreadProc@ParserTC50@aggregator@tls@@QAEXI@Z@V?$allocator@ULogFileNodePos@?1??ThreadProc@ParserTC50@aggregator@tls@@QAEXI@Z@@std@@@2@@Z 130da7a0 f i parsertc50_static:parser_tc50.obj
 0001:00009870       ??0?$_List_val@ULogFileNodePos@?1??ThreadProc@ParserTC50@aggregator@tls@@QAEXI@Z@V?$allocator@ULogFileNodePos@?1??ThreadProc@ParserTC50@aggregator@tls@@QAEXI@Z@@std@@@std@@QAE@V?$allocator@ULogFileNodePos@?1??ThreadProc@ParserTC50@aggregator@tls@@QAEXI@Z@@1@@Z 130da870 f i parsertc50_static:parser_tc50.obj
 0001:000098c0       ??0?$allocator@ULogFileNodePos@?1??ThreadProc@ParserTC50@aggregator@tls@@QAEXI@Z@@std@@QAE@XZ 130da8c0 f i parsertc50_static:parser_tc50.obj
 0001:000098e0       ?deallocate@?$allocator@U_Node@?$_List_nod@ULogFileNodePos@?1??ThreadProc@ParserTC50@aggregator@tls@@QAEXI@Z@V?$allocator@ULogFileNodePos@?1??ThreadProc@ParserTC50@aggregator@tls@@QAEXI@Z@@std@@@std@@@std@@QAEXPAU_Node@?$_List_nod@ULogFileNodePos@?1??ThreadProc@ParserTC50@aggregator@tls@@QAEXI@Z@V?$allocator@ULogFileNodePos@?1??ThreadProc@ParserTC50@aggregator@tls@@QAEXI@Z@@std@@@2@I@Z 130da8e0 f i parsertc50_static:parser_tc50.obj
 0001:00009910       ?destroy@?$allocator@U_Node@?$_List_nod@ULogFileNodePos@?1??ThreadProc@ParserTC50@aggregator@tls@@QAEXI@Z@V?$allocator@ULogFileNodePos@?1??ThreadProc@ParserTC50@aggregator@tls@@QAEXI@Z@@std@@@std@@@std@@QAEXPAU_Node@?$_List_nod@ULogFileNodePos@?1??ThreadProc@ParserTC50@aggregator@tls@@QAEXI@Z@V?$allocator@ULogFileNodePos@?1??ThreadProc@ParserTC50@aggregator@tls@@QAEXI@Z@@std@@@2@@Z 130da910 f i parsertc50_static:parser_tc50.obj
 0001:00009940       ??0?$_Iterator@$00@?$list@ULogFileNodePos@?1??ThreadProc@ParserTC50@aggregator@tls@@QAEXI@Z@V?$allocator@ULogFileNodePos@?1??ThreadProc@ParserTC50@aggregator@tls@@QAEXI@Z@@std@@@std@@QAE@PAU_Node@?$_List_nod@ULogFileNodePos@?1??ThreadProc@ParserTC50@aggregator@tls@@QAEXI@Z@V?$allocator@ULogFileNodePos@?1??ThreadProc@ParserTC50@aggregator@tls@@QAEXI@Z@@std@@@2@PBV12@@Z 130da940 f i parsertc50_static:parser_tc50.obj
 0001:00009980       ??F?$_Iterator@$00@?$list@ULogFileNodePos@?1??ThreadProc@ParserTC50@aggregator@tls@@QAEXI@Z@V?$allocator@ULogFileNodePos@?1??ThreadProc@ParserTC50@aggregator@tls@@QAEXI@Z@@std@@@std@@QAEAAV012@XZ 130da980 f i parsertc50_static:parser_tc50.obj
 0001:000099b0       ??0?$_Const_iterator@$00@?$list@ULogFileNodePos@?1??ThreadProc@ParserTC50@aggregator@tls@@QAEXI@Z@V?$allocator@ULogFileNodePos@?1??ThreadProc@ParserTC50@aggregator@tls@@QAEXI@Z@@std@@@std@@QAE@XZ 130da9b0 f i parsertc50_static:parser_tc50.obj
 0001:000099f0       ??D?$_Const_iterator@$00@?$list@ULogFileNodePos@?1??ThreadProc@ParserTC50@aggregator@tls@@QAEXI@Z@V?$allocator@ULogFileNodePos@?1??ThreadProc@ParserTC50@aggregator@tls@@QAEXI@Z@@std@@@std@@QBEABULogFileNodePos@?1??ThreadProc@ParserTC50@aggregator@tls@@QAEXI@Z@XZ 130da9f0 f i parsertc50_static:parser_tc50.obj
 0001:00009aa0       ??E?$_Const_iterator@$00@?$list@ULogFileNodePos@?1??ThreadProc@ParserTC50@aggregator@tls@@QAEXI@Z@V?$allocator@ULogFileNodePos@?1??ThreadProc@ParserTC50@aggregator@tls@@QAEXI@Z@@std@@@std@@QAEAAV012@XZ 130daaa0 f i parsertc50_static:parser_tc50.obj
 0001:00009b60       ??8?$_Const_iterator@$00@?$list@ULogFileNodePos@?1??ThreadProc@ParserTC50@aggregator@tls@@QAEXI@Z@V?$allocator@ULogFileNodePos@?1??ThreadProc@ParserTC50@aggregator@tls@@QAEXI@Z@@std@@@std@@QBE_NABV012@@Z 130dab60 f i parsertc50_static:parser_tc50.obj
 0001:00009ba0       ?Release@?$AutoRelease@PAUIMemoryNode@tls@@@tls@@QAEXXZ 130daba0 f i parsertc50_static:parser_tc50.obj
 0001:00009bf0       ?SetParsm@?$GetSetParamImpl@PAUParseFileReulst@aggregator@tls@@@aggregator@tls@@QAEXPAUParseFileReulst@23@PBDI1I1I1I1I1I@Z 130dabf0 f i parsertc50_static:parser_tc50.obj
 0001:00009c80       ?SetParsm@?$GetSetParamImpl@PAVParserTC50@aggregator@tls@@@aggregator@tls@@QAEXPAVParserTC50@23@PBDI1I1I1I1I1I@Z 130dac80 f i parsertc50_static:parser_tc50.obj
 0001:00009d10       ?SetParsm@?$GetSetParamImpl@PAUDictFileReulst@aggregator@tls@@@aggregator@tls@@QAEXPAUDictFileReulst@23@PBDI1I1I1I1I1I@Z 130dad10 f i parsertc50_static:parser_tc50.obj
 0001:00009da0       ?SetParsm@?$GetSetParamImpl@PAUReadSettingReulst@aggregator@tls@@@aggregator@tls@@QAEXPAUReadSettingReulst@23@PBDI1I1I1I1I1I@Z 130dada0 f i parsertc50_static:parser_tc50.obj
 0001:00009e30       ?SetParsm@?$GetSetParamImpl@PAUNullClass@tls@@@aggregator@tls@@QAEXPAUNullClass@3@PBDI1I1I1I1I1I@Z 130dae30 f i parsertc50_static:parser_tc50.obj
 0001:00009ec0       ?Release@?$AutoRelease@PAUIRecordSet@database@tls@@@tls@@QAEXXZ 130daec0 f i parsertc50_static:parser_tc50.obj
 0001:00009f10       ?Release@?$AutoRelease@PAUIRecord@database@tls@@@tls@@QAEXXZ 130daf10 f i parsertc50_static:parser_tc50.obj
 0001:00009f60       ??0?$_Iterator@$00@?$list@U?$pair@$$CBIVLogFileNode@ParserTC50@aggregator@tls@@@std@@V?$allocator@U?$pair@$$CBIVLogFileNode@ParserTC50@aggregator@tls@@@std@@@2@@std@@QAE@ABV012@@Z 130daf60 f i parsertc50_static:parser_tc50.obj
 0001:00009f90       ??1?$_List_val@U?$pair@$$CBIVLogFileNode@ParserTC50@aggregator@tls@@@std@@V?$allocator@U?$pair@$$CBIVLogFileNode@ParserTC50@aggregator@tls@@@std@@@2@@std@@QAE@XZ 130daf90 f i parsertc50_static:parser_tc50.obj
 0001:00009fc0       ??1?$_Vector_val@V?$_Iterator@$00@?$list@U?$pair@$$CBIVLogFileNode@ParserTC50@aggregator@tls@@@std@@V?$allocator@U?$pair@$$CBIVLogFileNode@ParserTC50@aggregator@tls@@@std@@@2@@std@@V?$allocator@V?$_Iterator@$00@?$list@U?$pair@$$CBIVLogFileNode@ParserTC50@aggregator@tls@@@std@@V?$allocator@U?$pair@$$CBIVLogFileNode@ParserTC50@aggregator@tls@@@std@@@2@@std@@@3@@std@@QAE@XZ 130dafc0 f i parsertc50_static:parser_tc50.obj
 0001:00009ff0       ??1?$_Deque_iterator@PAVLogFileNode@ParserTC50@aggregator@tls@@V?$allocator@PAVLogFileNode@ParserTC50@aggregator@tls@@@std@@$00@std@@QAE@XZ 130daff0 f i parsertc50_static:parser_tc50.obj
 0001:0000a020       ??1?$_Iterator@$00@?$list@PAVDictNode@ParserTC50@aggregator@tls@@V?$allocator@PAVDictNode@ParserTC50@aggregator@tls@@@std@@@std@@QAE@XZ 130db020 f i parsertc50_static:parser_tc50.obj
 0001:0000a050       ??1?$_List_val@PAVDictNode@ParserTC50@aggregator@tls@@V?$allocator@PAVDictNode@ParserTC50@aggregator@tls@@@std@@@std@@QAE@XZ 130db050 f i parsertc50_static:parser_tc50.obj
 0001:0000a080       ??1?$_Vector_val@V?$_Iterator@$00@?$list@PAVDictNode@ParserTC50@aggregator@tls@@V?$allocator@PAVDictNode@ParserTC50@aggregator@tls@@@std@@@std@@V?$allocator@V?$_Iterator@$00@?$list@PAVDictNode@ParserTC50@aggregator@tls@@V?$allocator@PAVDictNode@ParserTC50@aggregator@tls@@@std@@@std@@@3@@std@@QAE@XZ 130db080 f i parsertc50_static:parser_tc50.obj
 0001:0000a0b0       ??0?$_Bidit@U?$pair@$$CBIVLogFileNode@ParserTC50@aggregator@tls@@@std@@HPBU12@ABU12@@std@@QAE@XZ 130db0b0 f i parsertc50_static:parser_tc50.obj
 0001:0000a0e0       ??0_Iterator_base@std@@QAE@XZ 130db0e0 f i parsertc50_static:parser_tc50.obj
 0001:0000a110       ??0?$_Bidit@ULogFileNodePos@?1??ThreadProc@ParserTC50@aggregator@tls@@QAEXI@Z@HPBU1?1??2345@QAEXI@Z@ABU1?1??2345@QAEXI@Z@@std@@QAE@XZ 130db110 f i parsertc50_static:parser_tc50.obj
 0001:0000a140       ??0?$_Const_iterator@$00@?$list@U?$pair@$$CBIVLogFileNode@ParserTC50@aggregator@tls@@@std@@V?$allocator@U?$pair@$$CBIVLogFileNode@ParserTC50@aggregator@tls@@@std@@@2@@std@@QAE@ABV012@@Z 130db140 f i parsertc50_static:parser_tc50.obj
 0001:0000a180       ??1?$_List_ptr@U?$pair@$$CBIVLogFileNode@ParserTC50@aggregator@tls@@@std@@V?$allocator@U?$pair@$$CBIVLogFileNode@ParserTC50@aggregator@tls@@@std@@@2@@std@@QAE@XZ 130db180 f i parsertc50_static:parser_tc50.obj
 0001:0000a1b0       ??1?$_Deque_const_iterator@PAVLogFileNode@ParserTC50@aggregator@tls@@V?$allocator@PAVLogFileNode@ParserTC50@aggregator@tls@@@std@@$00@std@@QAE@XZ 130db1b0 f i parsertc50_static:parser_tc50.obj
 0001:0000a1e0       ??1?$_Const_iterator@$00@?$list@PAVDictNode@ParserTC50@aggregator@tls@@V?$allocator@PAVDictNode@ParserTC50@aggregator@tls@@@std@@@std@@QAE@XZ 130db1e0 f i parsertc50_static:parser_tc50.obj
 0001:0000a210       ??1?$_List_ptr@PAVDictNode@ParserTC50@aggregator@tls@@V?$allocator@PAVDictNode@ParserTC50@aggregator@tls@@@std@@@std@@QAE@XZ 130db210 f i parsertc50_static:parser_tc50.obj
 0001:0000a240       ??0?$_Bidit@U?$pair@$$CBIVLogFileNode@ParserTC50@aggregator@tls@@@std@@HPBU12@ABU12@@std@@QAE@ABU01@@Z 130db240 f i parsertc50_static:parser_tc50.obj
 0001:0000a270       ??0_Iterator_base@std@@QAE@ABV01@@Z 130db270 f i parsertc50_static:parser_tc50.obj
 0001:0000a2b0       ??1?$_List_nod@U?$pair@$$CBIVLogFileNode@ParserTC50@aggregator@tls@@@std@@V?$allocator@U?$pair@$$CBIVLogFileNode@ParserTC50@aggregator@tls@@@std@@@2@@std@@QAE@XZ 130db2b0 f i parsertc50_static:parser_tc50.obj
 0001:0000a2e0       ??1?$_Ranit@PAVLogFileNode@ParserTC50@aggregator@tls@@HPBQAV1234@ABQAV1234@@std@@QAE@XZ 130db2e0 f i parsertc50_static:parser_tc50.obj
 0001:0000a310       ??1?$_Bidit@PAVDictNode@ParserTC50@aggregator@tls@@HPBQAV1234@ABQAV1234@@std@@QAE@XZ 130db310 f i parsertc50_static:parser_tc50.obj
 0001:0000a340       ??1?$_List_nod@PAVDictNode@ParserTC50@aggregator@tls@@V?$allocator@PAVDictNode@ParserTC50@aggregator@tls@@@std@@@std@@QAE@XZ 130db340 f i parsertc50_static:parser_tc50.obj
 0001:0000a370       ?_Get_iter_from_vec@?$_Hash@V?$_Hmap_traits@IVLogFileNode@ParserTC50@aggregator@tls@@V?$hash_compare@IU?$less@I@std@@@stdext@@V?$allocator@U?$pair@$$CBIVLogFileNode@ParserTC50@aggregator@tls@@@std@@@std@@$0A@@stdext@@@stdext@@QBE?AV?$_Iterator@$00@?$list@U?$pair@$$CBIVLogFileNode@ParserTC50@aggregator@tls@@@std@@V?$allocator@U?$pair@$$CBIVLogFileNode@ParserTC50@aggregator@tls@@@std@@@2@@std@@ABV345@@Z 130db370 f i parsertc50_static:parser_tc50.obj
 0001:0000a3a0       ?size@?$_Hash@V?$_Hmap_traits@IVLogFileNode@ParserTC50@aggregator@tls@@V?$hash_compare@IU?$less@I@std@@@stdext@@V?$allocator@U?$pair@$$CBIVLogFileNode@ParserTC50@aggregator@tls@@@std@@@std@@$0A@@stdext@@@stdext@@QBEIXZ 130db3a0 f i parsertc50_static:parser_tc50.obj
 0001:0000a3d0       ?_Hashval@?$_Hash@V?$_Hmap_traits@IVLogFileNode@ParserTC50@aggregator@tls@@V?$hash_compare@IU?$less@I@std@@@stdext@@V?$allocator@U?$pair@$$CBIVLogFileNode@ParserTC50@aggregator@tls@@@std@@@std@@$0A@@stdext@@@stdext@@IBEIABI@Z 130db3d0 f i parsertc50_static:parser_tc50.obj
 0001:0000a430       ??0?$_Hmap_traits@IVLogFileNode@ParserTC50@aggregator@tls@@V?$hash_compare@IU?$less@I@std@@@stdext@@V?$allocator@U?$pair@$$CBIVLogFileNode@ParserTC50@aggregator@tls@@@std@@@std@@$0A@@stdext@@QAE@ABV?$hash_compare@IU?$less@I@std@@@1@@Z 130db430 f i parsertc50_static:parser_tc50.obj
 0001:0000a470       ??0_Container_base@std@@QAE@XZ 130db470 f i parsertc50_static:parser_tc50.obj
 0001:0000a490       ?_Kfn@?$_Hmap_traits@IVLogFileNode@ParserTC50@aggregator@tls@@V?$hash_compare@IU?$less@I@std@@@stdext@@V?$allocator@U?$pair@$$CBIVLogFileNode@ParserTC50@aggregator@tls@@@std@@@std@@$0A@@stdext@@SAABIABU?$pair@$$CBIVLogFileNode@ParserTC50@aggregator@tls@@@std@@@Z 130db490 f i parsertc50_static:parser_tc50.obj
 0001:0000a4a0       ??R?$hash_compare@IU?$less@I@std@@@stdext@@QBEIABI@Z 130db4a0 f i parsertc50_static:parser_tc50.obj
 0001:0000a560       ??R?$hash_compare@IU?$less@I@std@@@stdext@@QBE_NABI0@Z 130db560 f i parsertc50_static:parser_tc50.obj
 0001:0000a590       ?_Nextnode@?$list@U?$pair@$$CBIVLogFileNode@ParserTC50@aggregator@tls@@@std@@V?$allocator@U?$pair@$$CBIVLogFileNode@ParserTC50@aggregator@tls@@@std@@@2@@std@@KAAAPAU_Node@?$_List_nod@U?$pair@$$CBIVLogFileNode@ParserTC50@aggregator@tls@@@std@@V?$allocator@U?$pair@$$CBIVLogFileNode@ParserTC50@aggregator@tls@@@std@@@2@@2@PAU342@@Z 130db590 f i parsertc50_static:parser_tc50.obj
 0001:0000a5a0       ?_Prevnode@?$list@U?$pair@$$CBIVLogFileNode@ParserTC50@aggregator@tls@@@std@@V?$allocator@U?$pair@$$CBIVLogFileNode@ParserTC50@aggregator@tls@@@std@@@2@@std@@KAAAPAU_Node@?$_List_nod@U?$pair@$$CBIVLogFileNode@ParserTC50@aggregator@tls@@@std@@V?$allocator@U?$pair@$$CBIVLogFileNode@ParserTC50@aggregator@tls@@@std@@@2@@2@PAU342@@Z 130db5a0 f i parsertc50_static:parser_tc50.obj
 0001:0000a5b0       ??0?$list@U?$pair@$$CBIVLogFileNode@ParserTC50@aggregator@tls@@@std@@V?$allocator@U?$pair@$$CBIVLogFileNode@ParserTC50@aggregator@tls@@@std@@@2@@std@@QAE@ABV?$allocator@U?$pair@$$CBIVLogFileNode@ParserTC50@aggregator@tls@@@std@@@1@@Z 130db5b0 f i parsertc50_static:parser_tc50.obj
 0001:0000a610       ?insert@?$list@U?$pair@$$CBIVLogFileNode@ParserTC50@aggregator@tls@@@std@@V?$allocator@U?$pair@$$CBIVLogFileNode@ParserTC50@aggregator@tls@@@std@@@2@@std@@QAE?AV?$_Iterator@$00@12@V312@ABU?$pair@$$CBIVLogFileNode@ParserTC50@aggregator@tls@@@2@@Z 130db610 f i parsertc50_static:parser_tc50.obj
 0001:0000a670       ?_Splice@?$list@U?$pair@$$CBIVLogFileNode@ParserTC50@aggregator@tls@@@std@@V?$allocator@U?$pair@$$CBIVLogFileNode@ParserTC50@aggregator@tls@@@std@@@2@@std@@QAEXV?$_Iterator@$00@12@AAV12@00I_N@Z 130db670 f i parsertc50_static:parser_tc50.obj
 0001:0000a900       ?_Tidy@?$list@U?$pair@$$CBIVLogFileNode@ParserTC50@aggregator@tls@@@std@@V?$allocator@U?$pair@$$CBIVLogFileNode@ParserTC50@aggregator@tls@@@std@@@2@@std@@IAEXXZ 130db900 f i parsertc50_static:parser_tc50.obj
 0001:0000a980       ?_Orphan_ptr@?$list@U?$pair@$$CBIVLogFileNode@ParserTC50@aggregator@tls@@@std@@V?$allocator@U?$pair@$$CBIVLogFileNode@ParserTC50@aggregator@tls@@@std@@@2@@std@@IBEXAAV12@PAU_Node@?$_List_nod@U?$pair@$$CBIVLogFileNode@ParserTC50@aggregator@tls@@@std@@V?$allocator@U?$pair@$$CBIVLogFileNode@ParserTC50@aggregator@tls@@@std@@@2@@2@@Z 130db980 f i parsertc50_static:parser_tc50.obj
 0001:0000aa50       ?deallocate@?$allocator@U_Node@?$_List_nod@U?$pair@$$CBIVLogFileNode@ParserTC50@aggregator@tls@@@std@@V?$allocator@U?$pair@$$CBIVLogFileNode@ParserTC50@aggregator@tls@@@std@@@2@@std@@@std@@QAEXPAU_Node@?$_List_nod@U?$pair@$$CBIVLogFileNode@ParserTC50@aggregator@tls@@@std@@V?$allocator@U?$pair@$$CBIVLogFileNode@ParserTC50@aggregator@tls@@@std@@@2@@2@I@Z 130dba50 f i parsertc50_static:parser_tc50.obj
 0001:0000aa80       ?destroy@?$allocator@U_Node@?$_List_nod@U?$pair@$$CBIVLogFileNode@ParserTC50@aggregator@tls@@@std@@V?$allocator@U?$pair@$$CBIVLogFileNode@ParserTC50@aggregator@tls@@@std@@@2@@std@@@std@@QAEXPAU_Node@?$_List_nod@U?$pair@$$CBIVLogFileNode@ParserTC50@aggregator@tls@@@std@@V?$allocator@U?$pair@$$CBIVLogFileNode@ParserTC50@aggregator@tls@@@std@@@2@@2@@Z 130dba80 f i parsertc50_static:parser_tc50.obj
 0001:0000aab0       ??0?$vector@V?$_Iterator@$00@?$list@U?$pair@$$CBIVLogFileNode@ParserTC50@aggregator@tls@@@std@@V?$allocator@U?$pair@$$CBIVLogFileNode@ParserTC50@aggregator@tls@@@std@@@2@@std@@V?$allocator@V?$_Iterator@$00@?$list@U?$pair@$$CBIVLogFileNode@ParserTC50@aggregator@tls@@@std@@V?$allocator@U?$pair@$$CBIVLogFileNode@ParserTC50@aggregator@tls@@@std@@@2@@std@@@3@@std@@QAE@IABV?$_Iterator@$00@?$list@U?$pair@$$CBIVLogFileNode@ParserTC50@aggregator@tls@@@std@@V?$allocator@U?$pair@$$CBIVLogFileNode@ParserTC50@aggregator@tls@@@std@@@2@@1@ABV?$allocator@V?$_Iterator@$00@?$list@U?$pair@$$CBIVLogFileNode@ParserTC50@aggregator@tls@@@std@@V?$allocator@U?$pair@$$CBIVLogFileNode@ParserTC50@aggregator@tls@@@std@@@2@@std@@@1@@Z 130dbab0 f i parsertc50_static:parser_tc50.obj
 0001:0000ab00       ?resize@?$vector@V?$_Iterator@$00@?$list@U?$pair@$$CBIVLogFileNode@ParserTC50@aggregator@tls@@@std@@V?$allocator@U?$pair@$$CBIVLogFileNode@ParserTC50@aggregator@tls@@@std@@@2@@std@@V?$allocator@V?$_Iterator@$00@?$list@U?$pair@$$CBIVLogFileNode@ParserTC50@aggregator@tls@@@std@@V?$allocator@U?$pair@$$CBIVLogFileNode@ParserTC50@aggregator@tls@@@std@@@2@@std@@@3@@std@@QAEXIV?$_Iterator@$00@?$list@U?$pair@$$CBIVLogFileNode@ParserTC50@aggregator@tls@@@std@@V?$allocator@U?$pair@$$CBIVLogFileNode@ParserTC50@aggregator@tls@@@std@@@2@@2@@Z 130dbb00 f i parsertc50_static:parser_tc50.obj
 0001:0000abc0       ?size@?$vector@V?$_Iterator@$00@?$list@U?$pair@$$CBIVLogFileNode@ParserTC50@aggregator@tls@@@std@@V?$allocator@U?$pair@$$CBIVLogFileNode@ParserTC50@aggregator@tls@@@std@@@2@@std@@V?$allocator@V?$_Iterator@$00@?$list@U?$pair@$$CBIVLogFileNode@ParserTC50@aggregator@tls@@@std@@V?$allocator@U?$pair@$$CBIVLogFileNode@ParserTC50@aggregator@tls@@@std@@@2@@std@@@3@@std@@QBEIXZ 130dbbc0 f i parsertc50_static:parser_tc50.obj
 0001:0000ac10       ??A?$vector@V?$_Iterator@$00@?$list@U?$pair@$$CBIVLogFileNode@ParserTC50@aggregator@tls@@@std@@V?$allocator@U?$pair@$$CBIVLogFileNode@ParserTC50@aggregator@tls@@@std@@@2@@std@@V?$allocator@V?$_Iterator@$00@?$list@U?$pair@$$CBIVLogFileNode@ParserTC50@aggregator@tls@@@std@@V?$allocator@U?$pair@$$CBIVLogFileNode@ParserTC50@aggregator@tls@@@std@@@2@@std@@@3@@std@@QAEAAV?$_Iterator@$00@?$list@U?$pair@$$CBIVLogFileNode@ParserTC50@aggregator@tls@@@std@@V?$allocator@U?$pair@$$CBIVLogFileNode@ParserTC50@aggregator@tls@@@std@@@2@@1@I@Z 130dbc10 f i parsertc50_static:parser_tc50.obj
 0001:0000ad00       ?_Assign_n@?$vector@V?$_Iterator@$00@?$list@U?$pair@$$CBIVLogFileNode@ParserTC50@aggregator@tls@@@std@@V?$allocator@U?$pair@$$CBIVLogFileNode@ParserTC50@aggregator@tls@@@std@@@2@@std@@V?$allocator@V?$_Iterator@$00@?$list@U?$pair@$$CBIVLogFileNode@ParserTC50@aggregator@tls@@@std@@V?$allocator@U?$pair@$$CBIVLogFileNode@ParserTC50@aggregator@tls@@@std@@@2@@std@@@3@@std@@IAEXIABV?$_Iterator@$00@?$list@U?$pair@$$CBIVLogFileNode@ParserTC50@aggregator@tls@@@std@@V?$allocator@U?$pair@$$CBIVLogFileNode@ParserTC50@aggregator@tls@@@std@@@2@@2@@Z 130dbd00 f i parsertc50_static:parser_tc50.obj
 0001:0000adc0       ?_Tidy@?$vector@V?$_Iterator@$00@?$list@U?$pair@$$CBIVLogFileNode@ParserTC50@aggregator@tls@@@std@@V?$allocator@U?$pair@$$CBIVLogFileNode@ParserTC50@aggregator@tls@@@std@@@2@@std@@V?$allocator@V?$_Iterator@$00@?$list@U?$pair@$$CBIVLogFileNode@ParserTC50@aggregator@tls@@@std@@V?$allocator@U?$pair@$$CBIVLogFileNode@ParserTC50@aggregator@tls@@@std@@@2@@std@@@3@@std@@IAEXXZ 130dbdc0 f i parsertc50_static:parser_tc50.obj
 0001:0000ae50       ?begin@?$deque@PAVLogFileNode@ParserTC50@aggregator@tls@@V?$allocator@PAVLogFileNode@ParserTC50@aggregator@tls@@@std@@@std@@QAE?AV?$_Deque_iterator@PAVLogFileNode@ParserTC50@aggregator@tls@@V?$allocator@PAVLogFileNode@ParserTC50@aggregator@tls@@@std@@$00@2@XZ 130dbe50 f i parsertc50_static:parser_tc50.obj
 0001:0000ae90       ?pop_back@?$deque@PAVLogFileNode@ParserTC50@aggregator@tls@@V?$allocator@PAVLogFileNode@ParserTC50@aggregator@tls@@@std@@@std@@QAEXXZ 130dbe90 f i parsertc50_static:parser_tc50.obj
 0001:0000af80       ?_Growmap@?$deque@PAVLogFileNode@ParserTC50@aggregator@tls@@V?$allocator@PAVLogFileNode@ParserTC50@aggregator@tls@@@std@@@std@@IAEXI@Z 130dbf80 f i parsertc50_static:parser_tc50.obj
 0001:0000b1d0       ?_Orphan_off@?$deque@PAVLogFileNode@ParserTC50@aggregator@tls@@V?$allocator@PAVLogFileNode@ParserTC50@aggregator@tls@@@std@@@std@@IBEXI@Z 130dc1d0 f i parsertc50_static:parser_tc50.obj
 0001:0000b2f0       ??0?$_Deque_val@PAVLogFileNode@ParserTC50@aggregator@tls@@V?$allocator@PAVLogFileNode@ParserTC50@aggregator@tls@@@std@@@std@@IAE@V?$allocator@PAVLogFileNode@ParserTC50@aggregator@tls@@@1@@Z 130dc2f0 f i parsertc50_static:parser_tc50.obj
 0001:0000b340       ??0?$allocator@PAVLogFileNode@ParserTC50@aggregator@tls@@@std@@QAE@XZ 130dc340 f i parsertc50_static:parser_tc50.obj
 0001:0000b360       ?deallocate@?$allocator@PAVLogFileNode@ParserTC50@aggregator@tls@@@std@@QAEXPAPAVLogFileNode@ParserTC50@aggregator@tls@@I@Z 130dc360 f i parsertc50_static:parser_tc50.obj
 0001:0000b390       ?allocate@?$allocator@PAVLogFileNode@ParserTC50@aggregator@tls@@@std@@QAEPAPAVLogFileNode@ParserTC50@aggregator@tls@@I@Z 130dc390 f i parsertc50_static:parser_tc50.obj
 0001:0000b3c0       ?construct@?$allocator@PAVLogFileNode@ParserTC50@aggregator@tls@@@std@@QAEXPAPAVLogFileNode@ParserTC50@aggregator@tls@@ABQAV3456@@Z 130dc3c0 f i parsertc50_static:parser_tc50.obj
 0001:0000b3f0       ?destroy@?$allocator@PAVLogFileNode@ParserTC50@aggregator@tls@@@std@@QAEXPAPAVLogFileNode@ParserTC50@aggregator@tls@@@Z 130dc3f0 f i parsertc50_static:parser_tc50.obj
 0001:0000b420       ?deallocate@?$allocator@PAPAVLogFileNode@ParserTC50@aggregator@tls@@@std@@QAEXPAPAPAVLogFileNode@ParserTC50@aggregator@tls@@I@Z 130dc420 f i parsertc50_static:parser_tc50.obj
 0001:0000b450       ?destroy@?$allocator@PAPAVLogFileNode@ParserTC50@aggregator@tls@@@std@@QAEXPAPAPAVLogFileNode@ParserTC50@aggregator@tls@@@Z 130dc450 f i parsertc50_static:parser_tc50.obj
 0001:0000b480       ?end@?$_Hash@V?$_Hset_traits@PAVDictNode@ParserTC50@aggregator@tls@@Udict_node_hash@234@V?$allocator@PAVDictNode@ParserTC50@aggregator@tls@@@std@@$0A@@stdext@@@stdext@@QAE?AV?$_Iterator@$00@?$list@PAVDictNode@ParserTC50@aggregator@tls@@V?$allocator@PAVDictNode@ParserTC50@aggregator@tls@@@std@@@std@@XZ 130dc480 f i parsertc50_static:parser_tc50.obj
 0001:0000b4b0       ??0?$_Hset_traits@PAVDictNode@ParserTC50@aggregator@tls@@Udict_node_hash@234@V?$allocator@PAVDictNode@ParserTC50@aggregator@tls@@@std@@$0A@@stdext@@QAE@ABUdict_node_hash@ParserTC50@aggregator@tls@@@Z 130dc4b0 f i parsertc50_static:parser_tc50.obj
 0001:0000b4e0       ??0?$list@PAVDictNode@ParserTC50@aggregator@tls@@V?$allocator@PAVDictNode@ParserTC50@aggregator@tls@@@std@@@std@@QAE@ABV?$allocator@PAVDictNode@ParserTC50@aggregator@tls@@@1@@Z 130dc4e0 f i parsertc50_static:parser_tc50.obj
 0001:0000b540       ?_Tidy@?$list@PAVDictNode@ParserTC50@aggregator@tls@@V?$allocator@PAVDictNode@ParserTC50@aggregator@tls@@@std@@@std@@IAEXXZ 130dc540 f i parsertc50_static:parser_tc50.obj
 0001:0000b5c0       ??0?$vector@V?$_Iterator@$00@?$list@PAVDictNode@ParserTC50@aggregator@tls@@V?$allocator@PAVDictNode@ParserTC50@aggregator@tls@@@std@@@std@@V?$allocator@V?$_Iterator@$00@?$list@PAVDictNode@ParserTC50@aggregator@tls@@V?$allocator@PAVDictNode@ParserTC50@aggregator@tls@@@std@@@std@@@3@@std@@QAE@IABV?$_Iterator@$00@?$list@PAVDictNode@ParserTC50@aggregator@tls@@V?$allocator@PAVDictNode@ParserTC50@aggregator@tls@@@std@@@1@ABV?$allocator@V?$_Iterator@$00@?$list@PAVDictNode@ParserTC50@aggregator@tls@@V?$allocator@PAVDictNode@ParserTC50@aggregator@tls@@@std@@@std@@@1@@Z 130dc5c0 f i parsertc50_static:parser_tc50.obj
 0001:0000b610       ?_Tidy@?$vector@V?$_Iterator@$00@?$list@PAVDictNode@ParserTC50@aggregator@tls@@V?$allocator@PAVDictNode@ParserTC50@aggregator@tls@@@std@@@std@@V?$allocator@V?$_Iterator@$00@?$list@PAVDictNode@ParserTC50@aggregator@tls@@V?$allocator@PAVDictNode@ParserTC50@aggregator@tls@@@std@@@std@@@3@@std@@IAEXXZ 130dc610 f i parsertc50_static:parser_tc50.obj
 0001:0000b6a0       ??0?$_Iterator@$00@?$list@U?$pair@$$CBIVLogFileNode@ParserTC50@aggregator@tls@@@std@@V?$allocator@U?$pair@$$CBIVLogFileNode@ParserTC50@aggregator@tls@@@std@@@2@@std@@QAE@PAU_Node@?$_List_nod@U?$pair@$$CBIVLogFileNode@ParserTC50@aggregator@tls@@@std@@V?$allocator@U?$pair@$$CBIVLogFileNode@ParserTC50@aggregator@tls@@@std@@@2@@2@PBV12@@Z 130dc6a0 f i parsertc50_static:parser_tc50.obj
 0001:0000b6e0       ??F?$_Iterator@$00@?$list@U?$pair@$$CBIVLogFileNode@ParserTC50@aggregator@tls@@@std@@V?$allocator@U?$pair@$$CBIVLogFileNode@ParserTC50@aggregator@tls@@@std@@@2@@std@@QAEAAV012@XZ 130dc6e0 f i parsertc50_static:parser_tc50.obj
 0001:0000b710       ??D?$_Const_iterator@$00@?$list@U?$pair@$$CBIVLogFileNode@ParserTC50@aggregator@tls@@@std@@V?$allocator@U?$pair@$$CBIVLogFileNode@ParserTC50@aggregator@tls@@@std@@@2@@std@@QBEABU?$pair@$$CBIVLogFileNode@ParserTC50@aggregator@tls@@@2@XZ 130dc710 f i parsertc50_static:parser_tc50.obj
 0001:0000b7c0       ?_Myval@?$list@ULogFileNodePos@?1??ThreadProc@ParserTC50@aggregator@tls@@QAEXI@Z@V?$allocator@ULogFileNodePos@?1??ThreadProc@ParserTC50@aggregator@tls@@QAEXI@Z@@std@@@std@@KAAAULogFileNodePos@?1??ThreadProc@ParserTC50@aggregator@tls@@QAEXI@Z@PAU_Node@?$_List_nod@ULogFileNodePos@?1??ThreadProc@ParserTC50@aggregator@tls@@QAEXI@Z@V?$allocator@ULogFileNodePos@?1??ThreadProc@ParserTC50@aggregator@tls@@QAEXI@Z@@std@@@2@@Z 130dc7c0 f i parsertc50_static:parser_tc50.obj
 0001:0000b7d0       ?_Buynode@?$list@ULogFileNodePos@?1??ThreadProc@ParserTC50@aggregator@tls@@QAEXI@Z@V?$allocator@ULogFileNodePos@?1??ThreadProc@ParserTC50@aggregator@tls@@QAEXI@Z@@std@@@std@@IAEPAU_Node@?$_List_nod@ULogFileNodePos@?1??ThreadProc@ParserTC50@aggregator@tls@@QAEXI@Z@V?$allocator@ULogFileNodePos@?1??ThreadProc@ParserTC50@aggregator@tls@@QAEXI@Z@@std@@@2@PAU342@0ABULogFileNodePos@?1??ThreadProc@ParserTC50@aggregator@tls@@QAEXI@Z@@Z 130dc7d0 f i parsertc50_static:parser_tc50.obj
 0001:0000b8d0       ?_Incsize@?$list@ULogFileNodePos@?1??ThreadProc@ParserTC50@aggregator@tls@@QAEXI@Z@V?$allocator@ULogFileNodePos@?1??ThreadProc@ParserTC50@aggregator@tls@@QAEXI@Z@@std@@@std@@IAEXI@Z 130dc8d0 f i parsertc50_static:parser_tc50.obj
 0001:0000b950       ?_Raise@exception@stdext@@QBEXXZ 130dc950 f i parsertc50_static:parser_tc50.obj
 0001:0000b9b0       ??0length_error@std@@QAE@ABV?$basic_string@DU?$char_traits@D@std@@V?$allocator@D@2@@1@@Z 130dc9b0 f i parsertc50_static:parser_tc50.obj
 0001:0000b9f0       ??0logic_error@std@@QAE@ABV?$basic_string@DU?$char_traits@D@std@@V?$allocator@D@2@@1@@Z 130dc9f0 f i parsertc50_static:parser_tc50.obj
 0001:0000ba40       ??0exception@stdext@@QAE@PBDH@Z 130dca40 f i parsertc50_static:parser_tc50.obj
 0001:0000ba70       ?what@exception@stdext@@UBEPBDXZ 130dca70 f i parsertc50_static:parser_tc50.obj
 0001:0000ba90       ?_Doraise@exception@stdext@@MBEXXZ 130dca90 f i parsertc50_static:parser_tc50.obj
 0001:0000bab0       ??_Gexception@stdext@@UAEPAXI@Z 130dcab0 f i parsertc50_static:parser_tc50.obj
 0001:0000bab0       ??_Eexception@stdext@@UAEPAXI@Z 130dcab0 f i parsertc50_static:parser_tc50.obj
 0001:0000baf0       ??1exception@stdext@@UAE@XZ 130dcaf0 f i parsertc50_static:parser_tc50.obj
 0001:0000bb10       ?what@logic_error@std@@UBEPBDXZ 130dcb10 f i parsertc50_static:parser_tc50.obj
 0001:0000bb40       ?_Doraise@logic_error@std@@MBEXXZ 130dcb40 f i parsertc50_static:parser_tc50.obj
 0001:0000bb70       ??_Glogic_error@std@@UAEPAXI@Z 130dcb70 f i parsertc50_static:parser_tc50.obj
 0001:0000bb70       ??_Elogic_error@std@@UAEPAXI@Z 130dcb70 f i parsertc50_static:parser_tc50.obj
 0001:0000bbb0       ??1logic_error@std@@UAE@XZ 130dcbb0 f i parsertc50_static:parser_tc50.obj
 0001:0000bbf0       ??1length_error@std@@UAE@XZ 130dcbf0 f i parsertc50_static:parser_tc50.obj
 0001:0000bc20       ?_Doraise@length_error@std@@MBEXXZ 130dcc20 f i parsertc50_static:parser_tc50.obj
 0001:0000bc50       ??_Elength_error@std@@UAEPAXI@Z 130dcc50 f i parsertc50_static:parser_tc50.obj
 0001:0000bc50       ??_Glength_error@std@@UAEPAXI@Z 130dcc50 f i parsertc50_static:parser_tc50.obj
 0001:0000bc90       ??0?$basic_string@DU?$char_traits@D@std@@V?$allocator@D@2@@std@@QAE@ABV01@@Z 130dcc90 f i parsertc50_static:parser_tc50.obj
 0001:0000bce0       ??1?$basic_string@DU?$char_traits@D@std@@V?$allocator@D@2@@std@@QAE@XZ 130dcce0 f i parsertc50_static:parser_tc50.obj
 0001:0000bd10       ?c_str@?$basic_string@DU?$char_traits@D@std@@V?$allocator@D@2@@std@@QBEPBDXZ 130dcd10 f i parsertc50_static:parser_tc50.obj
 0001:0000bd40       ??1?$_String_val@DV?$allocator@D@std@@@std@@QAE@XZ 130dcd40 f i parsertc50_static:parser_tc50.obj
 0001:0000bd70       ??1_String_base@std@@QAE@XZ 130dcd70 f i parsertc50_static:parser_tc50.obj
 0001:0000bda0       ?assign@?$basic_string@DU?$char_traits@D@std@@V?$allocator@D@2@@std@@QAEAAV12@ABV12@II@Z 130dcda0 f i parsertc50_static:parser_tc50.obj
 0001:0000be70       ?_Tidy@?$basic_string@DU?$char_traits@D@std@@V?$allocator@D@2@@std@@IAEX_NI@Z 130dce70 f i parsertc50_static:parser_tc50.obj
 0001:0000bf10       ?_Myptr@?$basic_string@DU?$char_traits@D@std@@V?$allocator@D@2@@std@@IBEPBDXZ 130dcf10 f i parsertc50_static:parser_tc50.obj
 0001:0000bf50       ??0?$_String_val@DV?$allocator@D@std@@@std@@QAE@ABV01@@Z 130dcf50 f i parsertc50_static:parser_tc50.obj
 0001:0000bfa0       ??0_String_base@std@@QAE@XZ 130dcfa0 f i parsertc50_static:parser_tc50.obj
 0001:0000bfd0       ?erase@?$basic_string@DU?$char_traits@D@std@@V?$allocator@D@2@@std@@QAEAAV12@II@Z 130dcfd0 f i parsertc50_static:parser_tc50.obj
 0001:0000c080       ?size@?$basic_string@DU?$char_traits@D@std@@V?$allocator@D@2@@std@@QBEIXZ 130dd080 f i parsertc50_static:parser_tc50.obj
 0001:0000c0a0       ?_Eos@?$basic_string@DU?$char_traits@D@std@@V?$allocator@D@2@@std@@IAEXI@Z 130dd0a0 f i parsertc50_static:parser_tc50.obj
 0001:0000c0f0       ?assign@?$char_traits@D@std@@SAXAADABD@Z 130dd0f0 f i parsertc50_static:parser_tc50.obj
 0001:0000c100       ?_Grow@?$basic_string@DU?$char_traits@D@std@@V?$allocator@D@2@@std@@IAE_NI_N@Z 130dd100 f i parsertc50_static:parser_tc50.obj
 0001:0000c1b0       ?_Myptr@?$basic_string@DU?$char_traits@D@std@@V?$allocator@D@2@@std@@IAEPADXZ 130dd1b0 f i parsertc50_static:parser_tc50.obj
 0001:0000c1f0       ??0?$allocator@D@std@@QAE@ABV01@@Z 130dd1f0 f i parsertc50_static:parser_tc50.obj
 0001:0000c210       ?deallocate@?$allocator@D@std@@QAEXPADI@Z 130dd210 f i parsertc50_static:parser_tc50.obj
 0001:0000c240       ??0?$_List_ptr@ULogFileNodePos@?1??ThreadProc@ParserTC50@aggregator@tls@@QAEXI@Z@V?$allocator@ULogFileNodePos@?1??ThreadProc@ParserTC50@aggregator@tls@@QAEXI@Z@@std@@@std@@IAE@V?$allocator@ULogFileNodePos@?1??ThreadProc@ParserTC50@aggregator@tls@@QAEXI@Z@@1@@Z 130dd240 f i parsertc50_static:parser_tc50.obj
 0001:0000c290       ??0?$allocator@ULogFileNodePos@?1??ThreadProc@ParserTC50@aggregator@tls@@QAEXI@Z@@std@@QAE@ABV01@@Z 130dd290 f i parsertc50_static:parser_tc50.obj
 0001:0000c2b0       ?allocate@?$allocator@U_Node@?$_List_nod@ULogFileNodePos@?1??ThreadProc@ParserTC50@aggregator@tls@@QAEXI@Z@V?$allocator@ULogFileNodePos@?1??ThreadProc@ParserTC50@aggregator@tls@@QAEXI@Z@@std@@@std@@@std@@QAEPAU_Node@?$_List_nod@ULogFileNodePos@?1??ThreadProc@ParserTC50@aggregator@tls@@QAEXI@Z@V?$allocator@ULogFileNodePos@?1??ThreadProc@ParserTC50@aggregator@tls@@QAEXI@Z@@std@@@2@I@Z 130dd2b0 f i parsertc50_static:parser_tc50.obj
 0001:0000c2e0       ?construct@?$allocator@PAU_Node@?$_List_nod@ULogFileNodePos@?1??ThreadProc@ParserTC50@aggregator@tls@@QAEXI@Z@V?$allocator@ULogFileNodePos@?1??ThreadProc@ParserTC50@aggregator@tls@@QAEXI@Z@@std@@@std@@@std@@QAEXPAPAU_Node@?$_List_nod@ULogFileNodePos@?1??ThreadProc@ParserTC50@aggregator@tls@@QAEXI@Z@V?$allocator@ULogFileNodePos@?1??ThreadProc@ParserTC50@aggregator@tls@@QAEXI@Z@@std@@@2@ABQAU342@@Z 130dd2e0 f i parsertc50_static:parser_tc50.obj
 0001:0000c310       ?destroy@?$allocator@PAU_Node@?$_List_nod@ULogFileNodePos@?1??ThreadProc@ParserTC50@aggregator@tls@@QAEXI@Z@V?$allocator@ULogFileNodePos@?1??ThreadProc@ParserTC50@aggregator@tls@@QAEXI@Z@@std@@@std@@@std@@QAEXPAPAU_Node@?$_List_nod@ULogFileNodePos@?1??ThreadProc@ParserTC50@aggregator@tls@@QAEXI@Z@V?$allocator@ULogFileNodePos@?1??ThreadProc@ParserTC50@aggregator@tls@@QAEXI@Z@@std@@@2@@Z 130dd310 f i parsertc50_static:parser_tc50.obj
 0001:0000c340       ??0?$_Const_iterator@$00@?$list@ULogFileNodePos@?1??ThreadProc@ParserTC50@aggregator@tls@@QAEXI@Z@V?$allocator@ULogFileNodePos@?1??ThreadProc@ParserTC50@aggregator@tls@@QAEXI@Z@@std@@@std@@QAE@PAU_Node@?$_List_nod@ULogFileNodePos@?1??ThreadProc@ParserTC50@aggregator@tls@@QAEXI@Z@V?$allocator@ULogFileNodePos@?1??ThreadProc@ParserTC50@aggregator@tls@@QAEXI@Z@@std@@@2@PBV12@@Z 130dd340 f i parsertc50_static:parser_tc50.obj
 0001:0000c380       ??F?$_Const_iterator@$00@?$list@ULogFileNodePos@?1??ThreadProc@ParserTC50@aggregator@tls@@QAEXI@Z@V?$allocator@ULogFileNodePos@?1??ThreadProc@ParserTC50@aggregator@tls@@QAEXI@Z@@std@@@std@@QAEAAV012@XZ 130dd380 f i parsertc50_static:parser_tc50.obj
[...]
 0003:00006fe4       __NLG_Destination          1319afe4     LIBCMTD:exsup.obj
 0003:00006ff4       ??_R0?AVDNameNode@@@8      1319aff4     LIBCMTD:undname.obj
 0003:0000700c       ??_R0?AVcharNode@@@8       1319b00c     LIBCMTD:undname.obj
 0003:00007024       ??_R0?AVpcharNode@@@8      1319b024     LIBCMTD:undname.obj
 0003:0000703c       ??_R0?AVpDNameNode@@@8     1319b03c     LIBCMTD:undname.obj
 0003:00007058       ??_R0?AVDNameStatusNode@@@8 1319b058     LIBCMTD:undname.obj
 0003:00007078       __timezone                 1319b078     LIBCMTD:timeset.obj
 0003:0000707c       __daylight                 1319b07c     LIBCMTD:timeset.obj
 0003:00007080       __dstbias                  1319b080     LIBCMTD:timeset.obj
 0003:00007108       __tzname                   1319b108     LIBCMTD:timeset.obj
 0003:00007128       __lookuptrailbytes         1319b128     LIBCMTD:read.obj
 0003:00007228       __coninpfh                 1319b228     LIBCMTD:initcon.obj
 0003:0000722c       __confh                    1319b22c     LIBCMTD:initcon.obj
 0003:00007230       __lpdays                   1319b230     LIBCMTD:days.obj
 0003:00007264       __days                     1319b264     LIBCMTD:days.obj
 0003:00007c08       ?m_gStartTime@micro_time@base@tls@@0_KA 1319bc08     base_static:time_util.obj
 0003:00007c10       ?m_gStartTime_std@micro_time@base@tls@@0_KA 1319bc10     base_static:time_util.obj
 0003:0000848c       ?_Raise_handler@std@@3P6AXABVexception@stdext@@@ZA 1319c48c     libcpmtd:raisehan.obj
 0003:000084b8       __aenvptr                  1319c4b8     LIBCMTD:dllcrt0.obj
 0003:000084bc       __wenvptr                  1319c4bc     LIBCMTD:dllcrt0.obj
 0003:000084c0       ___error_mode              1319c4c0     LIBCMTD:dllcrt0.obj
 0003:000084c4       ___app_type                1319c4c4     LIBCMTD:dllcrt0.obj
 0003:000084dc       ?_pfnDumpClient@@3P6AXPAXI@ZA 1319c4dc     LIBCMTD:dbgheap.obj
 0003:000084e4       ___crtDebugCheckCount      1319c4e4     LIBCMTD:dbgheap.obj
 0003:000084ec       ___pInvalidArgHandler      1319c4ec     LIBCMTD:invarg.obj
 0003:000084f0       __cflush                   1319c4f0     LIBCMTD:_file.obj
 0003:000084f4       ?wsprintffp@@3P6AHPADPBDZZA 1319c4f4     LIBCMTD:error.obj
 0003:00008668       __umaskval                 1319c668     LIBCMTD:crt0dat.obj
 0003:0000866c       __osplatform               1319c66c     LIBCMTD:crt0dat.obj
 0003:00008670       __osver                    1319c670     LIBCMTD:crt0dat.obj
 0003:00008674       __winver                   1319c674     LIBCMTD:crt0dat.obj
 0003:00008678       __winmajor                 1319c678     LIBCMTD:crt0dat.obj
 0003:0000867c       __winminor                 1319c67c     LIBCMTD:crt0dat.obj
 0003:00008680       ___argc                    1319c680     LIBCMTD:crt0dat.obj
 0003:00008684       ___argv                    1319c684     LIBCMTD:crt0dat.obj
 0003:00008688       ___wargv                   1319c688     LIBCMTD:crt0dat.obj
 0003:0000868c       __environ                  1319c68c     LIBCMTD:crt0dat.obj
 0003:00008690       ___initenv                 1319c690     LIBCMTD:crt0dat.obj
 0003:00008694       __wenviron                 1319c694     LIBCMTD:crt0dat.obj
 0003:00008698       ___winitenv                1319c698     LIBCMTD:crt0dat.obj
 0003:0000869c       __pgmptr                   1319c69c     LIBCMTD:crt0dat.obj
 0003:000086a0       __wpgmptr                  1319c6a0     LIBCMTD:crt0dat.obj
 0003:000086a4       __exitflag                 1319c6a4     LIBCMTD:crt0dat.obj
 0003:000086a8       __C_Termination_Done       1319c6a8     LIBCMTD:crt0dat.obj
 0003:000086ac       __C_Exit_Done              1319c6ac     LIBCMTD:crt0dat.obj
 0003:000089f4       _gpFlsAlloc                1319c9f4     LIBCMTD:tidtable.obj
 0003:000089f8       _gpFlsGetValue             1319c9f8     LIBCMTD:tidtable.obj
 0003:000089fc       _gpFlsSetValue             1319c9fc     LIBCMTD:tidtable.obj
 0003:00008a00       _gpFlsFree                 1319ca00     LIBCMTD:tidtable.obj
 0003:00008a0c       ___pPurecall               1319ca0c     LIBCMTD:inithelp.obj
 0003:00008a10       ?_pnhHeap@@3P6AHI@ZA       1319ca10     LIBCMTD:handler.obj
 0003:00008b24       __crtheap                  1319cb24     LIBCMTD:heapinit.obj
 0003:00008e4c       __newmode                  1319ce4c     LIBCMTD:_newmode.obj
 0003:00008e50       ___sbh_pHeaderDefer        1319ce50     LIBCMTD:sbheap.obj
 0003:00008e58       ___mbulinfo                1319ce58     LIBCMTD:mbctype.obj
 0003:00008e64       ___mbcodepage              1319ce64     LIBCMTD:mbctype.obj
 0003:00008e68       ___ismbcodepage            1319ce68     LIBCMTD:mbctype.obj
 0003:00008e6c       ___mblcid                  1319ce6c     LIBCMTD:mbctype.obj
 0003:00008e70       ___locale_changed          1319ce70     LIBCMTD:setlocal.obj
 0003:00008e74       ___lc_handle               1319ce74     LIBCMTD:nlsdata2.obj
 0003:00008e8c       ___lc_codepage             1319ce8c     LIBCMTD:nlsdata2.obj
 0003:00008e90       ___lc_collate_cp           1319ce90     LIBCMTD:nlsdata2.obj
 0003:00008e94       __stdbuf                   1319ce94     LIBCMTD:_sftbuf.obj
 0003:00008e9c       ?__pInconsistency@@3P6AXXZA 1319ce9c     LIBCMTD:hooks.obj
 0003:00008ee4       ___lconv_static_null       1319cee4     LIBCMTD:lconv.obj
 0003:00008efc       ?pArgList@UnDecorator@@0PAVReplicator@@A 1319cefc     LIBCMTD:undname.obj
 0003:00008f00       ?pZNameList@UnDecorator@@0PAVReplicator@@A 1319cf00     LIBCMTD:undname.obj
 0003:00008f04       ?pTemplateArgList@UnDecorator@@0PAVReplicator@@A 1319cf04     LIBCMTD:undname.obj
 0003:00008f08       ?gName@UnDecorator@@0PBDB  1319cf08     LIBCMTD:undname.obj
 0003:00008f0c       ?name@UnDecorator@@0PBDB   1319cf0c     LIBCMTD:undname.obj
 0003:00008f10       ?outputString@UnDecorator@@0PADA 1319cf10     LIBCMTD:undname.obj
 0003:00008f14       ?maxStringLength@UnDecorator@@0HA 1319cf14     LIBCMTD:undname.obj
 0003:00008f18       ?disableFlags@UnDecorator@@0KA 1319cf18     LIBCMTD:undname.obj
 0003:00008f1c       ?m_pGetParameter@UnDecorator@@0P6APADJ@ZA 1319cf1c     LIBCMTD:undname.obj
 0003:00008f20       ?fExplicitTemplateParams@UnDecorator@@0_NA 1319cf20     LIBCMTD:undname.obj
 0003:00008f21       ?fGetTemplateArgumentList@UnDecorator@@0_NA 1319cf21     LIBCMTD:undname.obj
 0003:00009054       ?m_gStartTime@five_year_time@base@tls@@2IA 1319d054     base_static:time_util.obj
 0003:00009058       __commode                  1319d058     LIBCMTD:ncommode.obj
 0003:0000905c       __fmode                    1319d05c     LIBCMTD:txtmode.obj
 0003:00009060       __pfnReportHook            1319d060     <common>
 0003:00009070       __pReportHookListW         1319d070     <common>
 0003:00009074       __pReportHookList          1319d074     <common>
 0003:00009078       ___setlc_active            1319d078     <common>
 0003:00009088       ___unguarded_readlc_active 1319d088     <common>
 0003:0000908c       ___sbh_initialized         1319d08c     <common>
 0003:000090a0       ___sbh_cntHeaderList       1319d0a0     <common>
 0003:000090a4       ___sbh_pHeaderList         1319d0a4     <common>
 0003:000090a8       ___sbh_threshold           1319d0a8     <common>
 0003:000090ac       ___sbh_pHeaderScan         1319d0ac     <common>
 0003:000090b0       ___sbh_sizeHeaderList      1319d0b0     <common>
 0003:000090b4       ___sbh_indGroupDefer       1319d0b4     <common>
 0003:000090b8       __debugger_hook_dummy      1319d0b8     <common>
 0003:000090c4       ___use_sse2_mathfcns       1319d0c4     <common>
 0003:000090d4       ___sse2_available          1319d0d4     <common>
 0003:000090d8       ___active_heap             1319d0d8     <common>
 0003:000090e4       __nhandle                  1319d0e4     <common>
 0003:00009140       ___pioinfo                 1319d140     <common>
 0003:00009240       ___env_initialized         1319d240     <common>
 0003:00009250       ___onexitend               1319d250     <common>
 0003:00009254       ___onexitbegin             1319d254     <common>
 0003:00009258       ___mbctype_initialized     1319d258     <common>
 0003:0000925c       __FPinit                   1319d25c     <common>
 0003:00009260       ___dyn_tls_init_callback   1319d260     <common>
 0003:00009264       ___piob                    1319d264     <common>
 0003:000095c0       __bufin                    1319d5c0     <common>
 0003:0000a5c0       __nstream                  1319e5c0     <common>
 0003:0000a5c4       __acmdln                   1319e5c4     <common>
 0004:00000000       __IMPORT_DESCRIPTOR_WTCommLibD 1319f000     WTCommLibd:WTCommLibD.dll
 0004:00000014       __IMPORT_DESCRIPTOR_KERNEL32 1319f014     kernel32:KERNEL32.dll
 0004:00000028       __NULL_IMPORT_DESCRIPTOR   1319f028     WTCommLibd:WTCommLibD.dll
 0004:000002f4       __imp__SetHandleCount@4    1319f2f4     kernel32:KERNEL32.dll
 0004:000002f8       __imp__CreateThread@24     1319f2f8     kernel32:KERNEL32.dll
 0004:000002fc       __imp__UnlockFileEx@20     1319f2fc     kernel32:KERNEL32.dll
 0004:00000300       __imp__LockFileEx@24       1319f300     kernel32:KERNEL32.dll
 0004:00000304       __imp__DeleteFileA@4       1319f304     kernel32:KERNEL32.dll
 0004:00000308       __imp__CopyFileExA@24      1319f308     kernel32:KERNEL32.dll
 0004:0000030c       __imp__MoveFileExA@12      1319f30c     kernel32:KERNEL32.dll
 0004:00000310       __imp__lstrcpyA@8          1319f310     kernel32:KERNEL32.dll
 0004:00000314       __imp__GetFileAttributesA@4 1319f314     kernel32:KERNEL32.dll
 0004:00000318       __imp__CreateDirectoryA@8  1319f318     kernel32:KERNEL32.dll
 0004:0000031c       __imp__GetFileInformationByHandle@8 1319f31c     kernel32:KERNEL32.dll
 0004:00000320       __imp__WaitForSingleObject@8 1319f320     kernel32:KERNEL32.dll
 0004:00000324       __imp__SetEvent@4          1319f324     kernel32:KERNEL32.dll
 0004:00000328       __imp__ResetEvent@4        1319f328     kernel32:KERNEL32.dll
 0004:0000032c       __imp__CreateEventA@16     1319f32c     kernel32:KERNEL32.dll
 0004:00000330       __imp__TryEnterCriticalSection@4 1319f330     kernel32:KERNEL32.dll
 0004:00000334       __imp__InterlockedIncrement@4 1319f334     kernel32:KERNEL32.dll
 0004:00000338       __imp__InterlockedDecrement@4 1319f338     kernel32:KERNEL32.dll
 0004:0000033c       __imp__Sleep@4             1319f33c     kernel32:KERNEL32.dll
 0004:00000340       __imp__InterlockedExchange@8 1319f340     kernel32:KERNEL32.dll
 0004:00000344       __imp__InitializeCriticalSection@4 1319f344     kernel32:KERNEL32.dll
 0004:00000348       __imp__DeleteCriticalSection@4 1319f348     kernel32:KERNEL32.dll
 0004:0000034c       __imp__EnterCriticalSection@4 1319f34c     kernel32:KERNEL32.dll
 0004:00000350       __imp__LeaveCriticalSection@4 1319f350     kernel32:KERNEL32.dll
 0004:00000354       __imp__GetModuleFileNameW@12 1319f354     kernel32:KERNEL32.dll
 0004:00000358       __imp__WriteConsoleW@20    1319f358     kernel32:KERNEL32.dll
 0004:0000035c       __imp__GetFileType@4       1319f35c     kernel32:KERNEL32.dll
 0004:00000360       __imp__GetStdHandle@4      1319f360     kernel32:KERNEL32.dll
 0004:00000364       __imp__GetCurrentThreadId@0 1319f364     kernel32:KERNEL32.dll
 0004:00000368       __imp__GetCommandLineA@0   1319f368     kernel32:KERNEL32.dll
 0004:0000036c       __imp__HeapFree@12         1319f36c     kernel32:KERNEL32.dll
 0004:00000370       __imp__GetVersionExA@4     1319f370     kernel32:KERNEL32.dll
 0004:00000374       __imp__HeapAlloc@12        1319f374     kernel32:KERNEL32.dll
 0004:00000378       __imp__GetProcessHeap@0    1319f378     kernel32:KERNEL32.dll
 0004:0000037c       __imp__HeapValidate@12     1319f37c     kernel32:KERNEL32.dll
 0004:00000380       __imp__IsBadReadPtr@8      1319f380     kernel32:KERNEL32.dll
 0004:00000384       __imp__TerminateProcess@8  1319f384     kernel32:KERNEL32.dll
 0004:00000388       __imp__GetCurrentProcess@0 1319f388     kernel32:KERNEL32.dll
 0004:0000038c       __imp__UnhandledExceptionFilter@4 1319f38c     kernel32:KERNEL32.dll
 0004:00000390       __imp__SetUnhandledExceptionFilter@4 1319f390     kernel32:KERNEL32.dll
 0004:00000394       __imp__IsDebuggerPresent@0 1319f394     kernel32:KERNEL32.dll
 0004:00000398       __imp__RtlUnwind@16        1319f398     kernel32:KERNEL32.dll
 0004:0000039c       __imp__RaiseException@16   1319f39c     kernel32:KERNEL32.dll
 0004:000003a0       __imp__DebugBreak@0        1319f3a0     kernel32:KERNEL32.dll
 0004:000003a4       __imp__WideCharToMultiByte@32 1319f3a4     kernel32:KERNEL32.dll
 0004:000003a8       __imp__MultiByteToWideChar@24 1319f3a8     kernel32:KERNEL32.dll
 0004:000003ac       __imp__lstrlenA@4          1319f3ac     kernel32:KERNEL32.dll
 0004:000003b0       __imp__GetProcAddress@8    1319f3b0     kernel32:KERNEL32.dll
 0004:000003b4       __imp__LoadLibraryA@4      1319f3b4     kernel32:KERNEL32.dll
 0004:000003b8       __imp__FatalAppExitA@8     1319f3b8     kernel32:KERNEL32.dll
 0004:000003bc       __imp__GetModuleHandleA@4  1319f3bc     kernel32:KERNEL32.dll
 0004:000003c0       __imp__ExitProcess@4       1319f3c0     kernel32:KERNEL32.dll
 0004:000003c4       __imp__GetLastError@0      1319f3c4     kernel32:KERNEL32.dll
 0004:000003c8       __imp__SetConsoleCtrlHandler@8 1319f3c8     kernel32:KERNEL32.dll
 0004:000003cc       __imp__LoadLibraryW@4      1319f3cc     kernel32:KERNEL32.dll
 0004:000003d0       __imp__GetModuleFileNameA@12 1319f3d0     kernel32:KERNEL32.dll
 0004:000003d4       __imp__WriteFile@20        1319f3d4     kernel32:KERNEL32.dll
 0004:000003d8       __imp__TlsGetValue@4       1319f3d8     kernel32:KERNEL32.dll
 0004:000003dc       __imp__TlsAlloc@0          1319f3dc     kernel32:KERNEL32.dll
 0004:000003e0       __imp__TlsSetValue@8       1319f3e0     kernel32:KERNEL32.dll
 0004:000003e4       __imp__TlsFree@4           1319f3e4     kernel32:KERNEL32.dll
 0004:000003e8       __imp__SetLastError@4      1319f3e8     kernel32:KERNEL32.dll
 0004:000003ec       __imp__GetCurrentThread@0  1319f3ec     kernel32:KERNEL32.dll
 0004:000003f0       __imp__SetEndOfFile@4      1319f3f0     kernel32:KERNEL32.dll
 0004:000003f4       __imp__GetStartupInfoA@4   1319f3f4     kernel32:KERNEL32.dll
 0004:000003f8       __imp__FreeEnvironmentStringsA@4 1319f3f8     kernel32:KERNEL32.dll
 0004:000003fc       __imp__GetEnvironmentStrings@0 1319f3fc     kernel32:KERNEL32.dll
 0004:00000400       __imp__FreeEnvironmentStringsW@4 1319f400     kernel32:KERNEL32.dll
 0004:00000404       __imp__GetEnvironmentStringsW@0 1319f404     kernel32:KERNEL32.dll
 0004:00000408       __imp__HeapDestroy@4       1319f408     kernel32:KERNEL32.dll
 0004:0000040c       __imp__HeapCreate@12       1319f40c     kernel32:KERNEL32.dll
 0004:00000410       __imp__VirtualFree@12      1319f410     kernel32:KERNEL32.dll
 0004:00000414       __imp__QueryPerformanceCounter@4 1319f414     kernel32:KERNEL32.dll
 0004:00000418       __imp__GetTickCount@0      1319f418     kernel32:KERNEL32.dll
 0004:0000041c       __imp__GetCurrentProcessId@0 1319f41c     kernel32:KERNEL32.dll
 0004:00000420       __imp__GetSystemTimeAsFileTime@4 1319f420     kernel32:KERNEL32.dll
 0004:00000424       __imp__HeapReAlloc@16      1319f424     kernel32:KERNEL32.dll
 0004:00000428       __imp__VirtualAlloc@16     1319f428     kernel32:KERNEL32.dll
 0004:0000042c       __imp__GetACP@0            1319f42c     kernel32:KERNEL32.dll
 0004:00000430       __imp__GetOEMCP@0          1319f430     kernel32:KERNEL32.dll
 0004:00000434       __imp__GetCPInfo@8         1319f434     kernel32:KERNEL32.dll
 0004:00000438       __imp__IsValidCodePage@4   1319f438     kernel32:KERNEL32.dll
 0004:0000043c       __imp__OutputDebugStringA@4 1319f43c     kernel32:KERNEL32.dll
 0004:00000440       __imp__OutputDebugStringW@4 1319f440     kernel32:KERNEL32.dll
 0004:00000444       __imp__FlushFileBuffers@4  1319f444     kernel32:KERNEL32.dll
 0004:00000448       __imp__GetConsoleCP@0      1319f448     kernel32:KERNEL32.dll
 0004:0000044c       __imp__GetConsoleMode@8    1319f44c     kernel32:KERNEL32.dll
 0004:00000450       __imp__VirtualQuery@12     1319f450     kernel32:KERNEL32.dll
 0004:00000454       __imp__FreeLibrary@4       1319f454     kernel32:KERNEL32.dll
 0004:00000458       __imp__GetLocaleInfoA@16   1319f458     kernel32:KERNEL32.dll
 0004:0000045c       __imp__GetLocaleInfoW@16   1319f45c     kernel32:KERNEL32.dll
 0004:00000460       __imp__SetFilePointer@16   1319f460     kernel32:KERNEL32.dll
 0004:00000464       __imp__LCMapStringA@24     1319f464     kernel32:KERNEL32.dll
 0004:00000468       __imp__LCMapStringW@24     1319f468     kernel32:KERNEL32.dll
 0004:0000046c       __imp__GetStringTypeA@20   1319f46c     kernel32:KERNEL32.dll
 0004:00000470       __imp__GetStringTypeW@16   1319f470     kernel32:KERNEL32.dll
 0004:00000474       __imp__GetTimeFormatA@24   1319f474     kernel32:KERNEL32.dll
 0004:00000478       __imp__GetDateFormatA@24   1319f478     kernel32:KERNEL32.dll
 0004:0000047c       __imp__IsValidLocale@8     1319f47c     kernel32:KERNEL32.dll
 0004:00000480       __imp__EnumSystemLocalesA@8 1319f480     kernel32:KERNEL32.dll
 0004:00000484       __imp__GetUserDefaultLCID@0 1319f484     kernel32:KERNEL32.dll
 0004:00000488       __imp__SetStdHandle@8      1319f488     kernel32:KERNEL32.dll
 0004:0000048c       __imp__WriteConsoleA@20    1319f48c     kernel32:KERNEL32.dll
 0004:00000490       __imp__GetConsoleOutputCP@0 1319f490     kernel32:KERNEL32.dll
 0004:00000494       __imp__GetTimeZoneInformation@4 1319f494     kernel32:KERNEL32.dll
 0004:00000498       __imp__ReadFile@20         1319f498     kernel32:KERNEL32.dll
 0004:0000049c       __imp__CloseHandle@4       1319f49c     kernel32:KERNEL32.dll
 0004:000004a0       __imp__CreateFileA@28      1319f4a0     kernel32:KERNEL32.dll
 0004:000004a4       __imp__CompareStringA@24   1319f4a4     kernel32:KERNEL32.dll
 0004:000004a8       __imp__CompareStringW@24   1319f4a8     kernel32:KERNEL32.dll
 0004:000004ac       __imp__SetEnvironmentVariableA@8 1319f4ac     kernel32:KERNEL32.dll
 0004:000004b0       \177KERNEL32_NULL_THUNK_DATA 1319f4b0     kernel32:KERNEL32.dll
 0004:00000534       __imp_??1CWtCommon@@UAE@XZ 1319f534     WTCommLibd:WTCommLibD.dll
 0004:00000538       __imp_??0CWtCommon@@QAE@PAVCWtDict@@PAVCWtCache@@H@Z 1319f538     WTCommLibd:WTCommLibD.dll
 0004:0000053c       __imp_?MoveNext@CWtCommon@@QAEHXZ 1319f53c     WTCommLibd:WTCommLibD.dll
 0004:00000540       __imp_?GetCookies@CWtCommon@@QAEPBDPADG@Z 1319f540     WTCommLibd:WTCommLibD.dll
 0004:00000544       __imp_?GetLineCount@CWtCommon@@QAEGXZ 1319f544     WTCommLibd:WTCommLibD.dll
 0004:00000548       __imp_?GetErrmsg@CWtCommon@@QAEPBDPADG@Z 1319f548     WTCommLibd:WTCommLibD.dll
 0004:0000054c       __imp_?GetReturnNo@CWtCommon@@QAEJXZ 1319f54c     WTCommLibd:WTCommLibD.dll
 0004:00000550       __imp_?GetItemLongValueFromID@CWtCommon@@QAEJGK@Z 1319f550     WTCommLibd:WTCommLibD.dll
 0004:00000554       __imp_?GetItemValueFromID@CWtCommon@@QAEPBDGPADGHK@Z 1319f554     WTCommLibd:WTCommLibD.dll
 0004:00000558       __imp_?CreateStruct@CWtCommon@@QAEJGPAXK@Z 1319f558     WTCommLibd:WTCommLibD.dll
 0004:0000055c       __imp_?SetDict@CWtCommon@@QAEXPAVCWtDict@@@Z 1319f55c     WTCommLibd:WTCommLibD.dll
 0004:00000560       __imp_?GetStructInfo@CWtDict@@QAEQAUtagWTSTRUCT_INFO@@G@Z 1319f560     WTCommLibd:WTCommLibD.dll
 0004:00000564       __imp_??1CWtDict2@@UAE@XZ  1319f564     WTCommLibd:WTCommLibD.dll
 0004:00000568       __imp_??0CWtDict2@@QAE@GG@Z 1319f568     WTCommLibd:WTCommLibD.dll
 0004:0000056c       __imp_?GetStructNum@CWtDict@@QAEGXZ 1319f56c     WTCommLibd:WTCommLibD.dll
 0004:00000570       __imp_?GetVersion@CWtDict2@@QAEGXZ 1319f570     WTCommLibd:WTCommLibD.dll
 0004:00000574       \177WTCommLibD_NULL_THUNK_DATA 1319f574     WTCommLibd:WTCommLibD.dll

 entry point at        0001:0001d1e0

