 settingdb

 Timestamp is 568a3c83 (Mon Jan 04 17:33:55 2016)

 Preferred load address is 130b0000

 Start         Length     Name                   Class
 0001:00000000 0005f89cH .text                   CODE
 0001:0005f8a0 00001143H .text$x                 CODE
 0001:000609f0 00001012H .text$yd                CODE
 0002:00000000 00000104H .CRT$XCA                DATA
 0002:00000104 00000104H .CRT$XCZ                DATA
 0002:00000208 00000104H .CRT$XIA                DATA
 0002:0000030c 00000118H .CRT$XIC                DATA
 0002:00000424 00000104H .CRT$XIZ                DATA
 0002:00000528 00000104H .CRT$XPA                DATA
 0002:0000062c 00000109H .CRT$XPX                DATA
 0002:00000738 00000104H .CRT$XPXA               DATA
 0002:0000083c 00000104H .CRT$XPZ                DATA
 0002:00000940 00000104H .CRT$XTA                DATA
 0002:00000a44 00000104H .CRT$XTZ                DATA
 0002:00000b50 000112c2H .rdata                  DATA
 0002:00011e14 0000015eH .rdata$debug            DATA
 0002:00011f74 0000053cH .rdata$r                DATA
 0002:000124b0 00000134H .rdata$sxdata           DATA
 0002:000125e4 00000104H .rtc$IAA                DATA
 0002:000126e8 00000118H .rtc$IMZ                DATA
 0002:00012800 00000104H .rtc$IZZ                DATA
 0002:00012904 00000104H .rtc$TAA                DATA
 0002:00012a08 00000118H .rtc$TMZ                DATA
 0002:00012b20 00000104H .rtc$TZZ                DATA
 0002:00012c28 000010dcH .xdata$x                DATA
 0002:00013d10 00000167H .edata                  DATA
 0003:00000000 0000187dH .data                   DATA
 0003:00001880 000020d4H .bss                    DATA
 0004:00000000 00000014H .idata$2                DATA
 0004:00000014 00000014H .idata$3                DATA
 0004:00000028 000001e8H .idata$4                DATA
 0004:00000210 000001e8H .idata$5                DATA
 0004:000003f8 0000086cH .idata$6                DATA
 0005:00000000 00000169H .rsrc$01                DATA
 0005:00000170 00000a99H .rsrc$02                DATA

  Address         Publics by Value              Rva+Base       Lib:Object

 0000:00000000       __except_list              00000000     <absolute>
 0000:0000000b       ___safe_se_handler_count   0000000b     <absolute>
 0000:00000000       ___ImageBase               130b0000     <linker-defined>
 0001:00000090       ?Release@ModuleImpl@aggregator@tls@@UAEXXZ 130b1090 f   module_impl.obj
 0001:00000100       ??_GModuleImpl@aggregator@tls@@QAEPAXI@Z 130b1100 f i module_impl.obj
 0001:00000150       ?Init@ModuleImpl@aggregator@tls@@UAE?AW4rc_e@@PAUIAggregatorBase@23@@Z 130b1150 f   module_impl.obj
 0001:00000250       ?DeInit@ModuleImpl@aggregator@tls@@UAEXXZ 130b1250 f   module_impl.obj
 0001:00000300       ?TickProc@ModuleImpl@aggregator@tls@@UAEXI@Z 130b1300 f   module_impl.obj
 0001:00000320       ?CheckPoint@ModuleImpl@aggregator@tls@@UAEXXZ 130b1320 f   module_impl.obj
 0001:00000340       ??0ModuleImpl@aggregator@tls@@QAE@XZ 130b1340 f   module_impl.obj
 0001:000003b0       ?GetName@ModuleImpl@aggregator@tls@@UBEPBDXZ 130b13b0 f i module_impl.obj
 0001:000003e0       ?GetName@SettingDB@aggregator@tls@@SAPBDXZ 130b13e0 f i module_impl.obj
 0001:000003f0       ?NeedMoreThread@ModuleImpl@aggregator@tls@@UBEIXZ 130b13f0 f i module_impl.obj
 0001:00000410       ??0IModule@aggregator@tls@@QAE@XZ 130b1410 f i module_impl.obj
 0001:00000440       ??1ModuleImpl@aggregator@tls@@QAE@XZ 130b1440 f   module_impl.obj
 0001:00000480       ?Module_CreateInstance@aggregator@tls@@YAPAUIModule@12@XZ 130b1480 f   module_impl.obj
 0001:000004e0       ?GetName@SettingDB@aggregator@tls@@UBE?BW4rc_e@@PADPAI@Z 130b14e0 f   settingdb_static:setting_db.obj
 0001:00000540       ?GetStatus@SettingDB@aggregator@tls@@UBE?BW4rc_e@@XZ 130b1540 f   settingdb_static:setting_db.obj
 0001:00000560       ?GetResourceSize@SettingDB@aggregator@tls@@UBE?BW4rc_e@@PA_K0@Z 130b1560 f   settingdb_static:setting_db.obj
 0001:000005b0       ?GetLastErr@SettingDB@aggregator@tls@@UBE?BW4rc_e@@PAIPAD0@Z 130b15b0 f   settingdb_static:setting_db.obj
 0001:00000620       ?GetInfo@SettingDB@aggregator@tls@@UBE?BW4rc_e@@PADPAI@Z 130b1620 f   settingdb_static:setting_db.obj
 0001:00000690       ?GetLastAliveTime@SettingDB@aggregator@tls@@UBE?BW4rc_e@@PAI@Z 130b1690 f   settingdb_static:setting_db.obj
 0001:000006c0       ?Set@SettingDB@aggregator@tls@@UAE?AW4rc_e@@PBDPBUIGetSetParam@23@@Z 130b16c0 f   settingdb_static:setting_db.obj
 0001:00000840       ?Get@SettingDB@aggregator@tls@@UAE?AW4rc_e@@PAUIGetSetParam@23@PBD@Z 130b1840 f   settingdb_static:setting_db.obj
 0001:00000a20       ??0SettingDB@aggregator@tls@@QAE@XZ 130b1a20 f   settingdb_static:setting_db.obj
 0001:00000a90       ?GetUUID@SettingDB@aggregator@tls@@UBEABIXZ 130b1a90 f i settingdb_static:setting_db.obj
 0001:00000ab0       ?ConstCast@SettingDB@aggregator@tls@@UBEPBXABI@Z 130b1ab0 f i settingdb_static:setting_db.obj
 0001:00000af0       ?Cast@SettingDB@aggregator@tls@@UAEPAXABI@Z 130b1af0 f i settingdb_static:setting_db.obj
 0001:00000b30       ?Release@SettingDB@aggregator@tls@@UAEXXZ 130b1b30 f i settingdb_static:setting_db.obj
 0001:00000b50       ??0ISetting@aggregator@tls@@QAE@XZ 130b1b50 f i settingdb_static:setting_db.obj
 0001:00000ba0       ??0IObject@tls@@QAE@XZ     130b1ba0 f i settingdb_static:setting_db.obj
 0001:00000bc0       ??0IResource@tls@@QAE@XZ   130b1bc0 f i settingdb_static:setting_db.obj
 0001:00000be0       ??1SettingDB@aggregator@tls@@QAE@XZ 130b1be0 f   settingdb_static:setting_db.obj
 0001:00000c10       ?Init@SettingDB@aggregator@tls@@QAE?AW4rc_e@@PAUIAggregatorBase@23@@Z 130b1c10 f   settingdb_static:setting_db.obj
 0001:00000c60       ?execSQL@SettingDB@aggregator@tls@@AAE?AW4rc_e@@PBD@Z 130b1c60 f   settingdb_static:setting_db.obj
 0001:00000d70       ?getDBConn@SettingDB@aggregator@tls@@AAEPAXXZ 130b1d70 f i settingdb_static:setting_db.obj
 0001:00000de0       ?execSQL@SettingDB@aggregator@tls@@AAE?AW4rc_e@@PAUIGetSetParam@23@PBD@Z 130b1de0 f   settingdb_static:setting_db.obj
 0001:00001180       ?procGet_CollectorConfig@SettingDB@aggregator@tls@@AAE?AW4rc_e@@PAUIGetSetParam@23@@Z 130b2180 f   settingdb_static:setting_db.obj
 0001:000012a0       ?procGet_CollectorFile@SettingDB@aggregator@tls@@AAE?AW4rc_e@@PAUIGetSetParam@23@@Z 130b22a0 f   settingdb_static:setting_db.obj
 0001:00001400       ?procGet_CollectRule@SettingDB@aggregator@tls@@AAE?AW4rc_e@@PAUIGetSetParam@23@@Z 130b2400 f   settingdb_static:setting_db.obj
 0001:00001520       ?procGet_FileID@SettingDB@aggregator@tls@@AAE?AW4rc_e@@PAUIGetSetParam@23@@Z 130b2520 f   settingdb_static:setting_db.obj
 0001:00001690       ?procSet_UpdateFile@SettingDB@aggregator@tls@@AAE?AW4rc_e@@PBUIGetSetParam@23@@Z 130b2690 f   settingdb_static:setting_db.obj
 0001:000018b0       ?procGet_SystemSetting@SettingDB@aggregator@tls@@AAE?AW4rc_e@@PAUIGetSetParam@23@@Z 130b28b0 f   settingdb_static:setting_db.obj
 0001:000018e0       ?procGet_LogTypeRule@SettingDB@aggregator@tls@@AAE?AW4rc_e@@PAUIGetSetParam@23@@Z 130b28e0 f   settingdb_static:setting_db.obj
 0001:000019e0       ?procGet_RPCInvoke@SettingDB@aggregator@tls@@AAE?AW4rc_e@@PAUIGetSetParam@23@@Z 130b29e0 f   settingdb_static:setting_db.obj
 0001:00001a10       ?procSet_RPCInvoke@SettingDB@aggregator@tls@@AAE?AW4rc_e@@PBUIGetSetParam@23@@Z 130b2a10 f   settingdb_static:setting_db.obj
 0001:00001c10       ?procGet_CheckSystem@SettingDB@aggregator@tls@@AAE?AW4rc_e@@PAUIGetSetParam@23@@Z 130b2c10 f   settingdb_static:setting_db.obj
 0001:00001c40       ?procSet_CheckPoint@SettingDB@aggregator@tls@@AAE?AW4rc_e@@PBUIGetSetParam@23@@Z 130b2c40 f   settingdb_static:setting_db.obj
 0001:00001c70       ?procGet_ModuleSetting@SettingDB@aggregator@tls@@AAE?AW4rc_e@@PAUIGetSetParam@23@@Z 130b2c70 f   settingdb_static:setting_db.obj
 0001:00001da0       ?procSet_ModuleSetting@SettingDB@aggregator@tls@@AAE?AW4rc_e@@PBUIGetSetParam@23@@Z 130b2da0 f   settingdb_static:setting_db.obj
 0001:00001f20       ?procSet_CollectorStatus@SettingDB@aggregator@tls@@AAE?AW4rc_e@@PBUIGetSetParam@23@@Z 130b2f20 f   settingdb_static:setting_db.obj
 0001:000020d0       ?procSet_ResourceStatus@SettingDB@aggregator@tls@@AAE?AW4rc_e@@PBUIGetSetParam@23@@Z 130b30d0 f   settingdb_static:setting_db.obj
 0001:000022d0       ?procGet_TC50LogRule@SettingDB@aggregator@tls@@AAE?AW4rc_e@@PAUIGetSetParam@23@@Z 130b32d0 f   settingdb_static:setting_db.obj
 0001:00002300       ?procSet_Log@SettingDB@aggregator@tls@@AAE?AW4rc_e@@PBUIGetSetParam@23@@Z 130b3300 f   settingdb_static:setting_db.obj
 0001:00002450       ?logDB@SettingDB@aggregator@tls@@AAE?AW4rc_e@@PBD0PBEI1I@Z 130b3450 f   settingdb_static:setting_db.obj
 0001:000026a0       ??0?$AutoRelease@PAUIConnection@database@tls@@@tls@@QAE@PAUIConnection@database@1@@Z 130b36a0 f i settingdb_static:setting_db.obj
 0001:000026c0       ??1?$AutoRelease@PAUIConnection@database@tls@@@tls@@QAE@XZ 130b36c0 f i settingdb_static:setting_db.obj
 0001:000026f0       ??C?$AutoRelease@PAUIConnection@database@tls@@@tls@@QAEPAUIConnection@database@1@XZ 130b36f0 f i settingdb_static:setting_db.obj
 0001:00002710       ??B?$AutoRelease@PAUIConnection@database@tls@@@tls@@QAEPAUIConnection@database@1@XZ 130b3710 f i settingdb_static:setting_db.obj
 0001:00002730       ??0?$AutoRelease@PAUIRecordSet@database@tls@@@tls@@QAE@PAUIRecordSet@database@1@@Z 130b3730 f i settingdb_static:setting_db.obj
 0001:00002750       ??1?$AutoRelease@PAUIRecordSet@database@tls@@@tls@@QAE@XZ 130b3750 f i settingdb_static:setting_db.obj
 0001:00002780       ??C?$AutoRelease@PAUIRecordSet@database@tls@@@tls@@QAEPAUIRecordSet@database@1@XZ 130b3780 f i settingdb_static:setting_db.obj
 0001:000027a0       ??B?$AutoRelease@PAUIRecordSet@database@tls@@@tls@@QAEPAUIRecordSet@database@1@XZ 130b37a0 f i settingdb_static:setting_db.obj
 0001:000027c0       ??0?$AutoRelease@PAUIRecord@database@tls@@@tls@@QAE@PAUIRecord@database@1@@Z 130b37c0 f i settingdb_static:setting_db.obj
 0001:000027e0       ??1?$AutoRelease@PAUIRecord@database@tls@@@tls@@QAE@XZ 130b37e0 f i settingdb_static:setting_db.obj
 0001:00002810       ??C?$AutoRelease@PAUIRecord@database@tls@@@tls@@QAEPAUIRecord@database@1@XZ 130b3810 f i settingdb_static:setting_db.obj
 0001:00002830       ??B?$AutoRelease@PAUIRecord@database@tls@@@tls@@QAEPAUIRecord@database@1@XZ 130b3830 f i settingdb_static:setting_db.obj
 0001:00002850       ?Release@?$AutoRelease@PAUIConnection@database@tls@@@tls@@QAEXXZ 130b3850 f i settingdb_static:setting_db.obj
 0001:000028a0       ?Release@?$AutoRelease@PAUIRecordSet@database@tls@@@tls@@QAEXXZ 130b38a0 f i settingdb_static:setting_db.obj
 0001:000028f0       ?Release@?$AutoRelease@PAUIRecord@database@tls@@@tls@@QAEXXZ 130b38f0 f i settingdb_static:setting_db.obj
 0001:00002940       __RTC_CheckEsp             130b3940 f   LIBCMTD:stack.obj
 0001:00002970       @_RTC_CheckStackVars@8     130b3970 f   LIBCMTD:stack.obj
 0001:000029d0       @_RTC_AllocaHelper@12      130b39d0 f   LIBCMTD:stack.obj
 0001:00002a00       @_RTC_CheckStackVars2@12   130b3a00 f   LIBCMTD:stack.obj
 0001:00002ae0       __RTC_InitBase             130b3ae0 f   LIBCMTD:init.obj
 0001:00002b10       __RTC_Shutdown             130b3b10 f   LIBCMTD:init.obj
 0001:00002b30       ??3@YAXPAX@Z               130b3b30 f   LIBCMTD:dbgdel.obj
 0001:00002c20       __wassert                  130b3c20 f   LIBCMTD:wassert.obj
 0001:000039c0       __invoke_watson_if_error   130b49c0 f i LIBCMTD:wassert.obj
 0001:000039f0       __invoke_watson_if_oneof   130b49f0 f i LIBCMTD:wassert.obj
 0001:00003a70       __purecall                 130b4a70 f   LIBCMTD:purevirt.obj
 0001:00003ab0       __set_purecall_handler     130b4ab0 f   LIBCMTD:purevirt.obj
 0001:00003af0       __get_purecall_handler     130b4af0 f   LIBCMTD:purevirt.obj
 0001:00003b10       ??2@YAPAXI@Z               130b4b10 f   LIBCMTD:new.obj
 0001:00003b90       ??0bad_alloc@std@@QAE@XZ   130b4b90 f i LIBCMTD:new.obj
 0001:00003bc0       ??1bad_alloc@std@@UAE@XZ   130b4bc0 f i LIBCMTD:new.obj
 0001:00003be0       ??_Ebad_alloc@std@@UAEPAXI@Z 130b4be0 f i LIBCMTD:new.obj
 0001:00003be0       ??_Gbad_alloc@std@@UAEPAXI@Z 130b4be0 f i LIBCMTD:new.obj
 0001:00003c10       ??0bad_alloc@std@@QAE@ABV01@@Z 130b4c10 f i LIBCMTD:new.obj
 0001:00003c40       __CRT_INIT@12              130b4c40 f   LIBCMTD:dllcrt0.obj
 0001:00003f20       __set_osplatform           130b4f20 f i LIBCMTD:dllcrt0.obj
 0001:00003f30       __set_osver                130b4f30 f i LIBCMTD:dllcrt0.obj
 0001:00003f40       __set_winver               130b4f40 f i LIBCMTD:dllcrt0.obj
 0001:00003f50       __set_winmajor             130b4f50 f i LIBCMTD:dllcrt0.obj
 0001:00003f60       __set_winminor             130b4f60 f i LIBCMTD:dllcrt0.obj
 0001:00003f70       __DllMainCRTStartup@12     130b4f70 f   LIBCMTD:dllcrt0.obj
 0001:00004150       _strcpy_s                  130b5150 f   LIBCMTD:strcpy_s.obj
 0001:00004430       _sprintf                   130b5430 f   LIBCMTD:sprintf.obj
 0001:000045b0       __sprintf_l                130b55b0 f   LIBCMTD:sprintf.obj
 0001:000045e0       _sprintf_s                 130b55e0 f   LIBCMTD:sprintf.obj
 0001:00004610       __sprintf_s_l              130b5610 f   LIBCMTD:sprintf.obj
 0001:00004640       __snprintf_s               130b5640 f   LIBCMTD:sprintf.obj
 0001:00004670       __snprintf_s_l             130b5670 f   LIBCMTD:sprintf.obj
 0001:000046a0       __sprintf_p                130b56a0 f   LIBCMTD:sprintf.obj
 0001:000046d0       __sprintf_p_l              130b56d0 f   LIBCMTD:sprintf.obj
 0001:00004700       __scprintf                 130b5700 f   LIBCMTD:sprintf.obj
 0001:00004720       __scprintf_p               130b5720 f   LIBCMTD:sprintf.obj
 0001:00004740       __scprintf_l               130b5740 f   LIBCMTD:sprintf.obj
 0001:00004770       __scprintf_p_l             130b5770 f   LIBCMTD:sprintf.obj
 0001:000047a0       _strcmp                    130b57a0 f   LIBCMTD:strcmp.obj
 0001:00004830       _strlen                    130b5830 f   LIBCMTD:strlen.obj
 0001:000048c0       @__security_check_cookie@4 130b58c0 f   LIBCMTD:secchk.obj
 0001:000048d0       __chkstk                   130b58d0 f   LIBCMTD:chkstk.obj
 0001:000048d0       __alloca_probe             130b58d0     LIBCMTD:chkstk.obj
 0001:00004900       _memset                    130b5900 f   LIBCMTD:memset.obj
 0001:00004980       _memcpy_s                  130b5980 f   LIBCMTD:memcpy_s.obj
 0001:00004b10       __alloca_probe_16          130b5b10 f   LIBCMTD:alloca16.obj
 0001:00004b26       __alloca_probe_8           130b5b26     LIBCMTD:alloca16.obj
 0001:00004b40       _DebuggerKnownHandle       130b5b40 f   LIBCMTD:error.obj
 0001:00004be0       ?_RTC_Failure@@YAXPAXH@Z   130b5be0 f   LIBCMTD:error.obj
 0001:00004f10       ?_RTC_StackFailure@@YAXPAXPBD@Z 130b5f10 f   LIBCMTD:error.obj
 0001:00005030       ?_RTC_AllocaFailure@@YAXPAXPAU_RTC_ALLOCA_NODE@@H@Z 130b6030 f   LIBCMTD:error.obj
 0001:000051f0       __RTC_UninitUse            130b61f0 f   LIBCMTD:error.obj
 0001:00005300       __RTC_NumErrors            130b6300 f   LIBCMTD:userapi.obj
 0001:00005310       __RTC_GetErrDesc           130b6310 f   LIBCMTD:userapi.obj
 0001:00005330       __RTC_SetErrorType         130b6330 f   LIBCMTD:userapi.obj
 0001:00005360       __RTC_SetErrorFunc         130b6360 f   LIBCMTD:userapi.obj
 0001:00005380       __RTC_SetErrorFuncW        130b6380 f   LIBCMTD:userapi.obj
 0001:000053a0       ?_RTC_GetErrorFunc@@YAP6AHHPBDH00ZZPBX@Z 130b63a0 f   LIBCMTD:userapi.obj
 0001:000053b0       ?_RTC_GetErrorFuncW@@YAP6AHHPB_WH00ZZPBX@Z 130b63b0 f   LIBCMTD:userapi.obj
 0001:000053c0       __chkesp                   130b63c0 f   LIBCMTD:chkesp.obj
 0001:00005400       __CRT_RTC_INIT             130b6400 f   LIBCMTD:chkesp.obj
 0001:00005410       __CRT_RTC_INITW            130b6410 f   LIBCMTD:chkesp.obj
 0001:00005420       __mtinitlocks              130b6420 f   LIBCMTD:mlock.obj
 0001:000054b0       __mtdeletelocks            130b64b0 f   LIBCMTD:mlock.obj
 0001:00005570       __mtinitlocknum            130b6570 f   LIBCMTD:mlock.obj
 0001:000056c0       __lock                     130b66c0 f   LIBCMTD:mlock.obj
 0001:00005700       __unlock                   130b6700 f   LIBCMTD:mlock.obj
 0001:00005720       __lockerr_exit             130b6720 f   LIBCMTD:mlock.obj
 0001:00005740       _malloc                    130b6740 f   LIBCMTD:dbgheap.obj
 0001:00005770       __malloc_dbg               130b6770 f   LIBCMTD:dbgheap.obj
 0001:000057a0       __nh_malloc                130b67a0 f   LIBCMTD:dbgheap.obj
 0001:000057c0       __nh_malloc_dbg            130b67c0 f   LIBCMTD:dbgheap.obj
 0001:00005830       __heap_alloc               130b6830 f   LIBCMTD:dbgheap.obj
 0001:00005850       __heap_alloc_dbg           130b6850 f   LIBCMTD:dbgheap.obj
 0001:00005bf0       _calloc                    130b6bf0 f   LIBCMTD:dbgheap.obj
 0001:00005c20       __calloc_dbg               130b6c20 f   LIBCMTD:dbgheap.obj
 0001:00005ce0       _realloc                   130b6ce0 f   LIBCMTD:dbgheap.obj
 0001:00005d10       __recalloc                 130b6d10 f   LIBCMTD:dbgheap.obj
 0001:00005d40       __realloc_dbg              130b6d40 f   LIBCMTD:dbgheap.obj
 0001:00006370       __recalloc_dbg             130b7370 f   LIBCMTD:dbgheap.obj
 0001:00006470       __expand                   130b7470 f   LIBCMTD:dbgheap.obj
 0001:000064a0       __expand_dbg               130b74a0 f   LIBCMTD:dbgheap.obj
 0001:000065b0       _free                      130b75b0 f   LIBCMTD:dbgheap.obj
 0001:000065d0       __free_nolock              130b75d0 f   LIBCMTD:dbgheap.obj
 0001:000065f0       __free_dbg                 130b75f0 f   LIBCMTD:dbgheap.obj
 0001:00006670       __free_dbg_nolock          130b7670 f   LIBCMTD:dbgheap.obj
 0001:00006b50       __msize                    130b7b50 f   LIBCMTD:dbgheap.obj
 0001:00006b70       __msize_dbg                130b7b70 f   LIBCMTD:dbgheap.obj
 0001:00006d60       __CrtSetBreakAlloc         130b7d60 f   LIBCMTD:dbgheap.obj
 0001:00006d80       __CrtSetDbgBlockType       130b7d80 f   LIBCMTD:dbgheap.obj
 0001:00006e70       __CrtSetAllocHook          130b7e70 f   LIBCMTD:dbgheap.obj
 0001:00006e90       __CrtGetAllocHook          130b7e90 f   LIBCMTD:dbgheap.obj
 0001:00006ef0       __CrtCheckMemory           130b7ef0 f   LIBCMTD:dbgheap.obj
 0001:00007340       __CrtSetDbgFlag            130b8340 f   LIBCMTD:dbgheap.obj
 0001:00007490       __CrtDoForAllClientObjects 130b8490 f   LIBCMTD:dbgheap.obj
 0001:000075b0       __CrtIsValidPointer        130b85b0 f   LIBCMTD:dbgheap.obj
 0001:000075c0       __CrtIsValidHeapPointer    130b85c0 f   LIBCMTD:dbgheap.obj
 0001:000076b0       __CrtIsMemoryBlock         130b86b0 f   LIBCMTD:dbgheap.obj
 0001:00007820       __CrtReportBlockType       130b8820 f   LIBCMTD:dbgheap.obj
 0001:00007850       __CrtSetDumpClient         130b8850 f   LIBCMTD:dbgheap.obj
 0001:00007870       __CrtGetDumpClient         130b8870 f   LIBCMTD:dbgheap.obj
 0001:00007880       __CrtMemCheckpoint         130b8880 f   LIBCMTD:dbgheap.obj
 0001:00007aa0       __CrtMemDifference         130b8aa0 f   LIBCMTD:dbgheap.obj
 0001:00007cc0       __CrtMemDumpAllObjectsSince 130b8cc0 f   LIBCMTD:dbgheap.obj
 0001:00007d00       ??0_LocaleUpdate@@QAE@PAUlocaleinfo_struct@@@Z 130b8d00 f i LIBCMTD:dbgheap.obj
 0001:00007de0       ??1_LocaleUpdate@@QAE@XZ   130b8de0 f i LIBCMTD:dbgheap.obj
 0001:00007e10       ?GetLocaleT@_LocaleUpdate@@QAEPAUlocaleinfo_struct@@XZ 130b8e10 f i LIBCMTD:dbgheap.obj
 0001:000082d0       __CrtDumpMemoryLeaks       130b92d0 f   LIBCMTD:dbgheap.obj
 0001:00008340       __CrtMemDumpStatistics     130b9340 f   LIBCMTD:dbgheap.obj
 0001:00008450       __aligned_malloc           130b9450 f   LIBCMTD:dbgheap.obj
 0001:00008470       __aligned_malloc_dbg       130b9470 f   LIBCMTD:dbgheap.obj
 0001:00008490       __aligned_realloc          130b9490 f   LIBCMTD:dbgheap.obj
 0001:000084b0       __aligned_recalloc         130b94b0 f   LIBCMTD:dbgheap.obj
 0001:000084e0       __aligned_realloc_dbg      130b94e0 f   LIBCMTD:dbgheap.obj
 0001:00008510       __aligned_recalloc_dbg     130b9510 f   LIBCMTD:dbgheap.obj
 0001:00008540       __aligned_offset_malloc    130b9540 f   LIBCMTD:dbgheap.obj
 0001:00008560       __aligned_offset_malloc_dbg 130b9560 f   LIBCMTD:dbgheap.obj
 0001:00008700       __aligned_offset_realloc   130b9700 f   LIBCMTD:dbgheap.obj
 0001:00008730       __aligned_offset_recalloc  130b9730 f   LIBCMTD:dbgheap.obj
 0001:00008760       __aligned_offset_realloc_dbg 130b9760 f   LIBCMTD:dbgheap.obj
 0001:00008a30       __aligned_offset_recalloc_dbg 130b9a30 f   LIBCMTD:dbgheap.obj
 0001:00008b40       __aligned_free             130b9b40 f   LIBCMTD:dbgheap.obj
 0001:00008b60       __aligned_free_dbg         130b9b60 f   LIBCMTD:dbgheap.obj
 0001:00008c10       __CrtSetDebugFillThreshold 130b9c10 f   LIBCMTD:dbgheap.obj
 0001:00008c30       __CrtSetCheckCount         130b9c30 f   LIBCMTD:dbgheap.obj
 0001:00008c50       __CrtGetCheckCount         130b9c50 f   LIBCMTD:dbgheap.obj
 0001:00008c60       __aligned_msize            130b9c60 f   LIBCMTD:dbgheap.obj
 0001:00008c80       __aligned_msize_dbg        130b9c80 f   LIBCMTD:dbgheap.obj
 0001:00008d90       __CrtSetReportHookW2       130b9d90 f   LIBCMTD:dbgrptw.obj
 0001:000090b0       __CrtDbgReportW            130ba0b0 f   LIBCMTD:dbgrptw.obj
 0001:000090f0       __CrtDbgReportWV           130ba0f0 f i LIBCMTD:dbgrptw.obj
 0001:00009430       ___crtMessageWindowW       130ba430 f   LIBCMTD:dbgrptw.obj
 0001:00009830       ?_CrtDbgReportW@@YAHHPBGH00ZZ 130ba830 f   LIBCMTD:dbgrptw.obj
 0001:00009870       __except_handler4          130ba870 f   LIBCMTD:chandler4.obj
 0001:00009a90       __cinit                    130baa90 f   LIBCMTD:crt0dat.obj
 0001:00009b30       _exit                      130bab30 f   LIBCMTD:crt0dat.obj
 0001:00009b50       __exit                     130bab50 f   LIBCMTD:crt0dat.obj
 0001:00009b70       __cexit                    130bab70 f   LIBCMTD:crt0dat.obj
 0001:00009b90       __c_exit                   130bab90 f   LIBCMTD:crt0dat.obj
 0001:00009bb0       __amsg_exit                130babb0 f   LIBCMTD:crt0dat.obj
 0001:00009bf0       ___freeCrtMemory           130babf0 f   LIBCMTD:crt0dat.obj
 0001:00009eb0       ___crtCorExitProcess       130baeb0 f   LIBCMTD:crt0dat.obj
 0001:00009ef0       ___crtExitProcess          130baef0 f   LIBCMTD:crt0dat.obj
 0001:00009f10       __lockexit                 130baf10 f   LIBCMTD:crt0dat.obj
 0001:00009f20       __unlockexit               130baf20 f   LIBCMTD:crt0dat.obj
 0001:00009f30       __init_pointers            130baf30 f   LIBCMTD:crt0dat.obj
 0001:00009ff0       __initterm_e               130baff0 f   LIBCMTD:crt0dat.obj
 0001:0000a030       __get_osplatform           130bb030 f   LIBCMTD:crt0dat.obj
 0001:0000a120       __get_osver                130bb120 f   LIBCMTD:crt0dat.obj
 0001:0000a210       __get_winver               130bb210 f   LIBCMTD:crt0dat.obj
 0001:0000a300       __get_winmajor             130bb300 f   LIBCMTD:crt0dat.obj
 0001:0000a3f0       __get_winminor             130bb3f0 f   LIBCMTD:crt0dat.obj
 0001:0000a4e0       __get_wpgmptr              130bb4e0 f   LIBCMTD:crt0dat.obj
 0001:0000a5d0       __get_pgmptr               130bb5d0 f   LIBCMTD:crt0dat.obj
 0001:0000a6c0       __initp_misc_winsig        130bb6c0 f   LIBCMTD:winsig.obj
 0001:0000a6f0       _signal                    130bb6f0 f   LIBCMTD:winsig.obj
 0001:0000ab90       _raise                     130bbb90 f   LIBCMTD:winsig.obj
 0001:0000af00       ___get_sigabrt             130bbf00 f   LIBCMTD:winsig.obj
 0001:0000af20       ___fpecode                 130bbf20 f   LIBCMTD:winsig.obj
 0001:0000af30       ___pxcptinfoptrs           130bbf30 f   LIBCMTD:winsig.obj
 0001:0000af40       ___crtMessageBoxW          130bbf40 f   LIBCMTD:crtmboxw.obj
 0001:0000b1e0       __itow_s                   130bc1e0 f   LIBCMTD:xtows.obj
 0001:0000b5c0       __ltow_s                   130bc5c0 f   LIBCMTD:xtows.obj
 0001:0000b600       __ultow_s                  130bc600 f   LIBCMTD:xtows.obj
 0001:0000b620       __i64tow_s                 130bc620 f   LIBCMTD:xtows.obj
 0001:0000ba30       __ui64tow_s                130bca30 f   LIBCMTD:xtows.obj
 0001:0000ba50       _wcsncat_s                 130bca50 f   LIBCMTD:wcsncat_s.obj
 0001:0000bf00       _wcsncpy_s                 130bcf00 f   LIBCMTD:wcsncpy_s.obj
 0001:0000c300       _wcscat_s                  130bd300 f   LIBCMTD:wcscat_s.obj
 0001:0000c6f0       _wcscpy_s                  130bd6f0 f   LIBCMTD:wcscpy_s.obj
 0001:0000c9d0       _fflush                    130bd9d0 f   LIBCMTD:fflush.obj
 0001:0000ca70       __fflush_nolock            130bda70 f   LIBCMTD:fflush.obj
 0001:0000cad0       __flush                    130bdad0 f   LIBCMTD:fflush.obj
 0001:0000cb90       __flushall                 130bdb90 f   LIBCMTD:fflush.obj
 0001:0000cd40       _fwprintf                  130bdd40 f   LIBCMTD:fwprintf.obj
 0001:0000cec0       __fwprintf_l               130bdec0 f   LIBCMTD:fwprintf.obj
 0001:0000cef0       __fwprintf_s_l             130bdef0 f   LIBCMTD:fwprintf.obj
 0001:0000cf20       _fwprintf_s                130bdf20 f   LIBCMTD:fwprintf.obj
 0001:0000cf50       __fwprintf_p_l             130bdf50 f   LIBCMTD:fwprintf.obj
 0001:0000cf80       __fwprintf_p               130bdf80 f   LIBCMTD:fwprintf.obj
 0001:0000cfb0       _setvbuf                   130bdfb0 f   LIBCMTD:setvbuf.obj
 0001:0000d280       ___iob_func                130be280 f   LIBCMTD:_file.obj
 0001:0000d290       ___initstdio               130be290 f   LIBCMTD:_file.obj
 0001:0000d3e0       ___endstdio                130be3e0 f   LIBCMTD:_file.obj
 0001:0000d410       __lock_file                130be410 f   LIBCMTD:_file.obj
 0001:0000d460       __lock_file2               130be460 f   LIBCMTD:_file.obj
 0001:0000d4a0       __unlock_file              130be4a0 f   LIBCMTD:_file.obj
 0001:0000d4f0       __unlock_file2             130be4f0 f   LIBCMTD:_file.obj
 0001:0000d530       _abort                     130be530 f   LIBCMTD:abort.obj
 0001:0000d670       __set_abort_behavior       130be670 f   LIBCMTD:abort.obj
 0001:0000d6a0       _wcslen                    130be6a0 f   LIBCMTD:wcslen.obj
 0001:0000d6d0       __set_error_mode           130be6d0 f   LIBCMTD:errmode.obj
 0001:0000d790       ___set_app_type            130be790 f   LIBCMTD:errmode.obj
 0001:0000d7a0       ___get_app_type            130be7a0 f   LIBCMTD:errmode.obj
 0001:0000d7b0       __assert                   130be7b0 f   LIBCMTD:assert.obj
 0001:0000e280       _strcat_s                  130bf280 f   LIBCMTD:strcat_s.obj
 0001:0000e660       __wcstombs_l_helper        130bf660 f   LIBCMTD:wcstombs.obj
 0001:0000ebb0       __wcstombs_l               130bfbb0 f   LIBCMTD:wcstombs.obj
 0001:0000ebd0       _wcstombs                  130bfbd0 f   LIBCMTD:wcstombs.obj
 0001:0000ebf0       __wcstombs_s_l             130bfbf0 f   LIBCMTD:wcstombs.obj
 0001:0000eeb0       _wcstombs_s                130bfeb0 f   LIBCMTD:wcstombs.obj
 0001:0000eee0       __initp_misc_invarg        130bfee0 f   LIBCMTD:invarg.obj
 0001:0000eef0       __invalid_parameter        130bfef0 f   LIBCMTD:invarg.obj
 0001:0000ef60       __invoke_watson            130bff60 f   LIBCMTD:invarg.obj
 0001:0000f0a0       __set_invalid_parameter_handler 130c00a0 f   LIBCMTD:invarg.obj
 0001:0000f0e0       __get_invalid_parameter_handler 130c00e0 f   LIBCMTD:invarg.obj
 0001:0000f110       ?_invalid_parameter@@YAXPBG00II@Z 130c0110 f   LIBCMTD:invarg.obj
 0001:0000f140       ?_invoke_watson@@YAXPBG00II@Z 130c0140 f   LIBCMTD:invarg.obj
 0001:0000f170       __vswprintf_helper         130c0170 f   LIBCMTD:vswprnc.obj
 0001:0000f3a0       __vswprintf_c              130c03a0 f   LIBCMTD:vswprnc.obj
 0001:0000f3f0       __vswprintf_c_l            130c03f0 f   LIBCMTD:vswprnc.obj
 0001:0000f440       __vswprintf_s_l            130c0440 f   LIBCMTD:vswprnc.obj
 0001:0000f6b0       _vswprintf_s               130c06b0 f   LIBCMTD:vswprnc.obj
 0001:0000f6d0       __vsnwprintf_s_l           130c06d0 f   LIBCMTD:vswprnc.obj
 0001:0000fa80       __vsnwprintf_s             130c0a80 f   LIBCMTD:vswprnc.obj
 0001:0000fab0       __vswprintf_p              130c0ab0 f   LIBCMTD:vswprnc.obj
 0001:0000fb00       __vswprintf_p_l            130c0b00 f   LIBCMTD:vswprnc.obj
 0001:0000fb50       __FF_MSGBANNER             130c0b50 f   LIBCMTD:crt0msg.obj
 0001:0000fba0       __NMSG_WRITE               130c0ba0 f   LIBCMTD:crt0msg.obj
 0001:0000fe30       __GET_RTERRMSG             130c0e30 f   LIBCMTD:crt0msg.obj
 0001:0000fe70       __encode_pointer           130c0e70 f   LIBCMTD:tidtable.obj
 0001:0000ffc0       __encoded_null             130c0fc0 f   LIBCMTD:tidtable.obj
 0001:0000ffd0       __decode_pointer           130c0fd0 f   LIBCMTD:tidtable.obj
 0001:00010070       ___crtTlsAlloc@4           130c1070 f   LIBCMTD:tidtable.obj
 0001:00010080       ___fls_getvalue@4          130c1080 f   LIBCMTD:tidtable.obj
 0001:000100a0       ___get_flsindex            130c10a0 f   LIBCMTD:tidtable.obj
 0001:000100b0       ___set_flsgetvalue         130c10b0 f   LIBCMTD:tidtable.obj
 0001:00010100       ___fls_setvalue@8          130c1100 f   LIBCMTD:tidtable.obj
 0001:00010120       __mtinit                   130c1120 f   LIBCMTD:tidtable.obj
 0001:00010330       __mtterm                   130c1330 f   LIBCMTD:tidtable.obj
 0001:00010390       __initptd                  130c1390 f   LIBCMTD:tidtable.obj
 0001:000104c0       __getptd_noexit            130c14c0 f   LIBCMTD:tidtable.obj
 0001:00010580       __getptd                   130c1580 f   LIBCMTD:tidtable.obj
 0001:000105b0       __freefls@4                130c15b0 f   LIBCMTD:tidtable.obj
 0001:000107a0       __freeptd                  130c17a0 f   LIBCMTD:tidtable.obj
 0001:00010820       ___threadid                130c1820 f   LIBCMTD:tidtable.obj
 0001:00010830       ___threadhandle            130c1830 f   LIBCMTD:tidtable.obj
 0001:00010840       ___getlocaleinfo           130c1840 f   LIBCMTD:inithelp.obj
 0001:00010ae0       __initp_misc_purevirt      130c1ae0 f   LIBCMTD:inithelp.obj
 0001:00010af0       __onexit                   130c1af0 f   LIBCMTD:onexit.obj
 0001:00010cc0       _atexit                    130c1cc0 f   LIBCMTD:onexit.obj
 0001:00010ce0       ___onexitinit              130c1ce0 f   LIBCMTD:onexit.obj
 0001:00010d40       __initp_heap_handler       130c1d40 f   LIBCMTD:handler.obj
 0001:00010d50       ?_set_new_handler@@YAP6AHI@ZP6AHI@Z@Z 130c1d50 f   LIBCMTD:handler.obj
 0001:00010da0       ?_set_new_handler@@YAP6AHI@ZH@Z 130c1da0 f   LIBCMTD:handler.obj
 0001:00010de0       ?_query_new_handler@@YAP6AHI@ZXZ 130c1de0 f   LIBCMTD:handler.obj
 0001:00010e00       __callnewh                 130c1e00 f   LIBCMTD:handler.obj
 0001:00010e40       __CxxThrowException@8      130c1e40 f   LIBCMTD:throw.obj
 0001:00010ea0       ?name@type_info@@QBEPBDPAU__type_info_node@@@Z 130c1ea0 f   LIBCMTD:typinfo.obj
 0001:00010ec0       ??1type_info@@UAE@XZ       130c1ec0 f   LIBCMTD:typinfo.obj
 0001:00010ee0       ??_Etype_info@@UAEPAXI@Z   130c1ee0 f i LIBCMTD:typinfo.obj
 0001:00010ee0       ??_Gtype_info@@UAEPAXI@Z   130c1ee0 f i LIBCMTD:typinfo.obj
 0001:00010f10       ?_name_internal_method@type_info@@QBEPBDPAU__type_info_node@@@Z 130c1f10 f   LIBCMTD:typinfo.obj
 0001:00010f30       ?_type_info_dtor_internal_method@type_info@@QAEXXZ 130c1f30 f   LIBCMTD:typinfo.obj
 0001:00010f50       ??8type_info@@QBE_NABV0@@Z 130c1f50 f   LIBCMTD:typinfo.obj
 0001:00010f80       ??9type_info@@QBE_NABV0@@Z 130c1f80 f   LIBCMTD:typinfo.obj
 0001:00010fb0       ?before@type_info@@QBEHABV1@@Z 130c1fb0 f   LIBCMTD:typinfo.obj
 0001:00010fe0       ?raw_name@type_info@@QBEPBDXZ 130c1fe0 f   LIBCMTD:typinfo.obj
 0001:00011000       ??0type_info@@AAE@ABV0@@Z  130c2000 f   LIBCMTD:typinfo.obj
 0001:00011020       ??4type_info@@AAEAAV0@ABV0@@Z 130c2020 f   LIBCMTD:typinfo.obj
 0001:00011030       ??0exception@std@@QAE@XZ   130c2030 f   LIBCMTD:stdexcpt.obj
 0001:00011060       ??_Gexception@std@@UAEPAXI@Z 130c2060 f i LIBCMTD:stdexcpt.obj
 0001:00011060       ??_Eexception@std@@UAEPAXI@Z 130c2060 f i LIBCMTD:stdexcpt.obj
 0001:00011090       ??0exception@std@@QAE@ABQBD@Z 130c2090 f   LIBCMTD:stdexcpt.obj
 0001:00011120       ??0exception@std@@QAE@ABQBDH@Z 130c2120 f   LIBCMTD:stdexcpt.obj
 0001:00011150       ??0exception@std@@QAE@ABV01@@Z 130c2150 f   LIBCMTD:stdexcpt.obj
 0001:000111f0       ??4exception@std@@QAEAAV01@ABV01@@Z 130c21f0 f   LIBCMTD:stdexcpt.obj
 0001:00011290       ??1exception@std@@UAE@XZ   130c2290 f   LIBCMTD:stdexcpt.obj
 0001:000112c0       ?what@exception@std@@UBEPBDXZ 130c22c0 f   LIBCMTD:stdexcpt.obj
 0001:000112f0       ??0bad_cast@std@@QAE@PBD@Z 130c22f0 f   LIBCMTD:stdexcpt.obj
 0001:00011320       ??_Gbad_cast@std@@UAEPAXI@Z 130c2320 f i LIBCMTD:stdexcpt.obj
 0001:00011320       ??_Ebad_cast@std@@UAEPAXI@Z 130c2320 f i LIBCMTD:stdexcpt.obj
 0001:00011350       ??0bad_cast@std@@QAE@ABV01@@Z 130c2350 f   LIBCMTD:stdexcpt.obj
 0001:00011380       ??1bad_cast@std@@UAE@XZ    130c2380 f   LIBCMTD:stdexcpt.obj
 0001:000113a0       ??0bad_typeid@std@@QAE@PBD@Z 130c23a0 f   LIBCMTD:stdexcpt.obj
 0001:000113d0       ??_Ebad_typeid@std@@UAEPAXI@Z 130c23d0 f i LIBCMTD:stdexcpt.obj
 0001:000113d0       ??_Gbad_typeid@std@@UAEPAXI@Z 130c23d0 f i LIBCMTD:stdexcpt.obj
 0001:00011400       ??0bad_typeid@std@@QAE@ABV01@@Z 130c2400 f   LIBCMTD:stdexcpt.obj
 0001:00011430       ??1bad_typeid@std@@UAE@XZ  130c2430 f   LIBCMTD:stdexcpt.obj
 0001:00011450       ??0__non_rtti_object@std@@QAE@PBD@Z 130c2450 f   LIBCMTD:stdexcpt.obj
 0001:00011480       ??_E__non_rtti_object@std@@UAEPAXI@Z 130c2480 f i LIBCMTD:stdexcpt.obj
 0001:00011480       ??_G__non_rtti_object@std@@UAEPAXI@Z 130c2480 f i LIBCMTD:stdexcpt.obj
 0001:000114b0       ??0__non_rtti_object@std@@QAE@ABV01@@Z 130c24b0 f   LIBCMTD:stdexcpt.obj
 0001:000114e0       ??1__non_rtti_object@std@@UAE@XZ 130c24e0 f   LIBCMTD:stdexcpt.obj
 0001:00011500       __ioinit                   130c2500 f   LIBCMTD:ioinit.obj
 0001:00011980       __ioterm                   130c2980 f   LIBCMTD:ioinit.obj
 0001:00011a20       __setenvp                  130c2a20 f   LIBCMTD:stdenvp.obj
 0001:00011bc0       __setargv                  130c2bc0 f   LIBCMTD:stdargv.obj
 0001:00011ce0       __set_pgmptr               130c2ce0 f i LIBCMTD:stdargv.obj
 0001:00012050       ___crtGetEnvironmentStringsA 130c3050 f   LIBCMTD:a_env.obj
 0001:00012270       __RTC_Initialize           130c3270 f   LIBCMTD:initsect.obj
 0001:000122a0       __RTC_Terminate            130c32a0 f   LIBCMTD:initsect.obj
 0001:000122d0       ___heap_select             130c32d0 f   LIBCMTD:heapinit.obj
 0001:00012360       __heap_init                130c3360 f   LIBCMTD:heapinit.obj
 0001:000123e0       __heap_term                130c33e0 f   LIBCMTD:heapinit.obj
 0001:00012480       __get_heap_handle          130c3480 f   LIBCMTD:heapinit.obj
 0001:000124c0       ___security_init_cookie    130c34c0 f   LIBCMTD:gs_support.obj
 0001:000125a0       __initp_misc_winxfltr      130c35a0 f   LIBCMTD:winxfltr.obj
 0001:000125b0       ___CppXcptFilter           130c35b0 f   LIBCMTD:winxfltr.obj
 0001:000125e0       __XcptFilter               130c35e0 f   LIBCMTD:winxfltr.obj
 0001:00012810       _DllMain@12                130c3810 f   LIBCMTD:dllmain.obj
 0001:00012820       __dosmaperr                130c3820 f   LIBCMTD:dosmap.obj
 0001:00012850       __get_errno_from_oserr     130c3850 f   LIBCMTD:dosmap.obj
 0001:000128d0       __set_errno                130c38d0 f   LIBCMTD:dosmap.obj
 0001:00012900       __get_errno                130c3900 f   LIBCMTD:dosmap.obj
 0001:00012980       __set_doserrno             130c3980 f   LIBCMTD:dosmap.obj
 0001:000129b0       __get_doserrno             130c39b0 f   LIBCMTD:dosmap.obj
 0001:00012a30       __errno                    130c3a30 f   LIBCMTD:dosmap.obj
 0001:00012a60       ___doserrno                130c3a60 f   LIBCMTD:dosmap.obj
 0001:00012a90       __flsbuf                   130c3a90 f   LIBCMTD:_flsbuf.obj
 0001:00012d50       __output_l                 130c3d50 f   LIBCMTD:output.obj
 0001:000141c0       _get_int_arg               130c51c0 f i LIBCMTD:output.obj
 0001:000141e0       _get_int64_arg             130c51e0 f i LIBCMTD:output.obj
 0001:00014200       _get_short_arg             130c5200 f i LIBCMTD:output.obj
 0001:00014220       __vsprintf_l               130c5220 f   LIBCMTD:vsprintf.obj
 0001:00014390       _vsprintf                  130c5390 f   LIBCMTD:vsprintf.obj
 0001:000143b0       __vscprintf_helper         130c53b0 f   LIBCMTD:vsprintf.obj
 0001:00014470       __vscprintf                130c5470 f   LIBCMTD:vsprintf.obj
 0001:00014490       __vscprintf_l              130c5490 f   LIBCMTD:vsprintf.obj
 0001:000144b0       __vscprintf_p              130c54b0 f   LIBCMTD:vsprintf.obj
 0001:000144d0       __vscprintf_p_l            130c54d0 f   LIBCMTD:vsprintf.obj
 0001:000144f0       __vsnprintf_helper         130c54f0 f   LIBCMTD:vsnprnc.obj
 0001:000146c0       __vsnprintf_c              130c56c0 f   LIBCMTD:vsnprnc.obj
 0001:00014710       __vsnprintf_c_l            130c5710 f   LIBCMTD:vsnprnc.obj
 0001:00014760       __vsprintf_s_l             130c5760 f   LIBCMTD:vsnprnc.obj
 0001:000149c0       _vsprintf_s                130c59c0 f   LIBCMTD:vsnprnc.obj
 0001:000149e0       __vsnprintf_s_l            130c59e0 f   LIBCMTD:vsnprnc.obj
 0001:00014d80       __vsnprintf_s              130c5d80 f   LIBCMTD:vsnprnc.obj
 0001:00014db0       __vsprintf_p               130c5db0 f   LIBCMTD:vsnprnc.obj
 0001:00014e00       __vsprintf_p_l             130c5e00 f   LIBCMTD:vsnprnc.obj
 0001:00014e50       ___report_gsfailure        130c5e50 f   LIBCMTD:gs_report.obj
 0001:00014f60       __VEC_memzero              130c5f60 f   LIBCMTD:p4_memset.obj
 0001:00015050       __sse2_mathfcns_init       130c6050 f   LIBCMTD:mathfcns.obj
 0001:00015070       __set_SSE2_enable          130c6070 f   LIBCMTD:mathfcns.obj
 0001:00015090       _memcpy                    130c6090 f   LIBCMTD:memcpy.obj
 0001:00015400       ?_RTC_GetSrcLine@@YAHPAEPA_WKPAH1K@Z 130c6400 f   LIBCMTD:pdblkup.obj
 0001:00015890       __CrtSetReportHook2        130c6890 f   LIBCMTD:dbgrpt.obj
 0001:00015bb0       __CrtDbgReport             130c6bb0 f   LIBCMTD:dbgrpt.obj
 0001:00015bf0       __CrtDbgReportV            130c6bf0 f i LIBCMTD:dbgrpt.obj
 0001:00015c20       ___crtMessageWindowA       130c6c20 f   LIBCMTD:dbgrpt.obj
 0001:00016020       __initp_misc_initcrit      130c7020 f   LIBCMTD:initcrit.obj
 0001:00016030       ___crtInitCritSecAndSpinCount 130c7030 f   LIBCMTD:initcrit.obj
 0001:000161a0       _V6_HeapAlloc              130c71a0 f   LIBCMTD:malloc.obj
 0001:00016230       __malloc_base              130c7230 f   LIBCMTD:malloc.obj
 0001:000162c0       __heap_alloc_base          130c72c0 f i LIBCMTD:malloc.obj
 0001:00016380       __CrtDefaultAllocHook      130c7380 f   LIBCMTD:dbghook.obj
 0001:00016390       __crt_debugger_hook        130c7390 f   LIBCMTD:dbghook.obj
 0001:000163a0       __expand_base              130c73a0 f   LIBCMTD:expand.obj
 0001:00016570       __realloc_base             130c7570 f   LIBCMTD:realloc.obj
 0001:00016910       __recalloc_base            130c7910 f   LIBCMTD:realloc.obj
 0001:00016a00       __free_base                130c7a00 f   LIBCMTD:free.obj
 0001:00016b20       __heapchk                  130c7b20 f   LIBCMTD:heapchk.obj
 0001:00016bf0       __heapset                  130c7bf0 f   LIBCMTD:heapchk.obj
 0001:00016c00       __get_sbh_threshold        130c7c00 f   LIBCMTD:sbheap.obj
 0001:00016c50       __set_sbh_threshold        130c7c50 f   LIBCMTD:sbheap.obj
 0001:00016de0       __set_amblksiz             130c7de0 f   LIBCMTD:sbheap.obj
 0001:00016ee0       __get_amblksiz             130c7ee0 f   LIBCMTD:sbheap.obj
 0001:00016fd0       ___sbh_heap_init           130c7fd0 f   LIBCMTD:sbheap.obj
 0001:00017040       ___sbh_find_block          130c8040 f   LIBCMTD:sbheap.obj
 0001:000170a0       ___sbh_verify_block        130c80a0 f   LIBCMTD:sbheap.obj
 0001:00017100       ___sbh_free_block          130c8100 f   LIBCMTD:sbheap.obj
 0001:000176c0       ___sbh_alloc_block         130c86c0 f   LIBCMTD:sbheap.obj
 0001:00017be0       ___sbh_alloc_new_region    130c8be0 f   LIBCMTD:sbheap.obj
 0001:00017cf0       ___sbh_alloc_new_group     130c8cf0 f   LIBCMTD:sbheap.obj
 0001:00017ee0       ___sbh_resize_block        130c8ee0 f   LIBCMTD:sbheap.obj
 0001:000184b0       ___sbh_heapmin             130c94b0 f   LIBCMTD:sbheap.obj
 0001:000185e0       ___sbh_heap_check          130c95e0 f   LIBCMTD:sbheap.obj
 0001:00018ad0       ___updatetmbcinfo          130c9ad0 f   LIBCMTD:mbctype.obj
 0001:00018be0       __setmbcp                  130c9be0 f   LIBCMTD:mbctype.obj
 0001:00018f80       __setmbcp_nolock           130c9f80 f   LIBCMTD:mbctype.obj
 0001:00019770       __getmbcp                  130ca770 f   LIBCMTD:mbctype.obj
 0001:000197e0       ___initmbctable            130ca7e0 f   LIBCMTD:mbctype.obj
 0001:00019810       ____setlc_active_func      130ca810 f   LIBCMTD:setlocal.obj
 0001:00019820       ____unguarded_readlc_active_add_func 130ca820 f   LIBCMTD:setlocal.obj
 0001:00019830       ___freetlocinfo            130ca830 f   LIBCMTD:setlocal.obj
 0001:00019b10       ___addlocaleref            130cab10 f   LIBCMTD:setlocal.obj
 0001:00019c30       ___removelocaleref         130cac30 f   LIBCMTD:setlocal.obj
 0001:00019d60       ___updatetlocinfo          130cad60 f   LIBCMTD:setlocal.obj
 0001:00019eb0       __configthreadlocale       130caeb0 f   LIBCMTD:setlocal.obj
 0001:00019fc0       __locterm                  130cafc0 f   LIBCMTD:setlocal.obj
 0001:0001a050       __free_locale              130cb050 f   LIBCMTD:setlocal.obj
 0001:0001a160       ___free_locale             130cb160 f   LIBCMTD:setlocal.obj
 0001:0001a180       __create_locale            130cb180 f   LIBCMTD:setlocal.obj
 0001:0001a3a0       ___create_locale           130cb3a0 f   LIBCMTD:setlocal.obj
 0001:0001a3c0       __get_current_locale       130cb3c0 f   LIBCMTD:setlocal.obj
 0001:0001a4b0       ___get_current_locale      130cb4b0 f   LIBCMTD:setlocal.obj
 0001:0001a4c0       _setlocale                 130cb4c0 f   LIBCMTD:setlocal.obj
 0001:0001b3d0       __expandlocale             130cc3d0 f   LIBCMTD:setlocal.obj
 0001:0001b680       ___init_dummy              130cc680 f   LIBCMTD:setlocal.obj
 0001:0001b690       __strcats                  130cc690 f   LIBCMTD:setlocal.obj
 0001:0001b710       ___lc_strtolc              130cc710 f   LIBCMTD:setlocal.obj
 0001:0001b910       ___lc_lctostr              130cc910 f   LIBCMTD:setlocal.obj
 0001:0001b9a0       __chvalidator              130cc9a0 f   LIBCMTD:isctype.obj
 0001:0001b9f0       __chvalidator_l            130cc9f0 f   LIBCMTD:isctype.obj
 0001:0001baa0       __isctype_l                130ccaa0 f   LIBCMTD:isctype.obj
 0001:0001bbb0       __isctype                  130ccbb0 f   LIBCMTD:isctype.obj
 0001:0001bbf0       __CrtDbgBreak              130ccbf0 f   LIBCMTD:dbgrptt.obj
 0001:0001bc00       __CrtSetReportMode         130ccc00 f   LIBCMTD:dbgrptt.obj
 0001:0001bd40       __CrtSetReportFile         130ccd40 f   LIBCMTD:dbgrptt.obj
 0001:0001be30       __CrtSetReportHook         130cce30 f   LIBCMTD:dbgrptt.obj
 0001:0001be50       __CrtGetReportHook         130cce50 f   LIBCMTD:dbgrptt.obj
 0001:0001be60       __VCrtDbgReportA           130cce60 f   LIBCMTD:dbgrptt.obj
 0001:0001c690       __VCrtDbgReportW           130cd690 f   LIBCMTD:dbgrptt.obj
 0001:0001cfc0       __swprintf                 130cdfc0 f   LIBCMTD:swprintf.obj
 0001:0001d190       ___swprintf_l              130ce190 f   LIBCMTD:swprintf.obj
 0001:0001d1c0       _swprintf_s                130ce1c0 f   LIBCMTD:swprintf.obj
 0001:0001d1f0       __snwprintf_s              130ce1f0 f   LIBCMTD:swprintf.obj
 0001:0001d220       __swprintf_p               130ce220 f   LIBCMTD:swprintf.obj
 0001:0001d250       __swprintf_s_l             130ce250 f   LIBCMTD:swprintf.obj
 0001:0001d280       __snwprintf_s_l            130ce280 f   LIBCMTD:swprintf.obj
 0001:0001d2b0       __swprintf_p_l             130ce2b0 f   LIBCMTD:swprintf.obj
 0001:0001d2e0       __scwprintf                130ce2e0 f   LIBCMTD:swprintf.obj
 0001:0001d300       __scwprintf_p              130ce300 f   LIBCMTD:swprintf.obj
 0001:0001d320       __scwprintf_l              130ce320 f   LIBCMTD:swprintf.obj
 0001:0001d350       __scwprintf_p_l            130ce350 f   LIBCMTD:swprintf.obj
 0001:0001d374       __local_unwind4            130ce374 f   LIBCMTD:exsup4.obj
 0001:0001d44a       __seh_longjmp_unwind4@4    130ce44a f   LIBCMTD:exsup4.obj
 0001:0001d466       @_EH4_CallFilterFunc@8     130ce466 f   LIBCMTD:exsup4.obj
 0001:0001d47d       @_EH4_TransferToHandler@8  130ce47d f   LIBCMTD:exsup4.obj
 0001:0001d496       @_EH4_GlobalUnwind@4       130ce496 f   LIBCMTD:exsup4.obj
 0001:0001d4b0       @_EH4_LocalUnwind@16       130ce4b0 f   LIBCMTD:exsup4.obj
 0001:0001d4d0       __ValidateImageBase        130ce4d0 f   LIBCMTD:pesect.obj
 0001:0001d530       __FindPESection            130ce530 f   LIBCMTD:pesect.obj
 0001:0001d5b0       __IsNonwritableInCurrentImage 130ce5b0 f   LIBCMTD:pesect.obj
 0001:0001d6c0       __initp_misc_cfltcvt_tab   130ce6c0 f   LIBCMTD:cmiscdat.obj
 0001:0001d700       __initp_eh_hooks           130ce700 f   LIBCMTD:hooks.obj
 0001:0001d720       ?terminate@@YAXXZ          130ce720 f   LIBCMTD:hooks.obj
 0001:0001d7a0       ?unexpected@@YAXXZ         130ce7a0 f   LIBCMTD:hooks.obj
 0001:0001d7d0       ?_inconsistency@@YAXXZ     130ce7d0 f   LIBCMTD:hooks.obj
 0001:0001d860       __initp_misc_rand_s        130ce860 f   LIBCMTD:rand_s.obj
 0001:0001d870       _rand_s                    130ce870 f   LIBCMTD:rand_s.obj
 0001:0001da90       __aulldiv                  130cea90 f   LIBCMTD:ulldiv.obj
 0001:0001db00       __aullrem                  130ceb00 f   LIBCMTD:ullrem.obj
 0001:0001db80       __commit                   130ceb80 f   LIBCMTD:commit.obj
 0001:0001dda0       __fileno                   130ceda0 f   LIBCMTD:fileno.obj
 0001:0001de10       __write                    130cee10 f   LIBCMTD:write.obj
 0001:0001e030       __write_nolock             130cf030 f   LIBCMTD:write.obj
 0001:0001ea50       __stbuf                    130cfa50 f   LIBCMTD:_sftbuf.obj
 0001:0001ebb0       __ftbuf                    130cfbb0 f   LIBCMTD:_sftbuf.obj
 0001:0001ec40       __woutput_l                130cfc40 f   LIBCMTD:woutput.obj
 0001:0001fe10       _vfwprintf_helper          130d0e10 f   LIBCMTD:vfwprint.obj
 0001:0001ff90       __vfwprintf_l              130d0f90 f   LIBCMTD:vfwprint.obj
 0001:0001ffc0       __vfwprintf_s_l            130d0fc0 f   LIBCMTD:vfwprint.obj
 0001:0001fff0       __vfwprintf_p_l            130d0ff0 f   LIBCMTD:vfwprint.obj
 0001:00020020       _vfwprintf                 130d1020 f   LIBCMTD:vfwprint.obj
 0001:00020040       _vfwprintf_s               130d1040 f   LIBCMTD:vfwprint.obj
 0001:00020060       __vfwprintf_p              130d1060 f   LIBCMTD:vfwprint.obj
 0001:00020080       __freebuf                  130d1080 f   LIBCMTD:_freebuf.obj
 0001:00020110       __fcloseall                130d1110 f   LIBCMTD:closeall.obj
 0001:00020240       ___crtMessageBoxA          130d1240 f   LIBCMTD:crtmbox.obj
 0001:000204e0       __itoa_s                   130d14e0 f   LIBCMTD:xtoas.obj
 0001:000208a0       __ltoa_s                   130d18a0 f   LIBCMTD:xtoas.obj
 0001:000208e0       __ultoa_s                  130d18e0 f   LIBCMTD:xtoas.obj
 0001:00020900       __i64toa_s                 130d1900 f   LIBCMTD:xtoas.obj
 0001:00020d00       __ui64toa_s                130d1d00 f   LIBCMTD:xtoas.obj
 0001:00020d20       __mbsnbcat_s               130d1d20 f   LIBCMTD:mbsnbcat_s.obj
 0001:00020d40       __mbsnbcpy_s               130d1d40 f   LIBCMTD:mbsnbcpy_s.obj
 0001:00020d60       _fprintf                   130d1d60 f   LIBCMTD:fprintf.obj
 0001:00021050       __fprintf_l                130d2050 f   LIBCMTD:fprintf.obj
 0001:00021080       __fprintf_s_l              130d2080 f   LIBCMTD:fprintf.obj
 0001:000210b0       _fprintf_s                 130d20b0 f   LIBCMTD:fprintf.obj
 0001:000210e0       __fprintf_p_l              130d20e0 f   LIBCMTD:fprintf.obj
 0001:00021110       __fprintf_p                130d2110 f   LIBCMTD:fprintf.obj
 0001:00021140       __woutput_s_l              130d2140 f   LIBCMTD:woutputs.obj
 0001:00022460       __validate_param_reuseW    130d3460 f   LIBCMTD:woutputp.obj
 0001:000226d0       __woutput_p_l              130d36d0 f   LIBCMTD:woutputp.obj
 0001:00025e20       _strncpy_s                 130d6e20 f   LIBCMTD:strncpy_s.obj
 0001:00026210       __isalpha_l                130d7210 f i LIBCMTD:_ctype.obj
 0001:000262a0       _isalpha                   130d72a0 f i LIBCMTD:_ctype.obj
 0001:000262e0       __isupper_l                130d72e0 f i LIBCMTD:_ctype.obj
 0001:00026360       _isupper                   130d7360 f i LIBCMTD:_ctype.obj
 0001:00026390       __islower_l                130d7390 f i LIBCMTD:_ctype.obj
 0001:00026410       _islower                   130d7410 f i LIBCMTD:_ctype.obj
 0001:00026440       __isdigit_l                130d7440 f i LIBCMTD:_ctype.obj
 0001:000264c0       _isdigit                   130d74c0 f i LIBCMTD:_ctype.obj
 0001:000264f0       __isxdigit_l               130d74f0 f i LIBCMTD:_ctype.obj
 0001:00026580       _isxdigit                  130d7580 f i LIBCMTD:_ctype.obj
 0001:000265c0       __isspace_l                130d75c0 f i LIBCMTD:_ctype.obj
 0001:00026640       _isspace                   130d7640 f i LIBCMTD:_ctype.obj
 0001:00026670       __ispunct_l                130d7670 f i LIBCMTD:_ctype.obj
 0001:000266f0       _ispunct                   130d76f0 f i LIBCMTD:_ctype.obj
 0001:00026720       __isalnum_l                130d7720 f i LIBCMTD:_ctype.obj
 0001:000267b0       _isalnum                   130d77b0 f i LIBCMTD:_ctype.obj
 0001:000267f0       __isprint_l                130d77f0 f i LIBCMTD:_ctype.obj
 0001:00026880       _isprint                   130d7880 f i LIBCMTD:_ctype.obj
 0001:000268c0       __isgraph_l                130d78c0 f i LIBCMTD:_ctype.obj
 0001:00026950       _isgraph                   130d7950 f i LIBCMTD:_ctype.obj
 0001:00026990       __iscntrl_l                130d7990 f i LIBCMTD:_ctype.obj
 0001:00026a10       _iscntrl                   130d7a10 f i LIBCMTD:_ctype.obj
 0001:00026a40       ___isascii                 130d7a40 f i LIBCMTD:_ctype.obj
 0001:00026a50       ___toascii                 130d7a50 f i LIBCMTD:_ctype.obj
 0001:00026a60       __iscsymf_l                130d7a60 f i LIBCMTD:_ctype.obj
 0001:00026aa0       ___iscsymf                 130d7aa0 f i LIBCMTD:_ctype.obj
 0001:00026ae0       __iscsym_l                 130d7ae0 f i LIBCMTD:_ctype.obj
 0001:00026b20       ___iscsym                  130d7b20 f i LIBCMTD:_ctype.obj
 0001:00026b60       ___crtGetLocaleInfoW       130d7b60 f   LIBCMTD:w_loc.obj
 0001:00026d30       __MarkAllocaS              130d7d30 f i LIBCMTD:w_loc.obj
 0001:00026d50       __freea                    130d7d50 f i LIBCMTD:w_loc.obj
 0001:00026dc0       ___crtGetLocaleInfoA       130d7dc0 f   LIBCMTD:a_loc.obj
 0001:00026fa0       ?_Type_info_dtor@type_info@@CAXPAV1@@Z 130d7fa0 f   LIBCMTD:typname.obj
 0001:000270b0       ?_Name_base@type_info@@CAPBDPBV1@PAU__type_info_node@@@Z 130d80b0 f   LIBCMTD:typname.obj
 0001:00027250       ?_Type_info_dtor_internal@type_info@@CAXPAV1@@Z 130d8250 f   LIBCMTD:typname.obj
 0001:00027360       ___unDNameHelper           130d8360 f   LIBCMTD:typname.obj
 0001:000273a0       ?_Name_base_internal@type_info@@CAPBDPBV1@PAU__type_info_node@@@Z 130d83a0 f   LIBCMTD:typname.obj
 0001:00027540       ___clean_type_info_names_internal 130d8540 f   LIBCMTD:typname.obj
 0001:000275f0       __ismbbkalnum_l            130d85f0 f   LIBCMTD:ismbbyte.obj
 0001:00027610       __ismbbkalnum              130d8610 f   LIBCMTD:ismbbyte.obj
 0001:00027630       __ismbbkprint_l            130d8630 f   LIBCMTD:ismbbyte.obj
 0001:00027650       __ismbbkprint              130d8650 f   LIBCMTD:ismbbyte.obj
 0001:00027670       __ismbbkpunct_l            130d8670 f   LIBCMTD:ismbbyte.obj
 0001:00027690       __ismbbkpunct              130d8690 f   LIBCMTD:ismbbyte.obj
 0001:000276b0       __ismbbalnum_l             130d86b0 f   LIBCMTD:ismbbyte.obj
 0001:000276d0       __ismbbalnum               130d86d0 f   LIBCMTD:ismbbyte.obj
 0001:000276f0       __ismbbalpha_l             130d86f0 f   LIBCMTD:ismbbyte.obj
 0001:00027710       __ismbbalpha               130d8710 f   LIBCMTD:ismbbyte.obj
 0001:00027730       __ismbbgraph_l             130d8730 f   LIBCMTD:ismbbyte.obj
 0001:00027750       __ismbbgraph               130d8750 f   LIBCMTD:ismbbyte.obj
 0001:00027770       __ismbbprint_l             130d8770 f   LIBCMTD:ismbbyte.obj
 0001:00027790       __ismbbprint               130d8790 f   LIBCMTD:ismbbyte.obj
 0001:000277b0       __ismbbpunct_l             130d87b0 f   LIBCMTD:ismbbyte.obj
 0001:000277d0       __ismbbpunct               130d87d0 f   LIBCMTD:ismbbyte.obj
 0001:000277f0       __ismbblead_l              130d87f0 f   LIBCMTD:ismbbyte.obj
 0001:00027810       __ismbblead                130d8810 f   LIBCMTD:ismbbyte.obj
 0001:00027830       __ismbbtrail_l             130d8830 f   LIBCMTD:ismbbyte.obj
 0001:00027850       __ismbbtrail               130d8850 f   LIBCMTD:ismbbyte.obj
 0001:00027870       __ismbbkana_l              130d8870 f   LIBCMTD:ismbbyte.obj
 0001:000278e0       __ismbbkana                130d88e0 f   LIBCMTD:ismbbyte.obj
 0001:000279c0       __lseeki64                 130d89c0 f   LIBCMTD:lseeki64.obj
 0001:00027c10       __lseeki64_nolock          130d8c10 f   LIBCMTD:lseeki64.obj
 0001:00027d00       __getbuf                   130d8d00 f   LIBCMTD:_getbuf.obj
 0001:00027dc0       __isatty                   130d8dc0 f   LIBCMTD:isatty.obj
 0001:00027ea0       _printf                    130d8ea0 f   LIBCMTD:printf.obj
 0001:00027fe0       __printf_l                 130d8fe0 f   LIBCMTD:printf.obj
 0001:00028010       __printf_s_l               130d9010 f   LIBCMTD:printf.obj
 0001:00028040       _printf_s                  130d9040 f   LIBCMTD:printf.obj
 0001:00028060       __printf_p_l               130d9060 f   LIBCMTD:printf.obj
 0001:00028090       __printf_p                 130d9090 f   LIBCMTD:printf.obj
 0001:000280b0       __set_printf_count_output  130d90b0 f   LIBCMTD:printf.obj
 0001:00028100       __get_printf_count_output  130d9100 f   LIBCMTD:printf.obj
 0001:00028120       __wctomb_s_l               130d9120 f   LIBCMTD:wctomb.obj
 0001:00028420       _wctomb_s                  130d9420 f   LIBCMTD:wctomb.obj
 0001:00028440       __wctomb_l                 130d9440 f   LIBCMTD:wctomb.obj
 0001:000284c0       _wctomb                    130d94c0 f   LIBCMTD:wctomb.obj
 0001:00028510       __isleadbyte_l             130d9510 f i LIBCMTD:_wctype.obj
 0001:00028560       _isleadbyte                130d9560 f i LIBCMTD:_wctype.obj
 0001:00028580       __iswalpha_l               130d9580 f i LIBCMTD:_wctype.obj
 0001:000285a0       _iswalpha                  130d95a0 f i LIBCMTD:_wctype.obj
 0001:000285c0       __iswupper_l               130d95c0 f i LIBCMTD:_wctype.obj
 0001:000285e0       _iswupper                  130d95e0 f i LIBCMTD:_wctype.obj
 0001:00028600       __iswlower_l               130d9600 f i LIBCMTD:_wctype.obj
 0001:00028620       _iswlower                  130d9620 f i LIBCMTD:_wctype.obj
 0001:00028640       __iswdigit_l               130d9640 f i LIBCMTD:_wctype.obj
 0001:00028660       _iswdigit                  130d9660 f i LIBCMTD:_wctype.obj
 0001:00028680       __iswxdigit_l              130d9680 f i LIBCMTD:_wctype.obj
 0001:000286a0       _iswxdigit                 130d96a0 f i LIBCMTD:_wctype.obj
 0001:000286c0       __iswspace_l               130d96c0 f i LIBCMTD:_wctype.obj
 0001:000286e0       _iswspace                  130d96e0 f i LIBCMTD:_wctype.obj
 0001:00028700       __iswpunct_l               130d9700 f i LIBCMTD:_wctype.obj
 0001:00028720       _iswpunct                  130d9720 f i LIBCMTD:_wctype.obj
 0001:00028740       __iswalnum_l               130d9740 f i LIBCMTD:_wctype.obj
 0001:00028760       _iswalnum                  130d9760 f i LIBCMTD:_wctype.obj
 0001:00028780       __iswprint_l               130d9780 f i LIBCMTD:_wctype.obj
 0001:000287a0       _iswprint                  130d97a0 f i LIBCMTD:_wctype.obj
 0001:000287c0       __iswgraph_l               130d97c0 f i LIBCMTD:_wctype.obj
 0001:000287e0       _iswgraph                  130d97e0 f i LIBCMTD:_wctype.obj
 0001:00028800       __iswcntrl_l               130d9800 f i LIBCMTD:_wctype.obj
 0001:00028820       _iswcntrl                  130d9820 f i LIBCMTD:_wctype.obj
 0001:00028840       _iswascii                  130d9840 f i LIBCMTD:_wctype.obj
 0001:00028860       __iswcsym_l                130d9860 f i LIBCMTD:_wctype.obj
 0001:000288a0       ___iswcsym                 130d98a0 f i LIBCMTD:_wctype.obj
 0001:000288e0       __iswcsymf_l               130d98e0 f i LIBCMTD:_wctype.obj
 0001:00028920       ___iswcsymf                130d9920 f i LIBCMTD:_wctype.obj
 0001:00028960       __validate_param_reuseA    130d9960 f   LIBCMTD:outputp.obj
 0001:00028bd0       __output_p_l               130d9bd0 f   LIBCMTD:outputp.obj
 0001:0002c7d0       _get_crtdouble_arg         130dd7d0 f i LIBCMTD:outputp.obj
 0001:0002c7f0       __output_s_l               130dd7f0 f   LIBCMTD:outputs.obj
 0001:0002ddc0       __get_sse2_info            130dedc0 f   LIBCMTD:cpu_disp.obj
 0001:0002dee0       ___sse2_available_init     130deee0 f   LIBCMTD:cpu_disp.obj
 0001:0002df00       __VEC_memcpy               130def00 f   LIBCMTD:p4_memcpy.obj
 0001:0002e080       _memmove                   130df080 f   LIBCMTD:memmove.obj
 0001:0002e3f0       ?_JumpToContinuation@@YGXPAXPAUEHRegistrationNode@@@Z 130df3f0 f   LIBCMTD:trnsctrl.obj
 0001:0002e430       ?_CallMemberFunction0@@YGXPAX0@Z 130df430 f   LIBCMTD:trnsctrl.obj
 0001:0002e440       ?_CallMemberFunction1@@YGXPAX00@Z 130df440 f   LIBCMTD:trnsctrl.obj
 0001:0002e450       ?_CallMemberFunction2@@YGXPAX00H@Z 130df450 f   LIBCMTD:trnsctrl.obj
 0001:0002e460       ?_UnwindNestedFrames@@YGXPAUEHRegistrationNode@@PAUEHExceptionRecord@@@Z 130df460 f   LIBCMTD:trnsctrl.obj
 0001:0002e4c0       ___CxxFrameHandler         130df4c0 f   LIBCMTD:trnsctrl.obj
 0001:0002e500       ___CxxFrameHandler3        130df500 f   LIBCMTD:trnsctrl.obj
 0001:0002e540       ___CxxFrameHandler2        130df540 f   LIBCMTD:trnsctrl.obj
 0001:0002e580       ___CxxLongjmpUnwind@4      130df580 f   LIBCMTD:trnsctrl.obj
 0001:0002e5b0       ?_CallCatchBlock2@@YAPAXPAUEHRegistrationNode@@PBU_s_FuncInfo@@PAXHK@Z 130df5b0 f   LIBCMTD:trnsctrl.obj
 0001:0002e670       ?_CallSETranslator@@YAHPAUEHExceptionRecord@@PAUEHRegistrationNode@@PAX2PBU_s_FuncInfo@@H1@Z 130df670 f   LIBCMTD:trnsctrl.obj
 0001:0002e810       ?_GetRangeOfTrysToCheck@@YAPBU_s_TryBlockMapEntry@@PBU_s_FuncInfo@@HHPAI1@Z 130df810 f   LIBCMTD:trnsctrl.obj
 0001:0002e8a0       __CreateFrameInfo          130df8a0 f   LIBCMTD:trnsctrl.obj
 0001:0002e8d0       __IsExceptionObjectToBeDestroyed 130df8d0 f   LIBCMTD:trnsctrl.obj
 0001:0002e900       __FindAndUnlinkFrame       130df900 f   LIBCMTD:trnsctrl.obj
 0001:0002e960       ___crtLCMapStringA         130df960 f   LIBCMTD:a_map.obj
 0001:0002ef10       ___crtGetStringTypeA       130dff10 f   LIBCMTD:a_str.obj
 0001:0002f1a0       ___pwctype_func            130e01a0 f   LIBCMTD:ctype.obj
 0001:0002f1b0       ___pctype_func             130e01b0 f   LIBCMTD:ctype.obj
 0001:0002f200       ___init_time               130e0200 f   LIBCMTD:inittime.obj
 0001:0002f920       ___free_lc_time            130e0920 f   LIBCMTD:inittime.obj
 0001:0002fc30       ___init_numeric            130e0c30 f   LIBCMTD:initnum.obj
 0001:0002ff80       ___free_lconv_num          130e0f80 f   LIBCMTD:initnum.obj
 0001:0002fff0       ___init_monetary           130e0ff0 f   LIBCMTD:initmon.obj
 0001:000304f0       ___free_lconv_mon          130e14f0 f   LIBCMTD:initmon.obj
 0001:000305e0       ___init_ctype              130e15e0 f   LIBCMTD:initctyp.obj
 0001:00030b90       ____mb_cur_max_func        130e1b90 f   LIBCMTD:initctyp.obj
 0001:00030be0       ____mb_cur_max_l_func      130e1be0 f   LIBCMTD:initctyp.obj
 0001:00030c10       ____lc_codepage_func       130e1c10 f   LIBCMTD:initctyp.obj
 0001:00030c60       ____lc_collate_cp_func     130e1c60 f   LIBCMTD:initctyp.obj
 0001:00030cb0       ____lc_handle_func         130e1cb0 f   LIBCMTD:initctyp.obj
 0001:00030d00       ___init_collate            130e1d00 f   LIBCMTD:initcoll.obj
 0001:00030d10       __Getdays_l                130e1d10 f   LIBCMTD:strftime.obj
 0001:00030ed0       __Getdays                  130e1ed0 f   LIBCMTD:strftime.obj
 0001:00030ee0       __Getmonths_l              130e1ee0 f   LIBCMTD:strftime.obj
 0001:000310a0       __Getmonths                130e20a0 f   LIBCMTD:strftime.obj
 0001:000310b0       __Gettnames_l              130e20b0 f   LIBCMTD:strftime.obj
 0001:00031620       __Gettnames                130e2620 f   LIBCMTD:strftime.obj
 0001:00031630       __strftime_l               130e2630 f   LIBCMTD:strftime.obj
 0001:00031660       _strftime                  130e2660 f   LIBCMTD:strftime.obj
 0001:00031690       __Strftime                 130e2690 f   LIBCMTD:strftime.obj
 0001:000316c0       __Strftime_l               130e26c0 f   LIBCMTD:strftime.obj
 0001:00033490       _localeconv                130e4490 f   LIBCMTD:lconv.obj
 0001:000334e0       _strcspn                   130e44e0 f   LIBCMTD:strcspn.obj
 0001:00033530       _strncmp                   130e4530 f   LIBCMTD:strncmp.obj
 0001:000336a0       _strpbrk                   130e46a0 f   LIBCMTD:strpbrk.obj
 0001:000336e0       _memcmp                    130e46e0 f   LIBCMTD:memcmp.obj
 0001:00034150       ___get_qualified_locale    130e5150 f   LIBCMTD:getqloc.obj
 0001:00034fc0       __mbstowcs_l_helper        130e5fc0 f   LIBCMTD:mbstowcs.obj
 0001:00035370       __mbstowcs_l               130e6370 f   LIBCMTD:mbstowcs.obj
 0001:00035390       _mbstowcs                  130e6390 f   LIBCMTD:mbstowcs.obj
 0001:000353e0       __mbstowcs_s_l             130e63e0 f   LIBCMTD:mbstowcs.obj
 0001:000356e0       _mbstowcs_s                130e66e0 f   LIBCMTD:mbstowcs.obj
 0001:00035710       __vswprintf_l              130e6710 f   LIBCMTD:vswprint.obj
 0001:000358e0       __vswprintf                130e68e0 f   LIBCMTD:vswprint.obj
 0001:00035900       ___vswprintf_l             130e6900 f   LIBCMTD:vswprint.obj
 0001:00035920       __vscwprintf_helper        130e6920 f   LIBCMTD:vswprint.obj
 0001:000359e0       __vscwprintf               130e69e0 f   LIBCMTD:vswprint.obj
 0001:00035a00       __vscwprintf_l             130e6a00 f   LIBCMTD:vswprint.obj
 0001:00035a20       __vscwprintf_p             130e6a20 f   LIBCMTD:vswprint.obj
 0001:00035a40       __vscwprintf_p_l           130e6a40 f   LIBCMTD:vswprint.obj
 0001:00035a60       __global_unwind2           130e6a60 f   LIBCMTD:exsup.obj
 0001:00035ac5       __local_unwind2            130e6ac5 f   LIBCMTD:exsup.obj
 0001:00035b49       __abnormal_termination     130e6b49 f   LIBCMTD:exsup.obj
 0001:00035b6c       __NLG_Notify1              130e6b6c f   LIBCMTD:exsup.obj
 0001:00035b75       __NLG_Notify               130e6b75 f   LIBCMTD:exsup.obj
 0001:00035b8c       __NLG_Dispatch             130e6b8c     LIBCMTD:exsup.obj
 0001:00035b8c       __NLG_Dispatch2            130e6b8c     LIBCMTD:exsup.obj
 0001:00035b94       __NLG_Call                 130e6b94 f   LIBCMTD:exsup.obj
 0001:00035b96       __NLG_Return2              130e6b96     LIBCMTD:exsup.obj
 0001:00035ba0       __fptrap                   130e6ba0 f   LIBCMTD:crt0fp.obj
 0001:00035bb0       __alloc_osfhnd             130e6bb0 f   LIBCMTD:osfinfo.obj
 0001:00035e60       __set_osfhnd               130e6e60 f   LIBCMTD:osfinfo.obj
 0001:00035f30       __free_osfhnd              130e6f30 f   LIBCMTD:osfinfo.obj
 0001:00036020       __get_osfhandle            130e7020 f   LIBCMTD:osfinfo.obj
 0001:00036180       __open_osfhandle           130e7180 f   LIBCMTD:osfinfo.obj
 0001:000363b0       ___lock_fhandle            130e73b0 f   LIBCMTD:osfinfo.obj
 0001:000364b0       __unlock_fhandle           130e74b0 f   LIBCMTD:osfinfo.obj
 0001:000364e0       __putwch                   130e74e0 f   LIBCMTD:putwch.obj
 0001:00036570       __putwch_nolock            130e7570 f   LIBCMTD:putwch.obj
 0001:00036670       __cputws                   130e7670 f   LIBCMTD:putwch.obj
 0001:000367b0       __mbtowc_l                 130e77b0 f   LIBCMTD:mbtowc.obj
 0001:000369d0       _mbtowc                    130e79d0 f   LIBCMTD:mbtowc.obj
 0001:000369f0       _fputwc                    130e79f0 f   LIBCMTD:fputwc.obj
 0001:00036af0       __fputwc_nolock            130e7af0 f   LIBCMTD:fputwc.obj
 0001:00036ed0       _putwc                     130e7ed0 f   LIBCMTD:fputwc.obj
 0001:00036ef0       _fclose                    130e7ef0 f   LIBCMTD:fclose.obj
 0001:00037000       __fclose_nolock            130e8000 f   LIBCMTD:fclose.obj
 0001:00037100       __mbsnbcat_s_l             130e8100 f   LIBCMTD:mbsnbcat_s_l.obj
 0001:000378e0       __mbsnbcpy_s_l             130e88e0 f   LIBCMTD:mbsnbcpy_s_l.obj
 0001:00037f60       _vfprintf_helper           130e8f60 f   LIBCMTD:vfprintf.obj
 0001:00038240       __vfprintf_l               130e9240 f   LIBCMTD:vfprintf.obj
 0001:00038270       __vfprintf_s_l             130e9270 f   LIBCMTD:vfprintf.obj
 0001:000382a0       __vfprintf_p_l             130e92a0 f   LIBCMTD:vfprintf.obj
 0001:000382d0       _vfprintf                  130e92d0 f   LIBCMTD:vfprintf.obj
 0001:000382f0       _vfprintf_s                130e92f0 f   LIBCMTD:vfprintf.obj
 0001:00038310       __vfprintf_p               130e9310 f   LIBCMTD:vfprintf.obj
 0001:00038330       _wcstol                    130e9330 f   LIBCMTD:wcstol.obj
 0001:000387b0       __wcstol_l                 130e97b0 f   LIBCMTD:wcstol.obj
 0001:000387d0       _wcstoul                   130e97d0 f   LIBCMTD:wcstol.obj
 0001:00038820       __wcstoul_l                130e9820 f   LIBCMTD:wcstol.obj
 0001:00038840       ___unDName                 130e9840 f   LIBCMTD:undname.obj
 0001:00038920       ?Constructor@HeapManager@@QAEXP6APAXI@ZP6AXPAX@Z@Z 130e9920 f i LIBCMTD:undname.obj
 0001:00038960       ?Destructor@HeapManager@@QAEXXZ 130e9960 f i LIBCMTD:undname.obj
 0001:000389b0       ___unDNameEx               130e99b0 f   LIBCMTD:undname.obj
 0001:00038a90       ??0UnDecorator@@QAE@PADPBDHP6APADJ@ZK@Z 130e9a90 f i LIBCMTD:undname.obj
 0001:00038b30       ??BUnDecorator@@QAEPADXZ   130e9b30 f i LIBCMTD:undname.obj
 0001:00038d60       ?dbGetString@DName@@QBEPADXZ 130e9d60 f   LIBCMTD:undname.obj
 0001:00038d80       ?getDecoratedName@UnDecorator@@CA?AVDName@@XZ 130e9d80 f   LIBCMTD:undname.obj
 0001:00039090       ?getSymbolName@UnDecorator@@CA?AVDName@@XZ 130ea090 f i LIBCMTD:undname.obj
 0001:00039100       ?getZName@UnDecorator@@CA?AVDName@@_N@Z 130ea100 f   LIBCMTD:undname.obj
 0001:00039370       ?getOperatorName@UnDecorator@@CA?AVDName@@_NPA_N@Z 130ea370 f i LIBCMTD:undname.obj
 0001:00039c80       ?getStringEncoding@UnDecorator@@CA?AVDName@@PADH@Z 130eac80 f   LIBCMTD:undname.obj
 0001:00039d80       ?getScope@UnDecorator@@CA?AVDName@@XZ 130ead80 f   LIBCMTD:undname.obj
 0001:0003a160       ?getSignedDimension@UnDecorator@@CA?AVDName@@XZ 130eb160 f   LIBCMTD:undname.obj
 0001:0003a1e0       ?getDimension@UnDecorator@@CA?AVDName@@_N@Z 130eb1e0 f   LIBCMTD:undname.obj
 0001:0003a490       ?getNumberOfDimensions@UnDecorator@@CAHXZ 130eb490 f   LIBCMTD:undname.obj
 0001:0003a590       ?getTemplateName@UnDecorator@@CA?AVDName@@_N@Z 130eb590 f   LIBCMTD:undname.obj
 0001:0003a770       ?getTemplateArgumentList@UnDecorator@@CA?AVDName@@XZ 130eb770 f   LIBCMTD:undname.obj
 0001:0003a9f0       ?getTemplateConstant@UnDecorator@@CA?AVDName@@XZ 130eb9f0 f   LIBCMTD:undname.obj
 0001:0003ae80       ?composeDeclaration@UnDecorator@@CA?AVDName@@ABV2@@Z 130ebe80 f i LIBCMTD:undname.obj
 0001:0003c480       ?getTypeEncoding@UnDecorator@@CAHXZ 130ed480 f i LIBCMTD:undname.obj
 0001:0003ce10       ?getBasedType@UnDecorator@@CA?AVDName@@XZ 130ede10 f   LIBCMTD:undname.obj
 0001:0003ced0       ?getScopedName@UnDecorator@@CA?AVDName@@XZ 130eded0 f   LIBCMTD:undname.obj
 0001:0003cff0       ?getCallingConvention@UnDecorator@@CA?AVDName@@XZ 130edff0 f   LIBCMTD:undname.obj
 0001:0003d150       ?getReturnType@UnDecorator@@CA?AVDName@@PAV2@@Z 130ee150 f   LIBCMTD:undname.obj
 0001:0003d1a0       ?getDataType@UnDecorator@@CA?AVDName@@PAV2@@Z 130ee1a0 f   LIBCMTD:undname.obj
 0001:0003d2b0       ?getPrimaryDataType@UnDecorator@@CA?AVDName@@ABV2@@Z 130ee2b0 f   LIBCMTD:undname.obj
 0001:0003d550       ?getArgumentTypes@UnDecorator@@CA?AVDName@@XZ 130ee550 f   LIBCMTD:undname.obj
 0001:0003d6b0       ?getArgumentList@UnDecorator@@CA?AVDName@@XZ 130ee6b0 f   LIBCMTD:undname.obj
 0001:0003d7e0       ?getThrowTypes@UnDecorator@@CA?AVDName@@XZ 130ee7e0 f   LIBCMTD:undname.obj
 0001:0003d890       ?getBasicDataType@UnDecorator@@CA?AVDName@@ABV2@@Z 130ee890 f   LIBCMTD:undname.obj
 0001:0003de00       ?getECSUDataType@UnDecorator@@CA?AVDName@@XZ 130eee00 f   LIBCMTD:undname.obj
 0001:0003dfd0       ?getECSUName@UnDecorator@@CA?AVDName@@XZ 130eefd0 f i LIBCMTD:undname.obj
 0001:0003dff0       ?getEnumType@UnDecorator@@CA?AVDName@@XZ 130eeff0 f i LIBCMTD:undname.obj
 0001:0003e140       ?getFunctionIndirectType@UnDecorator@@CA?AVDName@@ABV2@@Z 130ef140 f   LIBCMTD:undname.obj
 0001:0003e580       ?getPtrRefType@UnDecorator@@CA?AVDName@@ABV2@0D@Z 130ef580 f   LIBCMTD:undname.obj
 0001:0003e6e0       ?getExtendedDataIndirectType@UnDecorator@@CA?AVDName@@AADAA_NH@Z 130ef6e0 f   LIBCMTD:undname.obj
 0001:0003e870       ?getDataIndirectType@UnDecorator@@CA?AVDName@@ABV2@D0H@Z 130ef870 f   LIBCMTD:undname.obj
 0001:0003ef60       ?getPtrRefDataType@UnDecorator@@CA?AVDName@@ABV2@H@Z 130eff60 f i LIBCMTD:undname.obj
 0001:0003f0a0       ?getArrayType@UnDecorator@@CA?AVDName@@ABV2@@Z 130f00a0 f i LIBCMTD:undname.obj
 0001:0003f2c0       ?getLexicalFrame@UnDecorator@@CA?AVDName@@XZ 130f02c0 f i LIBCMTD:undname.obj
 0001:0003f300       ?getThisType@UnDecorator@@CA?AVDName@@XZ 130f0300 f i LIBCMTD:undname.obj
 0001:0003f330       ?getPointerType@UnDecorator@@CA?AVDName@@ABV2@0@Z 130f0330 f i LIBCMTD:undname.obj
 0001:0003f350       ?getPointerTypeArray@UnDecorator@@CA?AVDName@@ABV2@0@Z 130f0350 f i LIBCMTD:undname.obj
 0001:0003f370       ?getReferenceType@UnDecorator@@CA?AVDName@@ABV2@0@Z 130f0370 f i LIBCMTD:undname.obj
 0001:0003f390       ?getDisplacement@UnDecorator@@CA?AVDName@@XZ 130f0390 f i LIBCMTD:undname.obj
 0001:0003f3b0       ?getCallIndex@UnDecorator@@CA?AVDName@@XZ 130f03b0 f i LIBCMTD:undname.obj
 0001:0003f3d0       ?getGuardNumber@UnDecorator@@CA?AVDName@@XZ 130f03d0 f i LIBCMTD:undname.obj
 0001:0003f3f0       ?getVbTableType@UnDecorator@@CA?AVDName@@ABV2@@Z 130f03f0 f i LIBCMTD:undname.obj
 0001:0003f410       ?getVCallThunkType@UnDecorator@@CA?AVDName@@XZ 130f0410 f i LIBCMTD:undname.obj
 0001:0003f470       ?getVfTableType@UnDecorator@@CA?AVDName@@ABV2@@Z 130f0470 f i LIBCMTD:undname.obj
 0001:0003f630       ?getStorageConvention@UnDecorator@@CA?AVDName@@XZ 130f0630 f i LIBCMTD:undname.obj
 0001:0003f650       ?getDataIndirectType@UnDecorator@@CA?AVDName@@XZ 130f0650 f i LIBCMTD:undname.obj
 0001:0003f680       ?getVdispMapType@UnDecorator@@CA?AVDName@@ABV2@@Z 130f0680 f i LIBCMTD:undname.obj
 0001:0003f6f0       ?getExternalDataType@UnDecorator@@CA?AVDName@@ABV2@@Z 130f06f0 f i LIBCMTD:undname.obj
 0001:0003f780       ?doMSKeywords@UnDecorator@@SAHXZ 130f0780 f i LIBCMTD:undname.obj
 0001:0003f7a0       ?doPtr64@UnDecorator@@SAHXZ 130f07a0 f i LIBCMTD:undname.obj
 0001:0003f7c0       ?doFunctionReturns@UnDecorator@@SAHXZ 130f07c0 f i LIBCMTD:undname.obj
 0001:0003f7e0       ?doAllocationModel@UnDecorator@@SAHXZ 130f07e0 f i LIBCMTD:undname.obj
 0001:0003f800       ?doAllocationLanguage@UnDecorator@@SAHXZ 130f0800 f i LIBCMTD:undname.obj
 0001:0003f820       ?doThisTypes@UnDecorator@@SAHXZ 130f0820 f i LIBCMTD:undname.obj
 0001:0003f840       ?doAccessSpecifiers@UnDecorator@@SAHXZ 130f0840 f i LIBCMTD:undname.obj
 0001:0003f860       ?doThrowTypes@UnDecorator@@SAHXZ 130f0860 f i LIBCMTD:undname.obj
 0001:0003f880       ?doMemberTypes@UnDecorator@@SAHXZ 130f0880 f i LIBCMTD:undname.obj
 0001:0003f8a0       ?doNameOnly@UnDecorator@@SAHXZ 130f08a0 f i LIBCMTD:undname.obj
 0001:0003f8b0       ?doTypeOnly@UnDecorator@@SAHXZ 130f08b0 f i LIBCMTD:undname.obj
 0001:0003f8c0       ?haveTemplateParameters@UnDecorator@@SAHXZ 130f08c0 f i LIBCMTD:undname.obj
 0001:0003f8d0       ?doEcsu@UnDecorator@@SAHXZ 130f08d0 f i LIBCMTD:undname.obj
 0001:0003f8f0       ?doEllipsis@UnDecorator@@SAHXZ 130f08f0 f i LIBCMTD:undname.obj
 0001:0003f910       ?UScore@UnDecorator@@SAPBDW4Tokens@@@Z 130f0910 f   LIBCMTD:undname.obj
 0001:0003f940       ?doUnderScore@UnDecorator@@SAHXZ 130f0940 f i LIBCMTD:undname.obj
 0001:0003f960       ??2@YAPAXIAAVHeapManager@@H@Z 130f0960 f i LIBCMTD:undname.obj
 0001:0003f980       ?getMemory@HeapManager@@QAEPAXIH@Z 130f0980 f   LIBCMTD:undname.obj
 0001:0003fa90       ??0Block@HeapManager@@QAE@XZ 130f0a90 f i LIBCMTD:undname.obj
 0001:0003fab0       ??H@YA?AVDName@@DABV0@@Z   130f0ab0 f i LIBCMTD:undname.obj
 0001:0003fae0       ??H@YA?AVDName@@W4DNameStatus@@ABV0@@Z 130f0ae0 f i LIBCMTD:undname.obj
 0001:0003fb10       ??H@YA?AVDName@@PBDABV0@@Z 130f0b10 f i LIBCMTD:undname.obj
 0001:0003fb40       ??0DName@@QAE@XZ           130f0b40 f i LIBCMTD:undname.obj
 0001:0003fbf0       ??0DName@@QAE@D@Z          130f0bf0 f   LIBCMTD:undname.obj
 0001:0003fcc0       ??0DName@@QAE@ABV0@@Z      130f0cc0 f i LIBCMTD:undname.obj
 0001:0003fe20       ??0DName@@QAE@PAV0@@Z      130f0e20 f   LIBCMTD:undname.obj
 0001:0003ff40       ??0DName@@QAE@PBD@Z        130f0f40 f   LIBCMTD:undname.obj
 0001:00040010       ??0DName@@QAE@AAPBDD@Z     130f1010 f   LIBCMTD:undname.obj
 0001:000402c0       ?doNoIdentCharCheck@UnDecorator@@SAHXZ 130f12c0 f i LIBCMTD:undname.obj
 0001:000402d0       ??0DName@@QAE@_K@Z         130f12d0 f   LIBCMTD:undname.obj
 0001:00040400       ??0DName@@QAE@_J@Z         130f1400 f   LIBCMTD:undname.obj
 0001:00040570       ??0DName@@QAE@W4DNameStatus@@@Z 130f1570 f   LIBCMTD:undname.obj
 0001:00040690       ?isValid@DName@@QBEHXZ     130f1690 f   LIBCMTD:undname.obj
 0001:000406d0       ?isEmpty@DName@@QBEHXZ     130f16d0 f   LIBCMTD:undname.obj
 0001:00040710       ?status@DName@@QBE?AW4DNameStatus@@XZ 130f1710 f i LIBCMTD:undname.obj
 0001:00040730       ?clearStatus@DName@@QAEXXZ 130f1730 f i LIBCMTD:undname.obj
 0001:00040750       ?setPtrRef@DName@@QAEAAV1@XZ 130f1750 f i LIBCMTD:undname.obj
 0001:00040770       ?isPtrRef@DName@@QBEHXZ    130f1770 f i LIBCMTD:undname.obj
 0001:00040790       ?isUDC@DName@@QBEHXZ       130f1790 f i LIBCMTD:undname.obj
 0001:000407d0       ?setIsUDC@DName@@QAEXXZ    130f17d0 f i LIBCMTD:undname.obj
 0001:00040800       ?isUDTThunk@DName@@QBEHXZ  130f1800 f i LIBCMTD:undname.obj
 0001:00040840       ?setIsArray@DName@@QAEXXZ  130f1840 f i LIBCMTD:undname.obj
 0001:00040860       ?isArray@DName@@QBEHXZ     130f1860 f i LIBCMTD:undname.obj
 0001:00040880       ?isNoTE@DName@@QBEHXZ      130f1880 f i LIBCMTD:undname.obj
 0001:000408a0       ?setIsNoTE@DName@@QAEXXZ   130f18a0 f i LIBCMTD:undname.obj
 0001:000408c0       ?isPinPtr@DName@@QBEHXZ    130f18c0 f i LIBCMTD:undname.obj
 0001:000408e0       ?setIsPinPtr@DName@@QAEXXZ 130f18e0 f i LIBCMTD:undname.obj
 0001:00040900       ?isComArray@DName@@QBEHXZ  130f1900 f i LIBCMTD:undname.obj
 0001:00040920       ?setIsComArray@DName@@QAEXXZ 130f1920 f i LIBCMTD:undname.obj
 0001:00040940       ?isVCallThunk@DName@@QBEHXZ 130f1940 f i LIBCMTD:undname.obj
 0001:00040960       ?setIsVCallThunk@DName@@QAEXXZ 130f1960 f i LIBCMTD:undname.obj
 0001:00040980       ?length@DName@@QBEHXZ      130f1980 f   LIBCMTD:undname.obj
 0001:000409e0       ?getLastChar@DName@@QBEDXZ 130f19e0 f   LIBCMTD:undname.obj
 0001:00040a60       ?getString@DName@@QBEPADPADH@Z 130f1a60 f   LIBCMTD:undname.obj
 0001:00040b60       ??HDName@@QBE?AV0@D@Z      130f1b60 f   LIBCMTD:undname.obj
 0001:00040bb0       ??HDName@@QBE?AV0@PBD@Z    130f1bb0 f   LIBCMTD:undname.obj
 0001:00040c00       ??HDName@@QBE?AV0@ABV0@@Z  130f1c00 f   LIBCMTD:undname.obj
 0001:00040c70       ??HDName@@QBE?AV0@PAV0@@Z  130f1c70 f   LIBCMTD:undname.obj
 0001:00040cc0       ??HDName@@QBE?AV0@W4DNameStatus@@@Z 130f1cc0 f   LIBCMTD:undname.obj
 0001:00040d10       ??YDName@@QAEAAV0@D@Z      130f1d10 f   LIBCMTD:undname.obj
 0001:00040dc0       ??YDName@@QAEAAV0@PBD@Z    130f1dc0 f   LIBCMTD:undname.obj
 0001:00040e80       ??YDName@@QAEAAV0@ABV0@@Z  130f1e80 f   LIBCMTD:undname.obj
 0001:00040f10       ??YDName@@QAEAAV0@PAV0@@Z  130f1f10 f   LIBCMTD:undname.obj
 0001:00041010       ??YDName@@QAEAAV0@W4DNameStatus@@@Z 130f2010 f   LIBCMTD:undname.obj
 0001:000410e0       ??_5DName@@QAEAAV0@ABV0@@Z 130f20e0 f   LIBCMTD:undname.obj
 0001:00041130       ??4DName@@QAEAAV0@D@Z      130f2130 f   LIBCMTD:undname.obj
 0001:000411a0       ??4DName@@QAEAAV0@PBD@Z    130f21a0 f   LIBCMTD:undname.obj
 0001:00041220       ??4DName@@QAEAAV0@ABV0@@Z  130f2220 f   LIBCMTD:undname.obj
 0001:00041330       ??4DName@@QAEAAV0@PAV0@@Z  130f2330 f   LIBCMTD:undname.obj
 0001:00041420       ??4DName@@QAEAAV0@W4DNameStatus@@@Z 130f2420 f   LIBCMTD:undname.obj
 0001:00041530       ?doPchar@DName@@AAEXPBDH@Z 130f2530 f   LIBCMTD:undname.obj
 0001:00041680       ?isFull@Replicator@@QBEHXZ 130f2680 f i LIBCMTD:undname.obj
 0001:000416a0       ??0Replicator@@QAE@XZ      130f26a0 f i LIBCMTD:undname.obj
 0001:000416e0       ??YReplicator@@QAEAAV0@ABVDName@@@Z 130f26e0 f   LIBCMTD:undname.obj
 0001:00041770       ??AReplicator@@QBEABVDName@@H@Z 130f2770 f   LIBCMTD:undname.obj
 0001:000417c0       ??0DNameNode@@IAE@XZ       130f27c0 f   LIBCMTD:undname.obj
 0001:000417f0       ?nextNode@DNameNode@@QBEPAV1@XZ 130f27f0 f i LIBCMTD:undname.obj
 0001:00041810       ?clone@DNameNode@@QAEPAV1@XZ 130f2810 f   LIBCMTD:undname.obj
 0001:00041890       ??0DName@@QAE@PAVDNameNode@@@Z 130f2890 f i LIBCMTD:undname.obj
 0001:00041940       ??YDNameNode@@QAEAAV0@PAV0@@Z 130f2940 f   LIBCMTD:undname.obj
 0001:000419a0       ??0charNode@@QAE@D@Z       130f29a0 f   LIBCMTD:undname.obj
 0001:000419d0       ?length@charNode@@UBEHXZ   130f29d0 f i LIBCMTD:undname.obj
 0001:000419e0       ?getLastChar@charNode@@UBEDXZ 130f29e0 f i LIBCMTD:undname.obj
 0001:00041a00       ?getString@charNode@@UBEPADPADH@Z 130f2a00 f   LIBCMTD:undname.obj
 0001:00041a30       ??0pcharNode@@QAE@PBDH@Z   130f2a30 f   LIBCMTD:undname.obj
 0001:00041ae0       ?length@pcharNode@@UBEHXZ  130f2ae0 f i LIBCMTD:undname.obj
 0001:00041b00       ?getLastChar@pcharNode@@UBEDXZ 130f2b00 f i LIBCMTD:undname.obj
 0001:00041b40       ?getString@pcharNode@@UBEPADPADH@Z 130f2b40 f   LIBCMTD:undname.obj
 0001:00041bb0       ??0pDNameNode@@QAE@PAVDName@@@Z 130f2bb0 f   LIBCMTD:undname.obj
 0001:00041c10       ?length@pDNameNode@@UBEHXZ 130f2c10 f i LIBCMTD:undname.obj
 0001:00041c40       ?getLastChar@pDNameNode@@UBEDXZ 130f2c40 f i LIBCMTD:undname.obj
 0001:00041c70       ?getString@pDNameNode@@UBEPADPADH@Z 130f2c70 f   LIBCMTD:undname.obj
[...]
 0003:0000038c       __crtBreakAlloc            1312738c     LIBCMTD:dbgheap.obj
 0003:000003a4       __aexit_rtn                131273a4     LIBCMTD:crt0dat.obj
 0003:000003a8       __iob                      131273a8     LIBCMTD:_file.obj
 0003:00000628       ___abort_behavior          13127628     LIBCMTD:abort.obj
 0003:00000718       ___flsindex                13127718     LIBCMTD:tidtable.obj
 0003:0000071c       ___getvalueindex           1312771c     LIBCMTD:tidtable.obj
 0003:00000724       ??_R0?AVtype_info@@@8      13127724     LIBCMTD:typinfo.obj
 0003:00000740       ??_R0?AVbad_cast@std@@@8   13127740     LIBCMTD:stdexcpt.obj
 0003:0000075c       ??_R0?AVbad_typeid@std@@@8 1312775c     LIBCMTD:stdexcpt.obj
 0003:0000077c       ??_R0?AV__non_rtti_object@std@@@8 1312777c     LIBCMTD:stdexcpt.obj
 0003:000007a0       ___badioinfo               131277a0     LIBCMTD:ioinit.obj
 0003:000007d8       __amblksiz                 131277d8     LIBCMTD:heapinit.obj
 0003:000007e0       __XcptActTab               131277e0     LIBCMTD:winxfltr.obj
 0003:00000858       __First_FPE_Indx           13127858     LIBCMTD:winxfltr.obj
 0003:0000085c       __Num_FPE                  1312785c     LIBCMTD:winxfltr.obj
 0003:00000860       __XcptActTabSize           13127860     LIBCMTD:winxfltr.obj
 0003:00000864       __XcptActTabCount          13127864     LIBCMTD:winxfltr.obj
 0003:000009d8       ___nullstring              131279d8     LIBCMTD:output.obj
 0003:000009dc       ___wnullstring             131279dc     LIBCMTD:output.obj
 0003:000009f4       __pfnAllocHook             131279f4     LIBCMTD:dbghook.obj
 0003:000009f8       ___initialmbcinfo          131279f8     LIBCMTD:mbctype.obj
 0003:00000c18       __mbctype                  13127c18     LIBCMTD:mbctype.obj
 0003:00000d20       __mbcasemap                13127d20     LIBCMTD:mbctype.obj
 0003:00000e20       ___ptmbcinfo               13127e20     LIBCMTD:mbctype.obj
 0003:00000f1c       ___globallocalestatus      13127f1c     LIBCMTD:glstatus.obj
 0003:00000f20       ___clocalestr              13127f20     LIBCMTD:nlsdata2.obj
 0003:00000f28       ___initiallocinfo          13127f28     LIBCMTD:nlsdata2.obj
 0003:00001000       ___ptlocinfo               13128000     LIBCMTD:nlsdata2.obj
 0003:00001004       ___lc_clike                13128004     LIBCMTD:nlsdata2.obj
 0003:00001008       ___initiallocalestructinfo 13128008     LIBCMTD:nlsdata2.obj
 0003:00001010       __crtAssertBusy            13128010     LIBCMTD:dbgrptt.obj
 0003:00001014       __CrtDbgMode               13128014     LIBCMTD:dbgrptt.obj
 0003:00001020       __CrtDbgFile               13128020     LIBCMTD:dbgrptt.obj
 0003:0000102c       __cfltcvt_tab              1312802c     LIBCMTD:cmiscdat.obj
 0003:00001070       __pctype                   13128070     LIBCMTD:ctype.obj
 0003:00001074       __pwctype                  13128074     LIBCMTD:ctype.obj
 0003:00001078       ___lc_time_c               13128078     LIBCMTD:strftime.obj
 0003:00001130       ___lc_time_curr            13128130     LIBCMTD:strftime.obj
 0003:00001134       ___lconv_static_decimal    13128134     LIBCMTD:lconv.obj
 0003:00001138       ___lconv_c                 13128138     LIBCMTD:lconv.obj
 0003:00001168       ___lconv                   13128168     LIBCMTD:lconv.obj
 0003:0000116c       ___mb_cur_max              1312816c     LIBCMTD:nlsdata1.obj
 0003:00001170       ___decimal_point           13128170     LIBCMTD:nlsdata1.obj
 0003:00001174       ___decimal_point_length    13128174     LIBCMTD:nlsdata1.obj
 0003:00001180       __NLG_Destination          13128180     LIBCMTD:exsup.obj
 0003:00001194       ??_R0?AVDNameNode@@@8      13128194     LIBCMTD:undname.obj
 0003:000011ac       ??_R0?AVcharNode@@@8       131281ac     LIBCMTD:undname.obj
 0003:000011c4       ??_R0?AVpcharNode@@@8      131281c4     LIBCMTD:undname.obj
 0003:000011dc       ??_R0?AVpDNameNode@@@8     131281dc     LIBCMTD:undname.obj
 0003:000011f8       ??_R0?AVDNameStatusNode@@@8 131281f8     LIBCMTD:undname.obj
 0003:0000121c       ??_R0?AVbad_exception@std@@@8 1312821c     LIBCMTD:frame.obj
 0003:00001240       __timezone                 13128240     LIBCMTD:timeset.obj
 0003:00001244       __daylight                 13128244     LIBCMTD:timeset.obj
 0003:00001248       __dstbias                  13128248     LIBCMTD:timeset.obj
 0003:000012d0       __tzname                   131282d0     LIBCMTD:timeset.obj
 0003:000012f0       __coninpfh                 131282f0     LIBCMTD:initcon.obj
 0003:000012f4       __confh                    131282f4     LIBCMTD:initcon.obj
 0003:00001300       __lpdays                   13128300     LIBCMTD:days.obj
 0003:00001334       __days                     13128334     LIBCMTD:days.obj
 0003:00001378       ?m_gStartTime@micro_time@base@tls@@0_KA 13128378     base_static:time_util.obj
 0003:00001380       ?m_gStartTime_std@micro_time@base@tls@@0_KA 13128380     base_static:time_util.obj
 0003:00001898       __aenvptr                  13128898     LIBCMTD:dllcrt0.obj
 0003:0000189c       __wenvptr                  1312889c     LIBCMTD:dllcrt0.obj
 0003:000018a0       ___error_mode              131288a0     LIBCMTD:dllcrt0.obj
 0003:000018a4       ___app_type                131288a4     LIBCMTD:dllcrt0.obj
 0003:000018a8       ?wsprintffp@@3P6AHPADPBDZZA 131288a8     LIBCMTD:error.obj
 0003:00001a34       ?_pfnDumpClient@@3P6AXPAXI@ZA 13128a34     LIBCMTD:dbgheap.obj
 0003:00001a3c       ___crtDebugCheckCount      13128a3c     LIBCMTD:dbgheap.obj
 0003:00001a44       __umaskval                 13128a44     LIBCMTD:crt0dat.obj
 0003:00001a48       __osplatform               13128a48     LIBCMTD:crt0dat.obj
 0003:00001a4c       __osver                    13128a4c     LIBCMTD:crt0dat.obj
 0003:00001a50       __winver                   13128a50     LIBCMTD:crt0dat.obj
 0003:00001a54       __winmajor                 13128a54     LIBCMTD:crt0dat.obj
 0003:00001a58       __winminor                 13128a58     LIBCMTD:crt0dat.obj
 0003:00001a5c       ___argc                    13128a5c     LIBCMTD:crt0dat.obj
 0003:00001a60       ___argv                    13128a60     LIBCMTD:crt0dat.obj
 0003:00001a64       ___wargv                   13128a64     LIBCMTD:crt0dat.obj
 0003:00001a68       __environ                  13128a68     LIBCMTD:crt0dat.obj
 0003:00001a6c       ___initenv                 13128a6c     LIBCMTD:crt0dat.obj
 0003:00001a70       __wenviron                 13128a70     LIBCMTD:crt0dat.obj
 0003:00001a74       ___winitenv                13128a74     LIBCMTD:crt0dat.obj
 0003:00001a78       __pgmptr                   13128a78     LIBCMTD:crt0dat.obj
 0003:00001a7c       __wpgmptr                  13128a7c     LIBCMTD:crt0dat.obj
 0003:00001a80       __exitflag                 13128a80     LIBCMTD:crt0dat.obj
 0003:00001a84       __C_Termination_Done       13128a84     LIBCMTD:crt0dat.obj
 0003:00001a88       __C_Exit_Done              13128a88     LIBCMTD:crt0dat.obj
 0003:00001ab8       __cflush                   13128ab8     LIBCMTD:_file.obj
 0003:00001abc       ___pInvalidArgHandler      13128abc     LIBCMTD:invarg.obj
 0003:00001dd4       _gpFlsAlloc                13128dd4     LIBCMTD:tidtable.obj
 0003:00001dd8       _gpFlsGetValue             13128dd8     LIBCMTD:tidtable.obj
 0003:00001ddc       _gpFlsSetValue             13128ddc     LIBCMTD:tidtable.obj
 0003:00001de0       _gpFlsFree                 13128de0     LIBCMTD:tidtable.obj
 0003:00001dec       ___pPurecall               13128dec     LIBCMTD:inithelp.obj
 0003:00001df0       ?_pnhHeap@@3P6AHI@ZA       13128df0     LIBCMTD:handler.obj
 0003:00001f04       __crtheap                  13128f04     LIBCMTD:heapinit.obj
 0003:0000223c       __newmode                  1312923c     LIBCMTD:_newmode.obj
 0003:00002240       ___sbh_pHeaderDefer        13129240     LIBCMTD:sbheap.obj
 0003:00002248       ___mbulinfo                13129248     LIBCMTD:mbctype.obj
 0003:00002254       ___mbcodepage              13129254     LIBCMTD:mbctype.obj
 0003:00002258       ___ismbcodepage            13129258     LIBCMTD:mbctype.obj
 0003:0000225c       ___mblcid                  1312925c     LIBCMTD:mbctype.obj
 0003:00002260       ___locale_changed          13129260     LIBCMTD:setlocal.obj
 0003:00002264       ___lc_handle               13129264     LIBCMTD:nlsdata2.obj
 0003:0000227c       ___lc_codepage             1312927c     LIBCMTD:nlsdata2.obj
 0003:00002280       ___lc_collate_cp           13129280     LIBCMTD:nlsdata2.obj
 0003:00002284       ?__pInconsistency@@3P6AXXZA 13129284     LIBCMTD:hooks.obj
 0003:0000228c       __stdbuf                   1312928c     LIBCMTD:_sftbuf.obj
 0003:000022c4       ___lconv_static_null       131292c4     LIBCMTD:lconv.obj
 0003:000022dc       ?pArgList@UnDecorator@@0PAVReplicator@@A 131292dc     LIBCMTD:undname.obj
 0003:000022e0       ?pZNameList@UnDecorator@@0PAVReplicator@@A 131292e0     LIBCMTD:undname.obj
 0003:000022e4       ?pTemplateArgList@UnDecorator@@0PAVReplicator@@A 131292e4     LIBCMTD:undname.obj
 0003:000022e8       ?gName@UnDecorator@@0PBDB  131292e8     LIBCMTD:undname.obj
 0003:000022ec       ?name@UnDecorator@@0PBDB   131292ec     LIBCMTD:undname.obj
 0003:000022f0       ?outputString@UnDecorator@@0PADA 131292f0     LIBCMTD:undname.obj
 0003:000022f4       ?maxStringLength@UnDecorator@@0HA 131292f4     LIBCMTD:undname.obj
 0003:000022f8       ?disableFlags@UnDecorator@@0KA 131292f8     LIBCMTD:undname.obj
 0003:000022fc       ?m_pGetParameter@UnDecorator@@0P6APADJ@ZA 131292fc     LIBCMTD:undname.obj
 0003:00002300       ?fExplicitTemplateParams@UnDecorator@@0_NA 13129300     LIBCMTD:undname.obj
 0003:00002301       ?fGetTemplateArgumentList@UnDecorator@@0_NA 13129301     LIBCMTD:undname.obj
 0003:00002418       ?m_gStartTime@five_year_time@base@tls@@2IA 13129418     base_static:time_util.obj
 0003:0000241c       __pfnReportHook            1312941c     <common>
 0003:0000242c       __pReportHookListW         1312942c     <common>
 0003:00002430       __pReportHookList          13129430     <common>
 0003:00002434       ___setlc_active            13129434     <common>
 0003:00002444       ___unguarded_readlc_active 13129444     <common>
 0003:00002448       ___sbh_initialized         13129448     <common>
 0003:0000245c       ___sbh_cntHeaderList       1312945c     <common>
 0003:00002460       ___sbh_pHeaderList         13129460     <common>
 0003:00002464       ___sbh_threshold           13129464     <common>
 0003:00002468       ___sbh_pHeaderScan         13129468     <common>
 0003:0000246c       ___sbh_sizeHeaderList      1312946c     <common>
 0003:00002470       ___sbh_indGroupDefer       13129470     <common>
 0003:00002474       __debugger_hook_dummy      13129474     <common>
 0003:00002480       ___use_sse2_mathfcns       13129480     <common>
 0003:00002490       ___sse2_available          13129490     <common>
 0003:00002494       ___active_heap             13129494     <common>
 0003:000024a0       __nhandle                  131294a0     <common>
 0003:000024e0       ___pioinfo                 131294e0     <common>
 0003:000025e0       ___piob                    131295e0     <common>
 0003:00002920       __bufin                    13129920     <common>
 0003:00003920       __nstream                  1312a920     <common>
 0003:00003924       ___env_initialized         1312a924     <common>
 0003:00003934       ___onexitend               1312a934     <common>
 0003:00003938       ___onexitbegin             1312a938     <common>
 0003:0000393c       ___mbctype_initialized     1312a93c     <common>
 0003:00003940       __FPinit                   1312a940     <common>
 0003:00003944       ___dyn_tls_init_callback   1312a944     <common>
 0003:00003948       __acmdln                   1312a948     <common>
 0004:00000000       __IMPORT_DESCRIPTOR_KERNEL32 1312b000     kernel32:KERNEL32.dll
 0004:00000014       __NULL_IMPORT_DESCRIPTOR   1312b014     kernel32:KERNEL32.dll
 0004:00000210       __imp__GetModuleFileNameW@12 1312b210     kernel32:KERNEL32.dll
 0004:00000214       __imp__WriteConsoleW@20    1312b214     kernel32:KERNEL32.dll
 0004:00000218       __imp__GetFileType@4       1312b218     kernel32:KERNEL32.dll
 0004:0000021c       __imp__GetStdHandle@4      1312b21c     kernel32:KERNEL32.dll
 0004:00000220       __imp__GetCurrentThreadId@0 1312b220     kernel32:KERNEL32.dll
 0004:00000224       __imp__GetCommandLineA@0   1312b224     kernel32:KERNEL32.dll
 0004:00000228       __imp__HeapFree@12         1312b228     kernel32:KERNEL32.dll
 0004:0000022c       __imp__GetVersionExA@4     1312b22c     kernel32:KERNEL32.dll
 0004:00000230       __imp__HeapAlloc@12        1312b230     kernel32:KERNEL32.dll
 0004:00000234       __imp__GetProcessHeap@0    1312b234     kernel32:KERNEL32.dll
 0004:00000238       __imp__RaiseException@16   1312b238     kernel32:KERNEL32.dll
 0004:0000023c       __imp__DebugBreak@0        1312b23c     kernel32:KERNEL32.dll
 0004:00000240       __imp__WideCharToMultiByte@32 1312b240     kernel32:KERNEL32.dll
 0004:00000244       __imp__IsDebuggerPresent@0 1312b244     kernel32:KERNEL32.dll
 0004:00000248       __imp__MultiByteToWideChar@24 1312b248     kernel32:KERNEL32.dll
 0004:0000024c       __imp__lstrlenA@4          1312b24c     kernel32:KERNEL32.dll
 0004:00000250       __imp__GetProcAddress@8    1312b250     kernel32:KERNEL32.dll
 0004:00000254       __imp__LoadLibraryA@4      1312b254     kernel32:KERNEL32.dll
 0004:00000258       __imp__DeleteCriticalSection@4 1312b258     kernel32:KERNEL32.dll
 0004:0000025c       __imp__EnterCriticalSection@4 1312b25c     kernel32:KERNEL32.dll
 0004:00000260       __imp__LeaveCriticalSection@4 1312b260     kernel32:KERNEL32.dll
 0004:00000264       __imp__FatalAppExitA@8     1312b264     kernel32:KERNEL32.dll
 0004:00000268       __imp__HeapValidate@12     1312b268     kernel32:KERNEL32.dll
 0004:0000026c       __imp__IsBadReadPtr@8      1312b26c     kernel32:KERNEL32.dll
 0004:00000270       __imp__InterlockedIncrement@4 1312b270     kernel32:KERNEL32.dll
 0004:00000274       __imp__InterlockedDecrement@4 1312b274     kernel32:KERNEL32.dll
 0004:00000278       __imp__GetModuleHandleA@4  1312b278     kernel32:KERNEL32.dll
 0004:0000027c       __imp__ExitProcess@4       1312b27c     kernel32:KERNEL32.dll
 0004:00000280       __imp__GetLastError@0      1312b280     kernel32:KERNEL32.dll
 0004:00000284       __imp__SetConsoleCtrlHandler@8 1312b284     kernel32:KERNEL32.dll
 0004:00000288       __imp__LoadLibraryW@4      1312b288     kernel32:KERNEL32.dll
 0004:0000028c       __imp__UnhandledExceptionFilter@4 1312b28c     kernel32:KERNEL32.dll
 0004:00000290       __imp__SetUnhandledExceptionFilter@4 1312b290     kernel32:KERNEL32.dll
 0004:00000294       __imp__GetModuleFileNameA@12 1312b294     kernel32:KERNEL32.dll
 0004:00000298       __imp__TerminateProcess@8  1312b298     kernel32:KERNEL32.dll
 0004:0000029c       __imp__GetCurrentProcess@0 1312b29c     kernel32:KERNEL32.dll
 0004:000002a0       __imp__WriteFile@20        1312b2a0     kernel32:KERNEL32.dll
 0004:000002a4       __imp__TlsGetValue@4       1312b2a4     kernel32:KERNEL32.dll
 0004:000002a8       __imp__TlsAlloc@0          1312b2a8     kernel32:KERNEL32.dll
 0004:000002ac       __imp__TlsSetValue@8       1312b2ac     kernel32:KERNEL32.dll
 0004:000002b0       __imp__TlsFree@4           1312b2b0     kernel32:KERNEL32.dll
 0004:000002b4       __imp__SetLastError@4      1312b2b4     kernel32:KERNEL32.dll
 0004:000002b8       __imp__GetCurrentThread@0  1312b2b8     kernel32:KERNEL32.dll
 0004:000002bc       __imp__SetHandleCount@4    1312b2bc     kernel32:KERNEL32.dll
 0004:000002c0       __imp__GetStartupInfoA@4   1312b2c0     kernel32:KERNEL32.dll
 0004:000002c4       __imp__FreeEnvironmentStringsA@4 1312b2c4     kernel32:KERNEL32.dll
 0004:000002c8       __imp__GetEnvironmentStrings@0 1312b2c8     kernel32:KERNEL32.dll
 0004:000002cc       __imp__FreeEnvironmentStringsW@4 1312b2cc     kernel32:KERNEL32.dll
 0004:000002d0       __imp__GetEnvironmentStringsW@0 1312b2d0     kernel32:KERNEL32.dll
 0004:000002d4       __imp__HeapDestroy@4       1312b2d4     kernel32:KERNEL32.dll
 0004:000002d8       __imp__HeapCreate@12       1312b2d8     kernel32:KERNEL32.dll
 0004:000002dc       __imp__VirtualFree@12      1312b2dc     kernel32:KERNEL32.dll
 0004:000002e0       __imp__QueryPerformanceCounter@4 1312b2e0     kernel32:KERNEL32.dll
 0004:000002e4       __imp__GetTickCount@0      1312b2e4     kernel32:KERNEL32.dll
 0004:000002e8       __imp__GetCurrentProcessId@0 1312b2e8     kernel32:KERNEL32.dll
 0004:000002ec       __imp__GetSystemTimeAsFileTime@4 1312b2ec     kernel32:KERNEL32.dll
 0004:000002f0       __imp__VirtualQuery@12     1312b2f0     kernel32:KERNEL32.dll
 0004:000002f4       __imp__FreeLibrary@4       1312b2f4     kernel32:KERNEL32.dll
 0004:000002f8       __imp__InitializeCriticalSection@4 1312b2f8     kernel32:KERNEL32.dll
 0004:000002fc       __imp__HeapReAlloc@16      1312b2fc     kernel32:KERNEL32.dll
 0004:00000300       __imp__VirtualAlloc@16     1312b300     kernel32:KERNEL32.dll
 0004:00000304       __imp__GetACP@0            1312b304     kernel32:KERNEL32.dll
 0004:00000308       __imp__GetOEMCP@0          1312b308     kernel32:KERNEL32.dll
 0004:0000030c       __imp__GetCPInfo@8         1312b30c     kernel32:KERNEL32.dll
 0004:00000310       __imp__IsValidCodePage@4   1312b310     kernel32:KERNEL32.dll
 0004:00000314       __imp__OutputDebugStringA@4 1312b314     kernel32:KERNEL32.dll
 0004:00000318       __imp__OutputDebugStringW@4 1312b318     kernel32:KERNEL32.dll
 0004:0000031c       __imp__RtlUnwind@16        1312b31c     kernel32:KERNEL32.dll
 0004:00000320       __imp__InterlockedExchange@8 1312b320     kernel32:KERNEL32.dll
 0004:00000324       __imp__FlushFileBuffers@4  1312b324     kernel32:KERNEL32.dll
 0004:00000328       __imp__GetConsoleCP@0      1312b328     kernel32:KERNEL32.dll
 0004:0000032c       __imp__GetConsoleMode@8    1312b32c     kernel32:KERNEL32.dll
 0004:00000330       __imp__GetLocaleInfoA@16   1312b330     kernel32:KERNEL32.dll
 0004:00000334       __imp__GetLocaleInfoW@16   1312b334     kernel32:KERNEL32.dll
 0004:00000338       __imp__SetFilePointer@16   1312b338     kernel32:KERNEL32.dll
 0004:0000033c       __imp__LCMapStringA@24     1312b33c     kernel32:KERNEL32.dll
 0004:00000340       __imp__LCMapStringW@24     1312b340     kernel32:KERNEL32.dll
 0004:00000344       __imp__GetStringTypeA@20   1312b344     kernel32:KERNEL32.dll
 0004:00000348       __imp__GetStringTypeW@16   1312b348     kernel32:KERNEL32.dll
 0004:0000034c       __imp__GetTimeFormatA@24   1312b34c     kernel32:KERNEL32.dll
 0004:00000350       __imp__GetDateFormatA@24   1312b350     kernel32:KERNEL32.dll
 0004:00000354       __imp__IsValidLocale@8     1312b354     kernel32:KERNEL32.dll
 0004:00000358       __imp__EnumSystemLocalesA@8 1312b358     kernel32:KERNEL32.dll
 0004:0000035c       __imp__GetUserDefaultLCID@0 1312b35c     kernel32:KERNEL32.dll
 0004:00000360       __imp__SetStdHandle@8      1312b360     kernel32:KERNEL32.dll
 0004:00000364       __imp__WriteConsoleA@20    1312b364     kernel32:KERNEL32.dll
 0004:00000368       __imp__GetConsoleOutputCP@0 1312b368     kernel32:KERNEL32.dll
 0004:0000036c       __imp__GetTimeZoneInformation@4 1312b36c     kernel32:KERNEL32.dll
 0004:00000370       __imp__CreateFileA@28      1312b370     kernel32:KERNEL32.dll
 0004:00000374       __imp__CloseHandle@4       1312b374     kernel32:KERNEL32.dll
 0004:00000378       __imp__CompareStringA@24   1312b378     kernel32:KERNEL32.dll
 0004:0000037c       __imp__CompareStringW@24   1312b37c     kernel32:KERNEL32.dll
 0004:00000380       __imp__SetEnvironmentVariableA@8 1312b380     kernel32:KERNEL32.dll
 0004:00000384       \177KERNEL32_NULL_THUNK_DATA 1312b384     kernel32:KERNEL32.dll

 entry point at        0001:00003f70

